2026-09-23T07:00:52+0900/hunyuan-rig/start 입력=/home/cbsim/ws/slime-workflow/.tmp/mannequin-reproduction/2026-09-23_07-00-52/inputs/accepted-mannequin.blend, /home/cbsim/ws/slime-workflow/.tmp/mannequin-reproduction/2026-09-23_07-00-52/inputs/mannequin-motion.npz 출력=/home/cbsim/ws/slime-workflow/.tmp/mannequin-reproduction/2026-09-23_07-00-52
2026-09-23T07:00:52+0900/hunyuan-rig/surface-partition head-shell-part
2026-09-23T07:00:52+0900/hunyuan-rig/preserved-surface head-shell-part: 5403
2026-09-23T07:00:52+0900/hunyuan-rig/surface-partition neck-shell-part
2026-09-23T07:00:52+0900/hunyuan-rig/preserved-surface neck-shell-part: 392
2026-09-23T07:00:52+0900/hunyuan-rig/surface-partition chest-shell-part
2026-09-23T07:00:52+0900/hunyuan-rig/preserved-surface chest-shell-part: 3081
2026-09-23T07:00:52+0900/hunyuan-rig/surface-partition abdomen-shell-part
2026-09-23T07:00:52+0900/hunyuan-rig/preserved-surface abdomen-shell-part: 1590
2026-09-23T07:00:52+0900/hunyuan-rig/surface-partition pelvis-shell-part
2026-09-23T07:00:52+0900/hunyuan-rig/preserved-surface pelvis-shell-part: 2768
2026-09-23T07:00:53+0900/hunyuan-rig/surface-partition left-upper-arm-shell
2026-09-23T07:00:53+0900/hunyuan-rig/preserved-surface left-upper-arm-shell: 1144
2026-09-23T07:00:53+0900/hunyuan-rig/surface-partition left-forearm-shell
2026-09-23T07:00:53+0900/hunyuan-rig/preserved-surface left-forearm-shell: 1295
2026-09-23T07:00:53+0900/hunyuan-rig/surface-partition left-hand-shell
2026-09-23T07:00:53+0900/hunyuan-rig/preserved-surface left-hand-shell: 1272
2026-09-23T07:00:53+0900/hunyuan-rig/surface-partition left-thigh-shell
2026-09-23T07:00:53+0900/hunyuan-rig/preserved-surface left-thigh-shell: 2600
2026-09-23T07:00:53+0900/hunyuan-rig/surface-partition left-shin-shell
2026-09-23T07:00:53+0900/hunyuan-rig/preserved-surface left-shin-shell: 1561
2026-09-23T07:00:53+0900/hunyuan-rig/surface-partition left-foot-shell
2026-09-23T07:00:53+0900/hunyuan-rig/preserved-surface left-foot-shell: 1846
2026-09-23T07:00:53+0900/hunyuan-rig/surface-partition right-upper-arm-shell
2026-09-23T07:00:53+0900/hunyuan-rig/preserved-surface right-upper-arm-shell: 1157
2026-09-23T07:00:53+0900/hunyuan-rig/surface-partition right-forearm-shell
2026-09-23T07:00:53+0900/hunyuan-rig/preserved-surface right-forearm-shell: 1304
2026-09-23T07:00:53+0900/hunyuan-rig/surface-partition right-hand-shell
2026-09-23T07:00:53+0900/hunyuan-rig/preserved-surface right-hand-shell: 1260
2026-09-23T07:00:53+0900/hunyuan-rig/surface-partition right-thigh-shell
2026-09-23T07:00:54+0900/hunyuan-rig/preserved-surface right-thigh-shell: 2618
2026-09-23T07:00:54+0900/hunyuan-rig/surface-partition right-shin-shell
2026-09-23T07:00:54+0900/hunyuan-rig/preserved-surface right-shin-shell: 1588
2026-09-23T07:00:54+0900/hunyuan-rig/surface-partition right-foot-shell
2026-09-23T07:00:54+0900/hunyuan-rig/preserved-surface right-foot-shell: 1825
2026-09-23T07:00:54+0900/hunyuan-rig/weights 구체는 단일 본, 외곽 연결부는 최대 두 본 혼합
2026-09-23T07:00:54+0900/hunyuan-rig/retarget-calibration {'joint-03': -13.383407631329897, 'joint-06': 21.32680780392674, 'joint-09': 34.31701910947553, 'joint-12': -47.75663822168655, 'joint-15': 5.472132353100661}
2026-09-23T07:00:55+0900/hunyuan-rig/rigid-socket-lock 고관절·쇄골 보조 본 고정 및 보행 골반 회전 적용
Info: Saved as "rigged-mannequin.blend"
INFO Draco mesh compression is available, use library at /home/cbsim/ws/slime-workflow/.local/blender-runtime/lib/python3.11/site-packages/bpy/4.5/scripts/addons_core/io_scene_gltf2/libextern_draco.so
07:00:55 | INFO: Starting glTF 2.0 export
07:00:55 | INFO: Extracting primitive: abdomen-shell-part-mesh
07:00:55 | INFO: Primitives created: 1
07:00:55 | INFO: Extracting primitive: chest-shell-part-mesh
07:00:55 | INFO: Primitives created: 1
07:00:55 | INFO: Extracting primitive: Sphere
07:00:55 | INFO: Primitives created: 1
07:00:55 | INFO: Extracting primitive: head-shell-part-mesh
07:00:55 | INFO: Primitives created: 1
07:00:55 | INFO: Extracting primitive: Sphere.006
07:00:55 | INFO: Primitives created: 1
07:00:55 | INFO: Extracting primitive: Sphere.002
07:00:55 | INFO: Primitives created: 1
07:00:55 | INFO: Extracting primitive: left-foot-shell-mesh
07:00:55 | INFO: Primitives created: 1
07:00:55 | INFO: Extracting primitive: left-forearm-shell-mesh
07:00:55 | INFO: Primitives created: 1
07:00:55 | INFO: Extracting primitive: left-hand-shell-mesh
07:00:55 | INFO: Primitives created: 1
07:00:55 | INFO: Extracting primitive: Sphere.004
07:00:55 | INFO: Primitives created: 1
07:00:55 | INFO: Extracting primitive: Sphere.005
07:00:55 | INFO: Primitives created: 1
07:00:55 | INFO: Extracting primitive: left-shin-shell-mesh
07:00:55 | INFO: Primitives created: 1
07:00:55 | INFO: Extracting primitive: Sphere.001
07:00:55 | INFO: Primitives created: 1
07:00:55 | INFO: Extracting primitive: left-thigh-shell-mesh
07:00:55 | INFO: Primitives created: 1
07:00:55 | INFO: Extracting primitive: left-upper-arm-shell-mesh
07:00:55 | INFO: Primitives created: 1
07:00:55 | INFO: Extracting primitive: Sphere.003
07:00:55 | INFO: Primitives created: 1
07:00:55 | INFO: Extracting primitive: neck-shell-part-mesh
07:00:55 | INFO: Primitives created: 1
07:00:55 | INFO: Extracting primitive: pelvis-shell-part-mesh
07:00:55 | INFO: Primitives created: 1
07:00:55 | INFO: Extracting primitive: Sphere.012
07:00:55 | INFO: Primitives created: 1
07:00:55 | INFO: Extracting primitive: Sphere.008
07:00:55 | INFO: Primitives created: 1
07:00:55 | INFO: Extracting primitive: right-foot-shell-mesh
07:00:55 | INFO: Primitives created: 1
07:00:55 | INFO: Extracting primitive: right-forearm-shell-mesh
07:00:55 | INFO: Primitives created: 1
07:00:55 | INFO: Extracting primitive: right-hand-shell-mesh
07:00:55 | INFO: Primitives created: 1
07:00:55 | INFO: Extracting primitive: Sphere.010
07:00:55 | INFO: Primitives created: 1
07:00:55 | INFO: Extracting primitive: Sphere.011
07:00:55 | INFO: Primitives created: 1
07:00:55 | INFO: Extracting primitive: right-shin-shell-mesh
07:00:55 | INFO: Primitives created: 1
07:00:55 | INFO: Extracting primitive: Sphere.007
07:00:55 | INFO: Primitives created: 1
07:00:55 | INFO: Extracting primitive: right-thigh-shell-mesh
07:00:55 | INFO: Primitives created: 1
07:00:55 | INFO: Extracting primitive: right-upper-arm-shell-mesh
07:00:55 | INFO: Primitives created: 1
07:00:55 | INFO: Extracting primitive: Sphere.009
07:00:55 | INFO: Primitives created: 1
07:00:55 | INFO: Finished glTF 2.0 export in 0.2294614315032959 s

2026-09-23T07:00:55+0900/hunyuan-rig/render-skipped 사본 재현은 형상·리그·GLB 수치 검증이며 렌더는 별도 보관본 참조
2026-09-23T07:00:55+0900/hunyuan-rig/complete {'status': 'rigged_ball_joint_candidate', 'source_mesh_sha256': 'c7d203381d12221945b9d6a7483ab2ef10dc6216295232e8827c77f6a0be8310', 'source_motion_id': 'mannequin-walk/v1', 'source_motion_sha256': '5ab353ed313a2395c00389f2f94ed3dff9a5d2187dd3f3f4d0f08862ad1866d6', 'bones': 24, 'parts': [{'name': 'head-shell-part', 'bone': 'joint-15', 'kind': 'shell', 'triangles': 10964}, {'name': 'neck-shell-part', 'bone': 'joint-12', 'kind': 'shell', 'triangles': 1184}, {'name': 'chest-shell-part', 'bone': 'joint-09', 'kind': 'shell', 'triangles': 7248}, {'name': 'abdomen-shell-part', 'bone': 'joint-06', 'kind': 'shell', 'triangles': 3732}, {'name': 'pelvis-shell-part', 'bone': 'body-root-control', 'kind': 'shell', 'triangles': 6308}, {'name': 'head-pivot-ball', 'bone': 'joint-15', 'kind': 'ball', 'triangles': 720}, {'name': 'left-upper-arm-shell', 'bone': 'joint-18', 'kind': 'shell', 'triangles': 2704}, {'name': 'left-forearm-shell', 'bone': 'joint-20', 'kind': 'shell', 'triangles': 3020}, {'name': 'left-hand-shell', 'bone': 'hand-20-deform', 'kind': 'shell', 'triangles': 2736}, {'name': 'left-thigh-shell', 'bone': 'joint-04', 'kind': 'shell', 'triangles': 5684}, {'name': 'left-shin-shell', 'bone': 'joint-07', 'kind': 'shell', 'triangles': 3460}, {'name': 'left-foot-shell', 'bone': 'joint-10', 'kind': 'shell', 'triangles': 3828}, {'name': 'left-shoulder-ball', 'bone': 'joint-18', 'kind': 'ball', 'triangles': 720}, {'name': 'left-elbow-ball', 'bone': 'joint-20', 'kind': 'ball', 'triangles': 720}, {'name': 'left-wrist-ball', 'bone': 'hand-20-deform', 'kind': 'ball', 'triangles': 720}, {'name': 'left-hip-ball', 'bone': 'joint-04', 'kind': 'ball', 'triangles': 720}, {'name': 'left-knee-ball', 'bone': 'joint-07', 'kind': 'ball', 'triangles': 720}, {'name': 'left-ankle-ball', 'bone': 'joint-10', 'kind': 'ball', 'triangles': 720}, {'name': 'right-upper-arm-shell', 'bone': 'joint-19', 'kind': 'shell', 'triangles': 2728}, {'name': 'right-forearm-shell', 'bone': 'joint-21', 'kind': 'shell', 'triangles': 3028}, {'name': 'right-hand-shell', 'bone': 'hand-21-deform', 'kind': 'shell', 'triangles': 2712}, {'name': 'right-thigh-shell', 'bone': 'joint-05', 'kind': 'shell', 'triangles': 5724}, {'name': 'right-shin-shell', 'bone': 'joint-08', 'kind': 'shell', 'triangles': 3528}, {'name': 'right-foot-shell', 'bone': 'joint-11', 'kind': 'shell', 'triangles': 3796}, {'name': 'right-shoulder-ball', 'bone': 'joint-19', 'kind': 'ball', 'triangles': 720}, {'name': 'right-elbow-ball', 'bone': 'joint-21', 'kind': 'ball', 'triangles': 720}, {'name': 'right-wrist-ball', 'bone': 'hand-21-deform', 'kind': 'ball', 'triangles': 720}, {'name': 'right-hip-ball', 'bone': 'joint-05', 'kind': 'ball', 'triangles': 720}, {'name': 'right-knee-ball', 'bone': 'joint-08', 'kind': 'ball', 'triangles': 720}, {'name': 'right-ankle-ball', 'bone': 'joint-11', 'kind': 'ball', 'triangles': 720}], 'weight_method': '내부 구체 강체 고정 + 외곽 연결부 최대 두 본 혼합', 'unweighted_vertices': 0, 'fps': 20, 'cycle_seconds': 1.2, 'ground_offsets': [-0.024669693782925606, -0.02158254198729992, -0.02381104603409767, -0.03219566121697426, -0.04390759393572807, -0.06553639471530914, -0.06967870891094208, -0.06729169189929962, -0.06391546875238419, -0.06386199593544006, -0.050963204354047775, -0.035547345876693726, -0.023149199783802032, -0.01885116845369339, -0.023060718551278114, -0.010730074718594551, -0.02683456987142563, -0.029597869142889977, -0.04277795925736427, -0.0419960618019104, -0.03767009824514389, -0.05626875162124634, -0.04881254956126213, -0.03290306031703949, -0.024669693782925606], 'render_sample_frames': [1, 4, 7, 10, 13, 16, 19, 22], 'quality_warnings': ['디지털 모션 검수용이며 실물 조립용 공차·내부 고정 구조 미설계', '손가락 개별 리그 없음', '극단 각도에서 셸 간 충돌은 추가 검수 필요']}
