2026-09-23T12:32:57.961173/anny-build/heartbeat 리그 구성·GPU 렌더 진행
INFO Draco mesh compression is available, use library at /home/cbsim/ws/slime-workflow/.local/blender-runtime/lib/python3.11/site-packages/bpy/4.5/scripts/addons_core/io_scene_gltf2/libextern_draco.so
12:32:58 | INFO: Starting glTF 2.0 export
12:32:58 | INFO: Extracting primitive: AnnyBodySurface
12:32:58 | INFO: Primitives created: 1
12:32:58 | INFO: Finished glTF 2.0 export in 0.09999680519104004 s
Fra:1 Mem:16.42M (Peak 16.42M) | Time:00:00.08 | Mem:0.00M, Peak:0.00M | Scene, ViewLayer | Synchronizing object | Plane
Fra:1 Mem:16.42M (Peak 16.42M) | Time:00:00.08 | Mem:0.00M, Peak:0.00M | Scene, ViewLayer | Synchronizing object | AnnyAttributesBody
Fra:1 Mem:16.42M (Peak 16.42M) | Time:00:00.08 | Mem:0.00M, Peak:0.00M | Scene, ViewLayer | Synchronizing object | Area.001
Fra:1 Mem:18.28M (Peak 18.28M) | Time:00:00.09 | Mem:0.00M, Peak:0.00M | Scene, ViewLayer | Initializing
Fra:1 Mem:16.40M (Peak 18.28M) | Time:00:00.09 | Mem:0.00M, Peak:0.00M | Scene, ViewLayer | Waiting for render to start
Fra:1 Mem:16.40M (Peak 18.28M) | Time:00:00.09 | Mem:0.00M, Peak:0.00M | Scene, ViewLayer | Updating Scene
Fra:1 Mem:16.40M (Peak 18.28M) | Time:00:00.09 | Mem:0.00M, Peak:0.00M | Scene, ViewLayer | Updating Shaders
Fra:1 Mem:16.40M (Peak 18.28M) | Time:00:00.09 | Mem:0.00M, Peak:0.00M | Scene, ViewLayer | Loading render kernels (may take a few minutes the first time)
Fra:1 Mem:16.48M (Peak 44.50M) | Time:00:00.15 | Mem:0.00M, Peak:0.00M | Scene, ViewLayer | Updating Procedurals
Fra:1 Mem:16.48M (Peak 44.50M) | Time:00:00.15 | Mem:0.00M, Peak:0.00M | Scene, ViewLayer | Updating Background
Fra:1 Mem:16.48M (Peak 44.50M) | Time:00:00.15 | Mem:0.00M, Peak:0.00M | Scene, ViewLayer | Updating Camera
Fra:1 Mem:16.48M (Peak 44.50M) | Time:00:00.15 | Mem:0.00M, Peak:0.00M | Scene, ViewLayer | Updating Meshes Flags
Fra:1 Mem:16.48M (Peak 44.50M) | Time:00:00.15 | Mem:0.00M, Peak:0.00M | Scene, ViewLayer | Updating Objects
Fra:1 Mem:16.48M (Peak 44.50M) | Time:00:00.15 | Mem:0.00M, Peak:0.00M | Scene, ViewLayer | Updating Objects | Copying Transformations to device
Fra:1 Mem:16.48M (Peak 44.50M) | Time:00:00.15 | Mem:0.00M, Peak:0.00M | Scene, ViewLayer | Updating Particle Systems
Fra:1 Mem:16.48M (Peak 44.50M) | Time:00:00.15 | Mem:0.00M, Peak:0.00M | Scene, ViewLayer | Updating Particle Systems | Copying Particles to device
Fra:1 Mem:16.48M (Peak 44.50M) | Time:00:00.15 | Mem:0.00M, Peak:0.00M | Scene, ViewLayer | Updating Meshes
Fra:1 Mem:16.48M (Peak 44.50M) | Time:00:00.15 | Mem:0.00M, Peak:0.00M | Scene, ViewLayer | Updating Objects | Applying Static Transformations
Fra:1 Mem:16.48M (Peak 44.50M) | Time:00:00.15 | Mem:0.00M, Peak:0.00M | Scene, ViewLayer | Updating Mesh | Computing attributes
Fra:1 Mem:16.64M (Peak 44.50M) | Time:00:00.15 | Mem:0.00M, Peak:0.00M | Scene, ViewLayer | Updating Mesh | Copying Attributes to device
Fra:1 Mem:16.64M (Peak 44.50M) | Time:00:00.15 | Mem:0.16M, Peak:0.16M | Scene, ViewLayer | Updating Scene BVH | Building
Fra:1 Mem:16.64M (Peak 44.50M) | Time:00:00.15 | Mem:0.16M, Peak:0.16M | Scene, ViewLayer | Updating Scene BVH | Building BVH
Fra:1 Mem:18.21M (Peak 44.50M) | Time:00:00.15 | Mem:0.16M, Peak:0.16M | Scene, ViewLayer | Updating Scene BVH | Packing BVH triangles and strands
Fra:1 Mem:18.31M (Peak 44.50M) | Time:00:00.15 | Mem:0.16M, Peak:0.16M | Scene, ViewLayer | Updating Scene BVH | Packing BVH nodes
Fra:1 Mem:18.33M (Peak 44.50M) | Time:00:00.15 | Mem:0.16M, Peak:0.16M | Scene, ViewLayer | Updating Scene BVH | Copying BVH to device
Fra:1 Mem:18.33M (Peak 44.50M) | Time:00:00.15 | Mem:1.00M, Peak:1.00M | Scene, ViewLayer | Updating Mesh | Computing normals
Fra:1 Mem:19.06M (Peak 44.50M) | Time:00:00.15 | Mem:1.00M, Peak:1.00M | Scene, ViewLayer | Updating Mesh | Copying Mesh to device
Fra:1 Mem:19.06M (Peak 44.50M) | Time:00:00.15 | Mem:1.74M, Peak:1.74M | Scene, ViewLayer | Updating Objects Flags
Fra:1 Mem:19.06M (Peak 44.50M) | Time:00:00.15 | Mem:1.74M, Peak:1.74M | Scene, ViewLayer | Updating Primitive Offsets
Fra:1 Mem:19.06M (Peak 44.50M) | Time:00:00.15 | Mem:1.74M, Peak:1.74M | Scene, ViewLayer | Updating Images
Fra:1 Mem:19.06M (Peak 44.50M) | Time:00:00.15 | Mem:1.74M, Peak:1.74M | Scene, ViewLayer | Updating Camera Volume
Fra:1 Mem:19.06M (Peak 44.50M) | Time:00:00.15 | Mem:1.74M, Peak:1.74M | Scene, ViewLayer | Updating Lookup Tables
Fra:1 Mem:19.06M (Peak 44.50M) | Time:00:00.15 | Mem:1.82M, Peak:1.82M | Scene, ViewLayer | Updating Lights
Fra:1 Mem:19.06M (Peak 44.50M) | Time:00:00.15 | Mem:1.82M, Peak:1.82M | Scene, ViewLayer | Updating Lights | Computing tree
Fra:1 Mem:19.06M (Peak 44.50M) | Time:00:00.15 | Mem:1.82M, Peak:1.82M | Scene, ViewLayer | Updating Integrator
Fra:1 Mem:19.06M (Peak 44.50M) | Time:00:00.15 | Mem:1.82M, Peak:1.82M | Scene, ViewLayer | Updating Film
Fra:1 Mem:19.07M (Peak 44.50M) | Time:00:00.15 | Mem:1.74M, Peak:1.82M | Scene, ViewLayer | Updating Lookup Tables
Fra:1 Mem:19.07M (Peak 44.50M) | Time:00:00.15 | Mem:1.82M, Peak:1.82M | Scene, ViewLayer | Updating Baking
Fra:1 Mem:19.07M (Peak 44.50M) | Time:00:00.15 | Mem:1.82M, Peak:1.82M | Scene, ViewLayer | Updating Device | Writing constant memory
Fra:1 Mem:19.07M (Peak 44.50M) | Time:00:00.15 | Mem:1.82M, Peak:1.82M | Scene, ViewLayer | Loading denoising kernels (may take a few minutes the first time)
Fra:1 Mem:23.07M (Peak 44.50M) | Time:00:00.15 | Mem:353.82M, Peak:353.82M | Scene, ViewLayer | Sample 0/24
Fra:1 Mem:65.86M (Peak 65.86M) | Time:00:00.16 | Remaining:00:00.11 | Mem:396.62M, Peak:396.62M | Scene, ViewLayer | Sample 1/24
Fra:1 Mem:83.89M (Peak 110.92M) | Time:00:01.58 | Mem:396.62M, Peak:396.62M | Scene, ViewLayer | Sample 24/24
Fra:1 Mem:83.89M (Peak 110.92M) | Time:00:01.58 | Mem:396.62M, Peak:396.62M | Scene, ViewLayer | Finished
Saved: '/home/cbsim/ws/slime-workflow/.tmp/anny-report-replay/2026-09-23_12-32-55/front.png'
Time: 00:01.73 (Saving: 00:00.06)

Fra:1 Mem:16.42M (Peak 16.42M) | Time:00:00.07 | Mem:0.00M, Peak:0.00M | Scene, ViewLayer | Synchronizing object | AnnyAttributesBody
Fra:1 Mem:16.42M (Peak 16.42M) | Time:00:00.07 | Mem:0.00M, Peak:0.00M | Scene, ViewLayer | Synchronizing object | Plane
Fra:1 Mem:16.43M (Peak 16.43M) | Time:00:00.07 | Mem:0.00M, Peak:0.00M | Scene, ViewLayer | Synchronizing object | Area.001
Fra:1 Mem:16.73M (Peak 16.73M) | Time:00:00.07 | Mem:0.00M, Peak:0.00M | Scene, ViewLayer | Synchronizing object | Area.002
Fra:1 Mem:18.28M (Peak 18.28M) | Time:00:00.07 | Mem:0.00M, Peak:0.00M | Scene, ViewLayer | Initializing
Fra:1 Mem:16.40M (Peak 18.28M) | Time:00:00.08 | Mem:0.00M, Peak:0.00M | Scene, ViewLayer | Waiting for render to start
Fra:1 Mem:16.40M (Peak 18.28M) | Time:00:00.08 | Mem:0.00M, Peak:0.00M | Scene, ViewLayer | Updating Scene
Fra:1 Mem:16.40M (Peak 18.28M) | Time:00:00.08 | Mem:0.00M, Peak:0.00M | Scene, ViewLayer | Updating Shaders
Fra:1 Mem:16.40M (Peak 18.28M) | Time:00:00.08 | Mem:0.00M, Peak:0.00M | Scene, ViewLayer | Loading render kernels (may take a few minutes the first time)
Fra:1 Mem:16.48M (Peak 44.50M) | Time:00:00.12 | Mem:0.00M, Peak:0.00M | Scene, ViewLayer | Updating Procedurals
Fra:1 Mem:16.48M (Peak 44.50M) | Time:00:00.12 | Mem:0.00M, Peak:0.00M | Scene, ViewLayer | Updating Background
Fra:1 Mem:16.48M (Peak 44.50M) | Time:00:00.12 | Mem:0.00M, Peak:0.00M | Scene, ViewLayer | Updating Camera
Fra:1 Mem:16.48M (Peak 44.50M) | Time:00:00.12 | Mem:0.00M, Peak:0.00M | Scene, ViewLayer | Updating Meshes Flags
Fra:1 Mem:16.48M (Peak 44.50M) | Time:00:00.12 | Mem:0.00M, Peak:0.00M | Scene, ViewLayer | Updating Objects
Fra:1 Mem:16.48M (Peak 44.50M) | Time:00:00.12 | Mem:0.00M, Peak:0.00M | Scene, ViewLayer | Updating Objects | Copying Transformations to device
Fra:1 Mem:16.48M (Peak 44.50M) | Time:00:00.12 | Mem:0.00M, Peak:0.00M | Scene, ViewLayer | Updating Particle Systems
Fra:1 Mem:16.48M (Peak 44.50M) | Time:00:00.12 | Mem:0.00M, Peak:0.00M | Scene, ViewLayer | Updating Particle Systems | Copying Particles to device
Fra:1 Mem:16.48M (Peak 44.50M) | Time:00:00.12 | Mem:0.00M, Peak:0.00M | Scene, ViewLayer | Updating Meshes
Fra:1 Mem:16.48M (Peak 44.50M) | Time:00:00.12 | Mem:0.00M, Peak:0.00M | Scene, ViewLayer | Updating Objects | Applying Static Transformations
Fra:1 Mem:16.48M (Peak 44.50M) | Time:00:00.12 | Mem:0.00M, Peak:0.00M | Scene, ViewLayer | Updating Mesh | Computing attributes
Fra:1 Mem:16.64M (Peak 44.50M) | Time:00:00.12 | Mem:0.00M, Peak:0.00M | Scene, ViewLayer | Updating Mesh | Copying Attributes to device
Fra:1 Mem:16.64M (Peak 44.50M) | Time:00:00.12 | Mem:0.16M, Peak:0.16M | Scene, ViewLayer | Updating Scene BVH | Building
Fra:1 Mem:16.64M (Peak 44.50M) | Time:00:00.12 | Mem:0.16M, Peak:0.16M | Scene, ViewLayer | Updating Scene BVH | Building BVH
Fra:1 Mem:18.21M (Peak 44.50M) | Time:00:00.13 | Mem:0.16M, Peak:0.16M | Scene, ViewLayer | Updating Scene BVH | Packing BVH triangles and strands
Fra:1 Mem:18.31M (Peak 44.50M) | Time:00:00.13 | Mem:0.16M, Peak:0.16M | Scene, ViewLayer | Updating Scene BVH | Packing BVH nodes
Fra:1 Mem:18.33M (Peak 44.50M) | Time:00:00.13 | Mem:0.16M, Peak:0.16M | Scene, ViewLayer | Updating Scene BVH | Copying BVH to device
Fra:1 Mem:18.33M (Peak 44.50M) | Time:00:00.13 | Mem:1.00M, Peak:1.00M | Scene, ViewLayer | Updating Mesh | Computing normals
Fra:1 Mem:19.06M (Peak 44.50M) | Time:00:00.13 | Mem:1.00M, Peak:1.00M | Scene, ViewLayer | Updating Mesh | Copying Mesh to device
Fra:1 Mem:19.06M (Peak 44.50M) | Time:00:00.13 | Mem:1.74M, Peak:1.74M | Scene, ViewLayer | Updating Objects Flags
Fra:1 Mem:19.06M (Peak 44.50M) | Time:00:00.13 | Mem:1.74M, Peak:1.74M | Scene, ViewLayer | Updating Primitive Offsets
Fra:1 Mem:19.06M (Peak 44.50M) | Time:00:00.13 | Mem:1.74M, Peak:1.74M | Scene, ViewLayer | Updating Images
Fra:1 Mem:19.06M (Peak 44.50M) | Time:00:00.13 | Mem:1.74M, Peak:1.74M | Scene, ViewLayer | Updating Camera Volume
Fra:1 Mem:19.06M (Peak 44.50M) | Time:00:00.13 | Mem:1.74M, Peak:1.74M | Scene, ViewLayer | Updating Lookup Tables
Fra:1 Mem:19.06M (Peak 44.50M) | Time:00:00.13 | Mem:1.82M, Peak:1.82M | Scene, ViewLayer | Updating Lights
Fra:1 Mem:19.06M (Peak 44.50M) | Time:00:00.13 | Mem:1.82M, Peak:1.82M | Scene, ViewLayer | Updating Lights | Computing tree
Fra:1 Mem:19.06M (Peak 44.50M) | Time:00:00.13 | Mem:1.82M, Peak:1.82M | Scene, ViewLayer | Updating Integrator
Fra:1 Mem:19.06M (Peak 44.50M) | Time:00:00.13 | Mem:1.82M, Peak:1.82M | Scene, ViewLayer | Updating Film
Fra:1 Mem:19.07M (Peak 44.50M) | Time:00:00.13 | Mem:1.74M, Peak:1.82M | Scene, ViewLayer | Updating Lookup Tables
Fra:1 Mem:19.07M (Peak 44.50M) | Time:00:00.13 | Mem:1.82M, Peak:1.82M | Scene, ViewLayer | Updating Baking
Fra:1 Mem:19.07M (Peak 44.50M) | Time:00:00.13 | Mem:1.82M, Peak:1.82M | Scene, ViewLayer | Updating Device | Writing constant memory
Fra:1 Mem:19.07M (Peak 44.50M) | Time:00:00.13 | Mem:1.82M, Peak:1.82M | Scene, ViewLayer | Loading denoising kernels (may take a few minutes the first time)
Fra:1 Mem:23.07M (Peak 44.50M) | Time:00:00.13 | Mem:353.82M, Peak:353.82M | Scene, ViewLayer | Sample 0/24
Fra:1 Mem:65.86M (Peak 65.86M) | Time:00:00.14 | Remaining:00:00.09 | Mem:396.62M, Peak:396.62M | Scene, ViewLayer | Sample 1/24
Fra:1 Mem:83.89M (Peak 110.92M) | Time:00:01.51 | Mem:396.62M, Peak:396.62M | Scene, ViewLayer | Sample 24/24
Fra:1 Mem:83.89M (Peak 110.92M) | Time:00:01.51 | Mem:396.62M, Peak:396.62M | Scene, ViewLayer | Finished
Saved: '/home/cbsim/ws/slime-workflow/.tmp/anny-report-replay/2026-09-23_12-32-55/side.png'
Time: 00:01.64 (Saving: 00:00.03)

Fra:1 Mem:16.42M (Peak 16.42M) | Time:00:00.07 | Mem:0.00M, Peak:0.00M | Scene, ViewLayer | Synchronizing object | AnnyAttributesBody
Fra:1 Mem:16.42M (Peak 16.42M) | Time:00:00.07 | Mem:0.00M, Peak:0.00M | Scene, ViewLayer | Synchronizing object | Plane
Fra:1 Mem:18.28M (Peak 18.28M) | Time:00:00.08 | Mem:0.00M, Peak:0.00M | Scene, ViewLayer | Initializing
Fra:1 Mem:16.40M (Peak 18.28M) | Time:00:00.08 | Mem:0.00M, Peak:0.00M | Scene, ViewLayer | Waiting for render to start
Fra:1 Mem:16.40M (Peak 18.28M) | Time:00:00.08 | Mem:0.00M, Peak:0.00M | Scene, ViewLayer | Updating Scene
Fra:1 Mem:16.40M (Peak 18.28M) | Time:00:00.08 | Mem:0.00M, Peak:0.00M | Scene, ViewLayer | Updating Shaders
Fra:1 Mem:16.40M (Peak 18.28M) | Time:00:00.08 | Mem:0.00M, Peak:0.00M | Scene, ViewLayer | Loading render kernels (may take a few minutes the first time)
Fra:1 Mem:16.48M (Peak 44.50M) | Time:00:00.12 | Mem:0.00M, Peak:0.00M | Scene, ViewLayer | Updating Procedurals
Fra:1 Mem:16.48M (Peak 44.50M) | Time:00:00.12 | Mem:0.00M, Peak:0.00M | Scene, ViewLayer | Updating Background
Fra:1 Mem:16.48M (Peak 44.50M) | Time:00:00.12 | Mem:0.00M, Peak:0.00M | Scene, ViewLayer | Updating Camera
Fra:1 Mem:16.48M (Peak 44.50M) | Time:00:00.12 | Mem:0.00M, Peak:0.00M | Scene, ViewLayer | Updating Meshes Flags
Fra:1 Mem:16.48M (Peak 44.50M) | Time:00:00.12 | Mem:0.00M, Peak:0.00M | Scene, ViewLayer | Updating Objects
Fra:1 Mem:16.48M (Peak 44.50M) | Time:00:00.12 | Mem:0.00M, Peak:0.00M | Scene, ViewLayer | Updating Objects | Copying Transformations to device
Fra:1 Mem:16.48M (Peak 44.50M) | Time:00:00.12 | Mem:0.00M, Peak:0.00M | Scene, ViewLayer | Updating Particle Systems
Fra:1 Mem:16.48M (Peak 44.50M) | Time:00:00.12 | Mem:0.00M, Peak:0.00M | Scene, ViewLayer | Updating Particle Systems | Copying Particles to device
Fra:1 Mem:16.48M (Peak 44.50M) | Time:00:00.12 | Mem:0.00M, Peak:0.00M | Scene, ViewLayer | Updating Meshes
Fra:1 Mem:16.48M (Peak 44.50M) | Time:00:00.12 | Mem:0.00M, Peak:0.00M | Scene, ViewLayer | Updating Objects | Applying Static Transformations
Fra:1 Mem:16.48M (Peak 44.50M) | Time:00:00.12 | Mem:0.00M, Peak:0.00M | Scene, ViewLayer | Updating Mesh | Computing attributes
Fra:1 Mem:16.64M (Peak 44.50M) | Time:00:00.12 | Mem:0.00M, Peak:0.00M | Scene, ViewLayer | Updating Mesh | Copying Attributes to device
Fra:1 Mem:16.64M (Peak 44.50M) | Time:00:00.12 | Mem:0.16M, Peak:0.16M | Scene, ViewLayer | Updating Scene BVH | Building
Fra:1 Mem:16.64M (Peak 44.50M) | Time:00:00.12 | Mem:0.16M, Peak:0.16M | Scene, ViewLayer | Updating Scene BVH | Building BVH
Fra:1 Mem:18.21M (Peak 44.50M) | Time:00:00.12 | Mem:0.16M, Peak:0.16M | Scene, ViewLayer | Updating Scene BVH | Packing BVH triangles and strands
Fra:1 Mem:18.31M (Peak 44.50M) | Time:00:00.12 | Mem:0.16M, Peak:0.16M | Scene, ViewLayer | Updating Scene BVH | Packing BVH nodes
Fra:1 Mem:18.33M (Peak 44.50M) | Time:00:00.12 | Mem:0.16M, Peak:0.16M | Scene, ViewLayer | Updating Scene BVH | Copying BVH to device
Fra:1 Mem:18.33M (Peak 44.50M) | Time:00:00.12 | Mem:1.00M, Peak:1.00M | Scene, ViewLayer | Updating Mesh | Computing normals
Fra:1 Mem:19.06M (Peak 44.50M) | Time:00:00.12 | Mem:1.00M, Peak:1.00M | Scene, ViewLayer | Updating Mesh | Copying Mesh to device
Fra:1 Mem:19.06M (Peak 44.50M) | Time:00:00.12 | Mem:1.74M, Peak:1.74M | Scene, ViewLayer | Updating Objects Flags
Fra:1 Mem:19.06M (Peak 44.50M) | Time:00:00.12 | Mem:1.74M, Peak:1.74M | Scene, ViewLayer | Updating Primitive Offsets
Fra:1 Mem:19.06M (Peak 44.50M) | Time:00:00.12 | Mem:1.74M, Peak:1.74M | Scene, ViewLayer | Updating Images
Fra:1 Mem:19.06M (Peak 44.50M) | Time:00:00.12 | Mem:1.74M, Peak:1.74M | Scene, ViewLayer | Updating Camera Volume
Fra:1 Mem:19.06M (Peak 44.50M) | Time:00:00.12 | Mem:1.74M, Peak:1.74M | Scene, ViewLayer | Updating Lookup Tables
Fra:1 Mem:19.06M (Peak 44.50M) | Time:00:00.12 | Mem:1.82M, Peak:1.82M | Scene, ViewLayer | Updating Lights
Fra:1 Mem:19.06M (Peak 44.50M) | Time:00:00.12 | Mem:1.82M, Peak:1.82M | Scene, ViewLayer | Updating Lights | Computing tree
Fra:1 Mem:19.06M (Peak 44.50M) | Time:00:00.12 | Mem:1.82M, Peak:1.82M | Scene, ViewLayer | Updating Integrator
Fra:1 Mem:19.06M (Peak 44.50M) | Time:00:00.12 | Mem:1.82M, Peak:1.82M | Scene, ViewLayer | Updating Film
Fra:1 Mem:19.07M (Peak 44.50M) | Time:00:00.12 | Mem:1.74M, Peak:1.82M | Scene, ViewLayer | Updating Lookup Tables
Fra:1 Mem:19.07M (Peak 44.50M) | Time:00:00.12 | Mem:1.82M, Peak:1.82M | Scene, ViewLayer | Updating Baking
Fra:1 Mem:19.07M (Peak 44.50M) | Time:00:00.12 | Mem:1.82M, Peak:1.82M | Scene, ViewLayer | Updating Device | Writing constant memory
Fra:1 Mem:19.07M (Peak 44.50M) | Time:00:00.12 | Mem:1.82M, Peak:1.82M | Scene, ViewLayer | Loading denoising kernels (may take a few minutes the first time)
Fra:1 Mem:23.07M (Peak 44.50M) | Time:00:00.13 | Mem:353.82M, Peak:353.82M | Scene, ViewLayer | Sample 0/24
Fra:1 Mem:65.86M (Peak 65.86M) | Time:00:00.13 | Remaining:00:00.11 | Mem:396.62M, Peak:396.62M | Scene, ViewLayer | Sample 1/24

Info: Saved as "anny-raw-rig.blend"
2026-09-23T12:33:02.961778/anny-build/heartbeat 리그 구성·GPU 렌더 진행
Fra:1 Mem:83.89M (Peak 110.92M) | Time:00:01.55 | Mem:396.62M, Peak:396.62M | Scene, ViewLayer | Sample 24/24
Fra:1 Mem:83.89M (Peak 110.92M) | Time:00:01.55 | Mem:396.62M, Peak:396.62M | Scene, ViewLayer | Finished
Saved: '/home/cbsim/ws/slime-workflow/.tmp/anny-report-replay/2026-09-23_12-32-55/back.png'
Time: 00:01.66 (Saving: 00:00.02)

Fra:1 Mem:16.42M (Peak 16.42M) | Time:00:00.07 | Mem:0.00M, Peak:0.00M | Scene, ViewLayer | Synchronizing object | Plane
Fra:1 Mem:16.42M (Peak 16.42M) | Time:00:00.07 | Mem:0.00M, Peak:0.00M | Scene, ViewLayer | Synchronizing object | Area.002
Fra:1 Mem:16.42M (Peak 16.42M) | Time:00:00.07 | Mem:0.00M, Peak:0.00M | Scene, ViewLayer | Synchronizing object | AnnyAttributesBody
Fra:1 Mem:16.73M (Peak 16.73M) | Time:00:00.07 | Mem:0.00M, Peak:0.00M | Scene, ViewLayer | Synchronizing object | Area.001
Fra:1 Mem:18.28M (Peak 18.28M) | Time:00:00.08 | Mem:0.00M, Peak:0.00M | Scene, ViewLayer | Initializing
Fra:1 Mem:16.40M (Peak 18.28M) | Time:00:00.08 | Mem:0.00M, Peak:0.00M | Scene, ViewLayer | Waiting for render to start
Fra:1 Mem:16.40M (Peak 18.28M) | Time:00:00.08 | Mem:0.00M, Peak:0.00M | Scene, ViewLayer | Updating Scene
Fra:1 Mem:16.40M (Peak 18.28M) | Time:00:00.08 | Mem:0.00M, Peak:0.00M | Scene, ViewLayer | Updating Shaders
Fra:1 Mem:16.40M (Peak 18.28M) | Time:00:00.08 | Mem:0.00M, Peak:0.00M | Scene, ViewLayer | Loading render kernels (may take a few minutes the first time)
Fra:1 Mem:16.48M (Peak 44.50M) | Time:00:00.12 | Mem:0.00M, Peak:0.00M | Scene, ViewLayer | Updating Procedurals
Fra:1 Mem:16.48M (Peak 44.50M) | Time:00:00.12 | Mem:0.00M, Peak:0.00M | Scene, ViewLayer | Updating Background
Fra:1 Mem:16.48M (Peak 44.50M) | Time:00:00.12 | Mem:0.00M, Peak:0.00M | Scene, ViewLayer | Updating Camera
Fra:1 Mem:16.48M (Peak 44.50M) | Time:00:00.12 | Mem:0.00M, Peak:0.00M | Scene, ViewLayer | Updating Meshes Flags
Fra:1 Mem:16.48M (Peak 44.50M) | Time:00:00.12 | Mem:0.00M, Peak:0.00M | Scene, ViewLayer | Updating Objects
Fra:1 Mem:16.48M (Peak 44.50M) | Time:00:00.12 | Mem:0.00M, Peak:0.00M | Scene, ViewLayer | Updating Objects | Copying Transformations to device
Fra:1 Mem:16.48M (Peak 44.50M) | Time:00:00.12 | Mem:0.00M, Peak:0.00M | Scene, ViewLayer | Updating Particle Systems
Fra:1 Mem:16.48M (Peak 44.50M) | Time:00:00.12 | Mem:0.00M, Peak:0.00M | Scene, ViewLayer | Updating Particle Systems | Copying Particles to device
Fra:1 Mem:16.48M (Peak 44.50M) | Time:00:00.12 | Mem:0.00M, Peak:0.00M | Scene, ViewLayer | Updating Meshes
Fra:1 Mem:16.48M (Peak 44.50M) | Time:00:00.12 | Mem:0.00M, Peak:0.00M | Scene, ViewLayer | Updating Objects | Applying Static Transformations
Fra:1 Mem:16.48M (Peak 44.50M) | Time:00:00.12 | Mem:0.00M, Peak:0.00M | Scene, ViewLayer | Updating Mesh | Computing attributes
Fra:1 Mem:16.64M (Peak 44.50M) | Time:00:00.12 | Mem:0.00M, Peak:0.00M | Scene, ViewLayer | Updating Mesh | Copying Attributes to device
Fra:1 Mem:16.64M (Peak 44.50M) | Time:00:00.12 | Mem:0.16M, Peak:0.16M | Scene, ViewLayer | Updating Scene BVH | Building
Fra:1 Mem:16.64M (Peak 44.50M) | Time:00:00.12 | Mem:0.16M, Peak:0.16M | Scene, ViewLayer | Updating Scene BVH | Building BVH
Fra:1 Mem:18.21M (Peak 44.50M) | Time:00:00.12 | Mem:0.16M, Peak:0.16M | Scene, ViewLayer | Updating Scene BVH | Packing BVH triangles and strands
Fra:1 Mem:18.31M (Peak 44.50M) | Time:00:00.12 | Mem:0.16M, Peak:0.16M | Scene, ViewLayer | Updating Scene BVH | Packing BVH nodes
Fra:1 Mem:18.33M (Peak 44.50M) | Time:00:00.12 | Mem:0.16M, Peak:0.16M | Scene, ViewLayer | Updating Scene BVH | Copying BVH to device
Fra:1 Mem:18.33M (Peak 44.50M) | Time:00:00.12 | Mem:1.00M, Peak:1.00M | Scene, ViewLayer | Updating Mesh | Computing normals
Fra:1 Mem:19.06M (Peak 44.50M) | Time:00:00.12 | Mem:1.00M, Peak:1.00M | Scene, ViewLayer | Updating Mesh | Copying Mesh to device
Fra:1 Mem:19.06M (Peak 44.50M) | Time:00:00.12 | Mem:1.74M, Peak:1.74M | Scene, ViewLayer | Updating Objects Flags
Fra:1 Mem:19.06M (Peak 44.50M) | Time:00:00.12 | Mem:1.74M, Peak:1.74M | Scene, ViewLayer | Updating Primitive Offsets
Fra:1 Mem:19.06M (Peak 44.50M) | Time:00:00.12 | Mem:1.74M, Peak:1.74M | Scene, ViewLayer | Updating Images
Fra:1 Mem:19.06M (Peak 44.50M) | Time:00:00.12 | Mem:1.74M, Peak:1.74M | Scene, ViewLayer | Updating Camera Volume
Fra:1 Mem:19.06M (Peak 44.50M) | Time:00:00.12 | Mem:1.74M, Peak:1.74M | Scene, ViewLayer | Updating Lookup Tables
Fra:1 Mem:19.06M (Peak 44.50M) | Time:00:00.12 | Mem:1.82M, Peak:1.82M | Scene, ViewLayer | Updating Lights
Fra:1 Mem:19.06M (Peak 44.50M) | Time:00:00.12 | Mem:1.82M, Peak:1.82M | Scene, ViewLayer | Updating Lights | Computing tree
Fra:1 Mem:19.06M (Peak 44.50M) | Time:00:00.12 | Mem:1.82M, Peak:1.82M | Scene, ViewLayer | Updating Integrator
Fra:1 Mem:19.06M (Peak 44.50M) | Time:00:00.12 | Mem:1.82M, Peak:1.82M | Scene, ViewLayer | Updating Film
Fra:1 Mem:19.07M (Peak 44.50M) | Time:00:00.12 | Mem:1.74M, Peak:1.82M | Scene, ViewLayer | Updating Lookup Tables
Fra:1 Mem:19.07M (Peak 44.50M) | Time:00:00.12 | Mem:1.82M, Peak:1.82M | Scene, ViewLayer | Updating Baking
Fra:1 Mem:19.07M (Peak 44.50M) | Time:00:00.12 | Mem:1.82M, Peak:1.82M | Scene, ViewLayer | Updating Device | Writing constant memory
Fra:1 Mem:19.07M (Peak 44.50M) | Time:00:00.12 | Mem:1.82M, Peak:1.82M | Scene, ViewLayer | Loading denoising kernels (may take a few minutes the first time)
Fra:1 Mem:23.07M (Peak 44.50M) | Time:00:00.13 | Mem:353.82M, Peak:353.82M | Scene, ViewLayer | Sample 0/24
Fra:1 Mem:65.86M (Peak 65.86M) | Time:00:00.14 | Remaining:00:00.19 | Mem:396.62M, Peak:396.62M | Scene, ViewLayer | Sample 1/24
Fra:1 Mem:83.89M (Peak 110.92M) | Time:00:01.69 | Mem:396.62M, Peak:396.62M | Scene, ViewLayer | Sample 24/24
Fra:1 Mem:83.89M (Peak 110.92M) | Time:00:01.69 | Mem:396.62M, Peak:396.62M | Scene, ViewLayer | Finished
Saved: '/home/cbsim/ws/slime-workflow/.tmp/anny-report-replay/2026-09-23_12-32-55/three-quarter.png'
Time: 00:01.80 (Saving: 00:00.02)

{'status': 'passed', 'rest_max_error': 2.384185791015625e-07, 'weight_sum_max_error': 1.1920928955078125e-07, 'frames': 1, 'bones': 104, 'triangles': 27420, 'motion_source': '없음; 업로드한 기본 포즈', 'height': 1.6}
Fra:1 Mem:16.38M (Peak 16.38M) | Time:00:00.08 | Mem:0.00M, Peak:0.00M | Scene, ViewLayer | Synchronizing object | Area.002
Fra:1 Mem:16.38M (Peak 16.38M) | Time:00:00.08 | Mem:0.00M, Peak:0.00M | Scene, ViewLayer | Synchronizing object | Area.001
Fra:1 Mem:16.38M (Peak 16.38M) | Time:00:00.08 | Mem:0.00M, Peak:0.00M | Scene, ViewLayer | Synchronizing object | Area
Fra:1 Mem:16.39M (Peak 16.39M) | Time:00:00.08 | Mem:0.00M, Peak:0.00M | Scene, ViewLayer | Synchronizing object | AnnyAttributesBody
Fra:1 Mem:18.24M (Peak 18.24M) | Time:00:00.08 | Mem:0.00M, Peak:0.00M | Scene, ViewLayer | Initializing
Fra:1 Mem:16.40M (Peak 18.24M) | Time:00:00.08 | Mem:0.00M, Peak:0.00M | Scene, ViewLayer | Waiting for render to start
Fra:1 Mem:16.40M (Peak 18.24M) | Time:00:00.08 | Mem:0.00M, Peak:0.00M | Scene, ViewLayer | Updating Scene
Fra:1 Mem:16.40M (Peak 18.24M) | Time:00:00.08 | Mem:0.00M, Peak:0.00M | Scene, ViewLayer | Updating Shaders
Fra:1 Mem:16.40M (Peak 18.24M) | Time:00:00.08 | Mem:0.00M, Peak:0.00M | Scene, ViewLayer | Loading render kernels (may take a few minutes the first time)
Fra:1 Mem:16.48M (Peak 44.50M) | Time:00:00.12 | Mem:0.00M, Peak:0.00M | Scene, ViewLayer | Updating Procedurals
Fra:1 Mem:16.48M (Peak 44.50M) | Time:00:00.12 | Mem:0.00M, Peak:0.00M | Scene, ViewLayer | Updating Background
Fra:1 Mem:16.48M (Peak 44.50M) | Time:00:00.12 | Mem:0.00M, Peak:0.00M | Scene, ViewLayer | Updating Camera
Fra:1 Mem:16.48M (Peak 44.50M) | Time:00:00.12 | Mem:0.00M, Peak:0.00M | Scene, ViewLayer | Updating Meshes Flags
Fra:1 Mem:16.48M (Peak 44.50M) | Time:00:00.12 | Mem:0.00M, Peak:0.00M | Scene, ViewLayer | Updating Objects
Fra:1 Mem:16.48M (Peak 44.50M) | Time:00:00.12 | Mem:0.00M, Peak:0.00M | Scene, ViewLayer | Updating Objects | Copying Transformations to device
Fra:1 Mem:16.48M (Peak 44.50M) | Time:00:00.12 | Mem:0.00M, Peak:0.00M | Scene, ViewLayer | Updating Particle Systems
Fra:1 Mem:16.48M (Peak 44.50M) | Time:00:00.12 | Mem:0.00M, Peak:0.00M | Scene, ViewLayer | Updating Particle Systems | Copying Particles to device
Fra:1 Mem:16.48M (Peak 44.50M) | Time:00:00.12 | Mem:0.00M, Peak:0.00M | Scene, ViewLayer | Updating Meshes
Fra:1 Mem:16.48M (Peak 44.50M) | Time:00:00.12 | Mem:0.00M, Peak:0.00M | Scene, ViewLayer | Updating Objects | Applying Static Transformations
Fra:1 Mem:16.48M (Peak 44.50M) | Time:00:00.12 | Mem:0.00M, Peak:0.00M | Scene, ViewLayer | Updating Mesh | Computing attributes
Fra:1 Mem:16.64M (Peak 44.50M) | Time:00:00.12 | Mem:0.00M, Peak:0.00M | Scene, ViewLayer | Updating Mesh | Copying Attributes to device
Fra:1 Mem:16.64M (Peak 44.50M) | Time:00:00.12 | Mem:0.16M, Peak:0.16M | Scene, ViewLayer | Updating Scene BVH | Building
Fra:1 Mem:16.64M (Peak 44.50M) | Time:00:00.12 | Mem:0.16M, Peak:0.16M | Scene, ViewLayer | Updating Scene BVH | Building BVH
Fra:1 Mem:18.21M (Peak 44.50M) | Time:00:00.13 | Mem:0.16M, Peak:0.16M | Scene, ViewLayer | Updating Scene BVH | Packing BVH triangles and strands
Fra:1 Mem:18.31M (Peak 44.50M) | Time:00:00.13 | Mem:0.16M, Peak:0.16M | Scene, ViewLayer | Updating Scene BVH | Packing BVH nodes
Fra:1 Mem:18.33M (Peak 44.50M) | Time:00:00.13 | Mem:0.16M, Peak:0.16M | Scene, ViewLayer | Updating Scene BVH | Copying BVH to device
Fra:1 Mem:18.33M (Peak 44.50M) | Time:00:00.13 | Mem:1.01M, Peak:1.01M | Scene, ViewLayer | Updating Mesh | Computing normals
Fra:1 Mem:19.06M (Peak 44.50M) | Time:00:00.13 | Mem:1.01M, Peak:1.01M | Scene, ViewLayer | Updating Mesh | Copying Mesh to device
Fra:1 Mem:19.06M (Peak 44.50M) | Time:00:00.13 | Mem:1.74M, Peak:1.74M | Scene, ViewLayer | Updating Objects Flags
Fra:1 Mem:19.06M (Peak 44.50M) | Time:00:00.13 | Mem:1.74M, Peak:1.74M | Scene, ViewLayer | Updating Primitive Offsets
Fra:1 Mem:19.06M (Peak 44.50M) | Time:00:00.13 | Mem:1.74M, Peak:1.74M | Scene, ViewLayer | Updating Images
Fra:1 Mem:19.06M (Peak 44.50M) | Time:00:00.13 | Mem:1.74M, Peak:1.74M | Scene, ViewLayer | Updating Camera Volume
Fra:1 Mem:19.06M (Peak 44.50M) | Time:00:00.13 | Mem:1.74M, Peak:1.74M | Scene, ViewLayer | Updating Lookup Tables
Fra:1 Mem:19.06M (Peak 44.50M) | Time:00:00.13 | Mem:1.82M, Peak:1.82M | Scene, ViewLayer | Updating Lights
Fra:1 Mem:19.06M (Peak 44.50M) | Time:00:00.13 | Mem:1.82M, Peak:1.82M | Scene, ViewLayer | Updating Lights | Computing tree
Fra:1 Mem:19.06M (Peak 44.50M) | Time:00:00.13 | Mem:1.82M, Peak:1.82M | Scene, ViewLayer | Updating Integrator
Fra:1 Mem:19.06M (Peak 44.50M) | Time:00:00.13 | Mem:1.82M, Peak:1.82M | Scene, ViewLayer | Updating Film
Fra:1 Mem:19.07M (Peak 44.50M) | Time:00:00.13 | Mem:1.74M, Peak:1.82M | Scene, ViewLayer | Updating Lookup Tables
Fra:1 Mem:19.07M (Peak 44.50M) | Time:00:00.13 | Mem:1.82M, Peak:1.82M | Scene, ViewLayer | Updating Baking
Fra:1 Mem:19.07M (Peak 44.50M) | Time:00:00.13 | Mem:1.82M, Peak:1.82M | Scene, ViewLayer | Updating Device | Writing constant memory
Fra:1 Mem:19.07M (Peak 44.50M) | Time:00:00.13 | Mem:1.82M, Peak:1.82M | Scene, ViewLayer | Loading denoising kernels (may take a few minutes the first time)
Fra:1 Mem:23.07M (Peak 44.50M) | Time:00:00.13 | Mem:353.83M, Peak:353.83M | Scene, ViewLayer | Sample 0/24
Fra:1 Mem:99.08M (Peak 99.08M) | Time:00:00.14 | Remaining:00:00.15 | Mem:429.83M, Peak:429.83M | Scene, ViewLayer | Sample 1/24
Fra:1 Mem:131.08M (Peak 179.08M) | Time:00:02.62 | Mem:429.83M, Peak:429.83M | Scene, ViewLayer | Sample 24/24
Fra:1 Mem:131.08M (Peak 179.08M) | Time:00:02.62 | Mem:429.83M, Peak:429.83M | Scene, ViewLayer | Finished
2026-09-23T12:33:07.972569/anny-build/heartbeat 리그 구성·GPU 렌더 진행
Saved: '/home/cbsim/ws/slime-workflow/.tmp/anny-report-replay/2026-09-23_12-32-55/overlay-front.png'
Time: 00:02.74 (Saving: 00:00.03)

Fra:1 Mem:16.38M (Peak 16.38M) | Time:00:00.07 | Mem:0.00M, Peak:0.00M | Scene, ViewLayer | Synchronizing object | Area.002
Fra:1 Mem:16.38M (Peak 16.38M) | Time:00:00.07 | Mem:0.00M, Peak:0.00M | Scene, ViewLayer | Synchronizing object | Area.001
Fra:1 Mem:16.38M (Peak 16.38M) | Time:00:00.07 | Mem:0.00M, Peak:0.00M | Scene, ViewLayer | Synchronizing object | Area
Fra:1 Mem:16.39M (Peak 16.39M) | Time:00:00.07 | Mem:0.00M, Peak:0.00M | Scene, ViewLayer | Synchronizing object | AnnyAttributesBody
Fra:1 Mem:18.24M (Peak 18.24M) | Time:00:00.07 | Mem:0.00M, Peak:0.00M | Scene, ViewLayer | Initializing
Fra:1 Mem:16.40M (Peak 18.24M) | Time:00:00.07 | Mem:0.00M, Peak:0.00M | Scene, ViewLayer | Waiting for render to start
Fra:1 Mem:16.40M (Peak 18.24M) | Time:00:00.07 | Mem:0.00M, Peak:0.00M | Scene, ViewLayer | Updating Scene
Fra:1 Mem:16.40M (Peak 18.24M) | Time:00:00.07 | Mem:0.00M, Peak:0.00M | Scene, ViewLayer | Updating Shaders
Fra:1 Mem:16.40M (Peak 18.24M) | Time:00:00.07 | Mem:0.00M, Peak:0.00M | Scene, ViewLayer | Loading render kernels (may take a few minutes the first time)
Fra:1 Mem:16.48M (Peak 44.50M) | Time:00:00.11 | Mem:0.00M, Peak:0.00M | Scene, ViewLayer | Updating Procedurals
Fra:1 Mem:16.48M (Peak 44.50M) | Time:00:00.11 | Mem:0.00M, Peak:0.00M | Scene, ViewLayer | Updating Background
Fra:1 Mem:16.48M (Peak 44.50M) | Time:00:00.11 | Mem:0.00M, Peak:0.00M | Scene, ViewLayer | Updating Camera
Fra:1 Mem:16.48M (Peak 44.50M) | Time:00:00.11 | Mem:0.00M, Peak:0.00M | Scene, ViewLayer | Updating Meshes Flags
Fra:1 Mem:16.48M (Peak 44.50M) | Time:00:00.11 | Mem:0.00M, Peak:0.00M | Scene, ViewLayer | Updating Objects
Fra:1 Mem:16.48M (Peak 44.50M) | Time:00:00.11 | Mem:0.00M, Peak:0.00M | Scene, ViewLayer | Updating Objects | Copying Transformations to device
Fra:1 Mem:16.48M (Peak 44.50M) | Time:00:00.11 | Mem:0.00M, Peak:0.00M | Scene, ViewLayer | Updating Particle Systems
Fra:1 Mem:16.48M (Peak 44.50M) | Time:00:00.11 | Mem:0.00M, Peak:0.00M | Scene, ViewLayer | Updating Particle Systems | Copying Particles to device
Fra:1 Mem:16.48M (Peak 44.50M) | Time:00:00.11 | Mem:0.00M, Peak:0.00M | Scene, ViewLayer | Updating Meshes
Fra:1 Mem:16.48M (Peak 44.50M) | Time:00:00.11 | Mem:0.00M, Peak:0.00M | Scene, ViewLayer | Updating Objects | Applying Static Transformations
Fra:1 Mem:16.48M (Peak 44.50M) | Time:00:00.11 | Mem:0.00M, Peak:0.00M | Scene, ViewLayer | Updating Mesh | Computing attributes
Fra:1 Mem:16.64M (Peak 44.50M) | Time:00:00.11 | Mem:0.00M, Peak:0.00M | Scene, ViewLayer | Updating Mesh | Copying Attributes to device
Fra:1 Mem:16.64M (Peak 44.50M) | Time:00:00.11 | Mem:0.16M, Peak:0.16M | Scene, ViewLayer | Updating Scene BVH | Building
Fra:1 Mem:16.64M (Peak 44.50M) | Time:00:00.11 | Mem:0.16M, Peak:0.16M | Scene, ViewLayer | Updating Scene BVH | Building BVH
Fra:1 Mem:18.21M (Peak 44.50M) | Time:00:00.12 | Mem:0.16M, Peak:0.16M | Scene, ViewLayer | Updating Scene BVH | Packing BVH triangles and strands
Fra:1 Mem:18.31M (Peak 44.50M) | Time:00:00.12 | Mem:0.16M, Peak:0.16M | Scene, ViewLayer | Updating Scene BVH | Packing BVH nodes
Fra:1 Mem:18.33M (Peak 44.50M) | Time:00:00.12 | Mem:0.16M, Peak:0.16M | Scene, ViewLayer | Updating Scene BVH | Copying BVH to device
Fra:1 Mem:18.33M (Peak 44.50M) | Time:00:00.12 | Mem:1.01M, Peak:1.01M | Scene, ViewLayer | Updating Mesh | Computing normals
Fra:1 Mem:19.06M (Peak 44.50M) | Time:00:00.12 | Mem:1.01M, Peak:1.01M | Scene, ViewLayer | Updating Mesh | Copying Mesh to device
Fra:1 Mem:19.06M (Peak 44.50M) | Time:00:00.12 | Mem:1.74M, Peak:1.74M | Scene, ViewLayer | Updating Objects Flags
Fra:1 Mem:19.06M (Peak 44.50M) | Time:00:00.12 | Mem:1.74M, Peak:1.74M | Scene, ViewLayer | Updating Primitive Offsets
Fra:1 Mem:19.06M (Peak 44.50M) | Time:00:00.12 | Mem:1.74M, Peak:1.74M | Scene, ViewLayer | Updating Images
Fra:1 Mem:19.06M (Peak 44.50M) | Time:00:00.12 | Mem:1.74M, Peak:1.74M | Scene, ViewLayer | Updating Camera Volume
Fra:1 Mem:19.06M (Peak 44.50M) | Time:00:00.12 | Mem:1.74M, Peak:1.74M | Scene, ViewLayer | Updating Lookup Tables
Fra:1 Mem:19.06M (Peak 44.50M) | Time:00:00.12 | Mem:1.82M, Peak:1.82M | Scene, ViewLayer | Updating Lights
Fra:1 Mem:19.06M (Peak 44.50M) | Time:00:00.12 | Mem:1.82M, Peak:1.82M | Scene, ViewLayer | Updating Lights | Computing tree
Fra:1 Mem:19.06M (Peak 44.50M) | Time:00:00.12 | Mem:1.82M, Peak:1.82M | Scene, ViewLayer | Updating Integrator
Fra:1 Mem:19.06M (Peak 44.50M) | Time:00:00.12 | Mem:1.82M, Peak:1.82M | Scene, ViewLayer | Updating Film
Fra:1 Mem:19.07M (Peak 44.50M) | Time:00:00.12 | Mem:1.74M, Peak:1.82M | Scene, ViewLayer | Updating Lookup Tables
Fra:1 Mem:19.07M (Peak 44.50M) | Time:00:00.12 | Mem:1.82M, Peak:1.82M | Scene, ViewLayer | Updating Baking
Fra:1 Mem:19.07M (Peak 44.50M) | Time:00:00.12 | Mem:1.82M, Peak:1.82M | Scene, ViewLayer | Updating Device | Writing constant memory
Fra:1 Mem:19.07M (Peak 44.50M) | Time:00:00.12 | Mem:1.82M, Peak:1.82M | Scene, ViewLayer | Loading denoising kernels (may take a few minutes the first time)
Fra:1 Mem:23.07M (Peak 44.50M) | Time:00:00.12 | Mem:353.83M, Peak:353.83M | Scene, ViewLayer | Sample 0/24
Fra:1 Mem:99.08M (Peak 99.08M) | Time:00:00.13 | Remaining:00:00.12 | Mem:429.83M, Peak:429.83M | Scene, ViewLayer | Sample 1/24
Fra:1 Mem:131.08M (Peak 179.08M) | Time:00:02.59 | Mem:429.83M, Peak:429.83M | Scene, ViewLayer | Sample 24/24
Fra:1 Mem:131.08M (Peak 179.08M) | Time:00:02.59 | Mem:429.83M, Peak:429.83M | Scene, ViewLayer | Finished
Saved: '/home/cbsim/ws/slime-workflow/.tmp/anny-report-replay/2026-09-23_12-32-55/overlay-side.png'
Time: 00:02.70 (Saving: 00:00.02)

