Read blend: "/home/cbsim/ws/slime-workflow/.tmp/mannequin-reference-refinement/2026-09-23_07-33-20/inputs/baseline-rigged.blend"
Fra:1 Mem:19.53M (Peak 19.53M) | Time:00:00.08 | Mem:0.00M, Peak:0.00M | Scene, ViewLayer | Synchronizing object | key
Fra:1 Mem:19.53M (Peak 19.53M) | Time:00:00.08 | Mem:0.00M, Peak:0.00M | Scene, ViewLayer | Synchronizing object | fill
Fra:1 Mem:19.53M (Peak 19.53M) | Time:00:00.08 | Mem:0.00M, Peak:0.00M | Scene, ViewLayer | Synchronizing object | chest-shell-part
Fra:1 Mem:19.53M (Peak 19.53M) | Time:00:00.08 | Mem:0.00M, Peak:0.00M | Scene, ViewLayer | Synchronizing object | right-ankle-ball
Fra:1 Mem:19.54M (Peak 19.55M) | Time:00:00.08 | Mem:0.00M, Peak:0.00M | Scene, ViewLayer | Synchronizing object | head-pivot-ball
Fra:1 Mem:21.60M (Peak 21.60M) | Time:00:00.08 | Mem:0.00M, Peak:0.00M | Scene, ViewLayer | Synchronizing object | left-forearm-shell
Fra:1 Mem:21.61M (Peak 21.61M) | Time:00:00.08 | Mem:0.00M, Peak:0.00M | Scene, ViewLayer | Synchronizing object | left-thigh-shell
Fra:1 Mem:21.63M (Peak 21.63M) | Time:00:00.08 | Mem:0.00M, Peak:0.00M | Scene, ViewLayer | Synchronizing object | right-knee-ball
Fra:1 Mem:21.72M (Peak 21.72M) | Time:00:00.08 | Mem:0.00M, Peak:0.00M | Scene, ViewLayer | Synchronizing object | left-foot-shell
Fra:1 Mem:21.81M (Peak 21.81M) | Time:00:00.08 | Mem:0.00M, Peak:0.00M | Scene, ViewLayer | Synchronizing object | left-elbow-ball
Fra:1 Mem:21.82M (Peak 21.82M) | Time:00:00.08 | Mem:0.00M, Peak:0.00M | Scene, ViewLayer | Synchronizing object | left-wrist-ball
Fra:1 Mem:21.92M (Peak 21.92M) | Time:00:00.08 | Mem:0.00M, Peak:0.00M | Scene, ViewLayer | Synchronizing object | left-hip-ball
Fra:1 Mem:21.92M (Peak 21.92M) | Time:00:00.08 | Mem:0.00M, Peak:0.00M | Scene, ViewLayer | Synchronizing object | right-upper-arm-shell
Fra:1 Mem:21.99M (Peak 21.99M) | Time:00:00.08 | Mem:0.00M, Peak:0.00M | Scene, ViewLayer | Synchronizing object | right-hand-shell
Fra:1 Mem:22.78M (Peak 22.78M) | Time:00:00.08 | Mem:0.00M, Peak:0.00M | Scene, ViewLayer | Synchronizing object | right-shin-shell
Fra:1 Mem:23.53M (Peak 23.53M) | Time:00:00.08 | Mem:0.00M, Peak:0.00M | Scene, ViewLayer | Synchronizing object | right-foot-shell
Fra:1 Mem:24.63M (Peak 24.63M) | Time:00:00.08 | Mem:0.00M, Peak:0.00M | Scene, ViewLayer | Synchronizing object | right-shoulder-ball
Fra:1 Mem:24.76M (Peak 24.76M) | Time:00:00.08 | Mem:0.00M, Peak:0.00M | Scene, ViewLayer | Synchronizing object | right-elbow-ball
Fra:1 Mem:30.31M (Peak 30.31M) | Time:00:00.09 | Mem:0.00M, Peak:0.00M | Scene, ViewLayer | Initializing
Fra:1 Mem:23.19M (Peak 30.31M) | Time:00:00.09 | Mem:0.00M, Peak:0.00M | Scene, ViewLayer | Waiting for render to start
Fra:1 Mem:23.19M (Peak 30.31M) | Time:00:00.09 | Mem:0.00M, Peak:0.00M | Scene, ViewLayer | Updating Scene
Fra:1 Mem:23.19M (Peak 30.31M) | Time:00:00.09 | Mem:0.00M, Peak:0.00M | Scene, ViewLayer | Updating Shaders
Fra:1 Mem:23.19M (Peak 30.31M) | Time:00:00.09 | Mem:0.00M, Peak:0.00M | Scene, ViewLayer | Loading render kernels (may take a few minutes the first time)
Fra:1 Mem:23.27M (Peak 51.30M) | Time:00:00.14 | Mem:0.00M, Peak:0.00M | Scene, ViewLayer | Updating Procedurals
Fra:1 Mem:23.27M (Peak 51.30M) | Time:00:00.14 | Mem:0.00M, Peak:0.00M | Scene, ViewLayer | Updating Background
Fra:1 Mem:23.27M (Peak 51.30M) | Time:00:00.14 | Mem:0.00M, Peak:0.00M | Scene, ViewLayer | Updating Camera
Fra:1 Mem:23.27M (Peak 51.30M) | Time:00:00.14 | Mem:0.00M, Peak:0.00M | Scene, ViewLayer | Updating Meshes Flags
Fra:1 Mem:23.27M (Peak 51.30M) | Time:00:00.14 | Mem:0.00M, Peak:0.00M | Scene, ViewLayer | Updating Objects
Fra:1 Mem:23.27M (Peak 51.30M) | Time:00:00.14 | Mem:0.00M, Peak:0.00M | Scene, ViewLayer | Updating Objects | Copying Transformations to device
Fra:1 Mem:23.28M (Peak 51.30M) | Time:00:00.14 | Mem:0.01M, Peak:0.01M | Scene, ViewLayer | Updating Particle Systems
Fra:1 Mem:23.28M (Peak 51.30M) | Time:00:00.14 | Mem:0.01M, Peak:0.01M | Scene, ViewLayer | Updating Particle Systems | Copying Particles to device
Fra:1 Mem:23.28M (Peak 51.30M) | Time:00:00.15 | Mem:0.01M, Peak:0.01M | Scene, ViewLayer | Updating Meshes
Fra:1 Mem:23.28M (Peak 51.30M) | Time:00:00.15 | Mem:0.01M, Peak:0.01M | Scene, ViewLayer | Updating Objects | Applying Static Transformations
Fra:1 Mem:23.28M (Peak 51.30M) | Time:00:00.15 | Mem:0.01M, Peak:0.01M | Scene, ViewLayer | Updating Mesh | Computing attributes
Fra:1 Mem:23.75M (Peak 51.30M) | Time:00:00.15 | Mem:0.01M, Peak:0.01M | Scene, ViewLayer | Updating Mesh | Copying Attributes to device
Fra:1 Mem:23.75M (Peak 51.30M) | Time:00:00.15 | Mem:0.48M, Peak:0.48M | Scene, ViewLayer | Updating Scene BVH | Building
Fra:1 Mem:23.75M (Peak 51.30M) | Time:00:00.15 | Mem:0.48M, Peak:0.48M | Scene, ViewLayer | Updating Scene BVH | Building BVH
Fra:1 Mem:28.43M (Peak 51.30M) | Time:00:00.15 | Mem:0.48M, Peak:0.48M | Scene, ViewLayer | Updating Scene BVH | Packing BVH triangles and strands
Fra:1 Mem:28.74M (Peak 51.30M) | Time:00:00.15 | Mem:0.48M, Peak:0.48M | Scene, ViewLayer | Updating Scene BVH | Packing BVH nodes
Fra:1 Mem:28.50M (Peak 51.30M) | Time:00:00.16 | Mem:0.48M, Peak:0.48M | Scene, ViewLayer | Updating Scene BVH | Copying BVH to device
Fra:1 Mem:28.50M (Peak 51.30M) | Time:00:00.16 | Mem:2.86M, Peak:2.86M | Scene, ViewLayer | Updating Mesh | Computing normals
Fra:1 Mem:30.69M (Peak 51.30M) | Time:00:00.16 | Mem:2.86M, Peak:2.86M | Scene, ViewLayer | Updating Mesh | Copying Mesh to device
Fra:1 Mem:30.69M (Peak 51.30M) | Time:00:00.16 | Mem:5.04M, Peak:5.04M | Scene, ViewLayer | Updating Objects Flags
Fra:1 Mem:30.69M (Peak 51.30M) | Time:00:00.16 | Mem:5.04M, Peak:5.04M | Scene, ViewLayer | Updating Primitive Offsets
Fra:1 Mem:30.69M (Peak 51.30M) | Time:00:00.16 | Mem:5.04M, Peak:5.04M | Scene, ViewLayer | Updating Images
Fra:1 Mem:30.69M (Peak 51.30M) | Time:00:00.16 | Mem:5.04M, Peak:5.04M | Scene, ViewLayer | Updating Camera Volume
Fra:1 Mem:30.69M (Peak 51.30M) | Time:00:00.16 | Mem:5.04M, Peak:5.04M | Scene, ViewLayer | Updating Lookup Tables
Fra:1 Mem:30.69M (Peak 51.30M) | Time:00:00.16 | Mem:5.12M, Peak:5.12M | Scene, ViewLayer | Updating Lights
Fra:1 Mem:30.69M (Peak 51.30M) | Time:00:00.16 | Mem:5.12M, Peak:5.12M | Scene, ViewLayer | Updating Lights | Computing tree
Fra:1 Mem:30.69M (Peak 51.30M) | Time:00:00.16 | Mem:5.12M, Peak:5.12M | Scene, ViewLayer | Updating Integrator
Fra:1 Mem:30.69M (Peak 51.30M) | Time:00:00.16 | Mem:5.12M, Peak:5.12M | Scene, ViewLayer | Updating Film
Fra:1 Mem:30.69M (Peak 51.30M) | Time:00:00.16 | Mem:5.04M, Peak:5.12M | Scene, ViewLayer | Updating Lookup Tables
Fra:1 Mem:30.69M (Peak 51.30M) | Time:00:00.16 | Mem:5.12M, Peak:5.12M | Scene, ViewLayer | Updating Baking
Fra:1 Mem:30.69M (Peak 51.30M) | Time:00:00.16 | Mem:5.12M, Peak:5.12M | Scene, ViewLayer | Updating Device | Writing constant memory
Fra:1 Mem:30.69M (Peak 51.30M) | Time:00:00.16 | Mem:5.12M, Peak:5.12M | Scene, ViewLayer | Loading denoising kernels (may take a few minutes the first time)
Fra:1 Mem:34.70M (Peak 51.30M) | Time:00:00.16 | Mem:357.13M, Peak:357.13M | Scene, ViewLayer | Sample 0/32
Fra:1 Mem:77.45M (Peak 77.45M) | Time:00:00.17 | Remaining:00:00.18 | Mem:399.88M, Peak:399.88M | Scene, ViewLayer | Sample 1/32
Fra:1 Mem:95.45M (Peak 122.46M) | Time:00:01.63 | Mem:399.88M, Peak:399.88M | Scene, ViewLayer | Sample 32/32
Fra:1 Mem:95.45M (Peak 122.46M) | Time:00:01.63 | Mem:399.88M, Peak:399.88M | Scene, ViewLayer | Finished
Saved: '/home/cbsim/ws/slime-workflow/.tmp/mannequin-reference-refinement/2026-09-23_07-33-20/compare-baseline-front.png'
Time: 00:01.78 (Saving: 00:00.06)

Fra:1 Mem:22.87M (Peak 22.87M) | Time:00:00.07 | Mem:0.00M, Peak:0.00M | Scene, ViewLayer | Synchronizing object | key
Fra:1 Mem:22.87M (Peak 22.87M) | Time:00:00.07 | Mem:0.00M, Peak:0.00M | Scene, ViewLayer | Synchronizing object | right-ankle-ball
Fra:1 Mem:22.87M (Peak 22.87M) | Time:00:00.07 | Mem:0.00M, Peak:0.00M | Scene, ViewLayer | Synchronizing object | neck-shell-part
Fra:1 Mem:22.94M (Peak 22.94M) | Time:00:00.08 | Mem:0.00M, Peak:0.00M | Scene, ViewLayer | Synchronizing object | chest-shell-part
Fra:1 Mem:23.05M (Peak 23.05M) | Time:00:00.08 | Mem:0.00M, Peak:0.00M | Scene, ViewLayer | Synchronizing object | right-knee-ball
Fra:1 Mem:23.14M (Peak 23.14M) | Time:00:00.08 | Mem:0.00M, Peak:0.00M | Scene, ViewLayer | Synchronizing object | left-hand-shell
Fra:1 Mem:23.71M (Peak 23.71M) | Time:00:00.08 | Mem:0.00M, Peak:0.00M | Scene, ViewLayer | Synchronizing object | left-shoulder-ball
Fra:1 Mem:24.07M (Peak 24.07M) | Time:00:00.08 | Mem:0.00M, Peak:0.00M | Scene, ViewLayer | Synchronizing object | left-wrist-ball
Fra:1 Mem:24.50M (Peak 24.50M) | Time:00:00.08 | Mem:0.00M, Peak:0.00M | Scene, ViewLayer | Synchronizing object | left-ankle-ball
Fra:1 Mem:24.51M (Peak 24.51M) | Time:00:00.08 | Mem:0.00M, Peak:0.00M | Scene, ViewLayer | Synchronizing object | right-hand-shell
Fra:1 Mem:24.62M (Peak 24.62M) | Time:00:00.08 | Mem:0.00M, Peak:0.00M | Scene, ViewLayer | Synchronizing object | right-shin-shell
Fra:1 Mem:25.37M (Peak 25.37M) | Time:00:00.08 | Mem:0.00M, Peak:0.00M | Scene, ViewLayer | Synchronizing object | right-foot-shell
Fra:1 Mem:26.00M (Peak 26.00M) | Time:00:00.08 | Mem:0.00M, Peak:0.00M | Scene, ViewLayer | Synchronizing object | right-shoulder-ball
Fra:1 Mem:26.09M (Peak 26.09M) | Time:00:00.08 | Mem:0.00M, Peak:0.00M | Scene, ViewLayer | Synchronizing object | right-elbow-ball
Fra:1 Mem:26.14M (Peak 26.14M) | Time:00:00.08 | Mem:0.00M, Peak:0.00M | Scene, ViewLayer | Synchronizing object | right-wrist-ball
Fra:1 Mem:30.31M (Peak 30.31M) | Time:00:00.08 | Mem:0.00M, Peak:0.00M | Scene, ViewLayer | Initializing
Fra:1 Mem:23.19M (Peak 30.31M) | Time:00:00.08 | Mem:0.00M, Peak:0.00M | Scene, ViewLayer | Waiting for render to start
Fra:1 Mem:23.19M (Peak 30.31M) | Time:00:00.08 | Mem:0.00M, Peak:0.00M | Scene, ViewLayer | Updating Scene
Fra:1 Mem:23.19M (Peak 30.31M) | Time:00:00.08 | Mem:0.00M, Peak:0.00M | Scene, ViewLayer | Updating Shaders
Fra:1 Mem:23.19M (Peak 30.31M) | Time:00:00.08 | Mem:0.00M, Peak:0.00M | Scene, ViewLayer | Loading render kernels (may take a few minutes the first time)
Fra:1 Mem:23.27M (Peak 51.30M) | Time:00:00.12 | Mem:0.00M, Peak:0.00M | Scene, ViewLayer | Updating Procedurals
Fra:1 Mem:23.27M (Peak 51.30M) | Time:00:00.12 | Mem:0.00M, Peak:0.00M | Scene, ViewLayer | Updating Background
Fra:1 Mem:23.27M (Peak 51.30M) | Time:00:00.12 | Mem:0.00M, Peak:0.00M | Scene, ViewLayer | Updating Camera
Fra:1 Mem:23.27M (Peak 51.30M) | Time:00:00.12 | Mem:0.00M, Peak:0.00M | Scene, ViewLayer | Updating Meshes Flags
Fra:1 Mem:23.27M (Peak 51.30M) | Time:00:00.12 | Mem:0.00M, Peak:0.00M | Scene, ViewLayer | Updating Objects
Fra:1 Mem:23.27M (Peak 51.30M) | Time:00:00.12 | Mem:0.00M, Peak:0.00M | Scene, ViewLayer | Updating Objects | Copying Transformations to device
Fra:1 Mem:23.28M (Peak 51.30M) | Time:00:00.12 | Mem:0.01M, Peak:0.01M | Scene, ViewLayer | Updating Particle Systems
Fra:1 Mem:23.28M (Peak 51.30M) | Time:00:00.12 | Mem:0.01M, Peak:0.01M | Scene, ViewLayer | Updating Particle Systems | Copying Particles to device
Fra:1 Mem:23.28M (Peak 51.30M) | Time:00:00.12 | Mem:0.01M, Peak:0.01M | Scene, ViewLayer | Updating Meshes
Fra:1 Mem:23.28M (Peak 51.30M) | Time:00:00.12 | Mem:0.01M, Peak:0.01M | Scene, ViewLayer | Updating Objects | Applying Static Transformations
Fra:1 Mem:23.28M (Peak 51.30M) | Time:00:00.12 | Mem:0.01M, Peak:0.01M | Scene, ViewLayer | Updating Mesh | Computing attributes
Fra:1 Mem:23.75M (Peak 51.30M) | Time:00:00.12 | Mem:0.01M, Peak:0.01M | Scene, ViewLayer | Updating Mesh | Copying Attributes to device
Fra:1 Mem:23.75M (Peak 51.30M) | Time:00:00.12 | Mem:0.48M, Peak:0.48M | Scene, ViewLayer | Updating Scene BVH | Building
Fra:1 Mem:23.75M (Peak 51.30M) | Time:00:00.12 | Mem:0.48M, Peak:0.48M | Scene, ViewLayer | Updating Scene BVH | Building BVH
Fra:1 Mem:28.43M (Peak 51.30M) | Time:00:00.13 | Mem:0.48M, Peak:0.48M | Scene, ViewLayer | Updating Scene BVH | Packing BVH triangles and strands
Fra:1 Mem:28.74M (Peak 51.30M) | Time:00:00.13 | Mem:0.48M, Peak:0.48M | Scene, ViewLayer | Updating Scene BVH | Packing BVH nodes
Fra:1 Mem:28.50M (Peak 51.30M) | Time:00:00.13 | Mem:0.48M, Peak:0.48M | Scene, ViewLayer | Updating Scene BVH | Copying BVH to device
Fra:1 Mem:28.50M (Peak 51.30M) | Time:00:00.13 | Mem:2.86M, Peak:2.86M | Scene, ViewLayer | Updating Mesh | Computing normals
Fra:1 Mem:30.69M (Peak 51.30M) | Time:00:00.13 | Mem:2.86M, Peak:2.86M | Scene, ViewLayer | Updating Mesh | Copying Mesh to device
Fra:1 Mem:30.69M (Peak 51.30M) | Time:00:00.13 | Mem:5.04M, Peak:5.04M | Scene, ViewLayer | Updating Objects Flags
Fra:1 Mem:30.69M (Peak 51.30M) | Time:00:00.13 | Mem:5.04M, Peak:5.04M | Scene, ViewLayer | Updating Primitive Offsets
Fra:1 Mem:30.69M (Peak 51.30M) | Time:00:00.13 | Mem:5.04M, Peak:5.04M | Scene, ViewLayer | Updating Images
Fra:1 Mem:30.69M (Peak 51.30M) | Time:00:00.13 | Mem:5.04M, Peak:5.04M | Scene, ViewLayer | Updating Camera Volume
Fra:1 Mem:30.69M (Peak 51.30M) | Time:00:00.13 | Mem:5.04M, Peak:5.04M | Scene, ViewLayer | Updating Lookup Tables
Fra:1 Mem:30.69M (Peak 51.30M) | Time:00:00.13 | Mem:5.12M, Peak:5.12M | Scene, ViewLayer | Updating Lights
Fra:1 Mem:30.69M (Peak 51.30M) | Time:00:00.13 | Mem:5.12M, Peak:5.12M | Scene, ViewLayer | Updating Lights | Computing tree
Fra:1 Mem:30.69M (Peak 51.30M) | Time:00:00.13 | Mem:5.12M, Peak:5.12M | Scene, ViewLayer | Updating Integrator
Fra:1 Mem:30.69M (Peak 51.30M) | Time:00:00.13 | Mem:5.12M, Peak:5.12M | Scene, ViewLayer | Updating Film
Fra:1 Mem:30.69M (Peak 51.30M) | Time:00:00.13 | Mem:5.04M, Peak:5.12M | Scene, ViewLayer | Updating Lookup Tables
Fra:1 Mem:30.69M (Peak 51.30M) | Time:00:00.13 | Mem:5.12M, Peak:5.12M | Scene, ViewLayer | Updating Baking
Fra:1 Mem:30.69M (Peak 51.30M) | Time:00:00.13 | Mem:5.12M, Peak:5.12M | Scene, ViewLayer | Updating Device | Writing constant memory
Fra:1 Mem:30.69M (Peak 51.30M) | Time:00:00.13 | Mem:5.12M, Peak:5.12M | Scene, ViewLayer | Loading denoising kernels (may take a few minutes the first time)
Fra:1 Mem:34.70M (Peak 51.30M) | Time:00:00.14 | Mem:357.13M, Peak:357.13M | Scene, ViewLayer | Sample 0/32
Fra:1 Mem:77.45M (Peak 77.45M) | Time:00:00.14 | Remaining:00:00.15 | Mem:399.88M, Peak:399.88M | Scene, ViewLayer | Sample 1/32
Fra:1 Mem:95.45M (Peak 122.46M) | Time:00:01.58 | Mem:399.88M, Peak:399.88M | Scene, ViewLayer | Sample 32/32
Fra:1 Mem:95.45M (Peak 122.46M) | Time:00:01.58 | Mem:399.88M, Peak:399.88M | Scene, ViewLayer | Finished
Saved: '/home/cbsim/ws/slime-workflow/.tmp/mannequin-reference-refinement/2026-09-23_07-33-20/compare-baseline-side.png'
Time: 00:01.69 (Saving: 00:00.02)

Fra:1 Mem:22.87M (Peak 22.87M) | Time:00:00.07 | Mem:0.00M, Peak:0.00M | Scene, ViewLayer | Synchronizing object | fill
Fra:1 Mem:22.87M (Peak 22.87M) | Time:00:00.07 | Mem:0.00M, Peak:0.00M | Scene, ViewLayer | Synchronizing object | neck-shell-part
Fra:1 Mem:22.88M (Peak 22.88M) | Time:00:00.07 | Mem:0.00M, Peak:0.00M | Scene, ViewLayer | Synchronizing object | chest-shell-part
Fra:1 Mem:22.90M (Peak 22.90M) | Time:00:00.07 | Mem:0.00M, Peak:0.00M | Scene, ViewLayer | Synchronizing object | right-ankle-ball
Fra:1 Mem:23.39M (Peak 23.39M) | Time:00:00.07 | Mem:0.00M, Peak:0.00M | Scene, ViewLayer | Synchronizing object | right-knee-ball
Fra:1 Mem:23.43M (Peak 23.43M) | Time:00:00.07 | Mem:0.00M, Peak:0.00M | Scene, ViewLayer | Synchronizing object | abdomen-shell-part
Fra:1 Mem:23.43M (Peak 23.43M) | Time:00:00.07 | Mem:0.00M, Peak:0.00M | Scene, ViewLayer | Synchronizing object | right-hip-ball
Fra:1 Mem:23.48M (Peak 23.48M) | Time:00:00.07 | Mem:0.00M, Peak:0.00M | Scene, ViewLayer | Synchronizing object | left-hand-shell
Fra:1 Mem:23.73M (Peak 23.73M) | Time:00:00.07 | Mem:0.00M, Peak:0.00M | Scene, ViewLayer | Synchronizing object | left-shin-shell
Fra:1 Mem:23.90M (Peak 23.90M) | Time:00:00.07 | Mem:0.00M, Peak:0.00M | Scene, ViewLayer | Synchronizing object | left-foot-shell
Fra:1 Mem:23.95M (Peak 23.95M) | Time:00:00.07 | Mem:0.00M, Peak:0.00M | Scene, ViewLayer | Synchronizing object | left-wrist-ball
Fra:1 Mem:24.76M (Peak 24.76M) | Time:00:00.07 | Mem:0.00M, Peak:0.00M | Scene, ViewLayer | Synchronizing object | right-upper-arm-shell
Fra:1 Mem:24.93M (Peak 24.93M) | Time:00:00.07 | Mem:0.00M, Peak:0.00M | Scene, ViewLayer | Synchronizing object | right-shoulder-ball
Fra:1 Mem:30.31M (Peak 30.31M) | Time:00:00.07 | Mem:0.00M, Peak:0.00M | Scene, ViewLayer | Initializing
Fra:1 Mem:23.19M (Peak 30.31M) | Time:00:00.08 | Mem:0.00M, Peak:0.00M | Scene, ViewLayer | Waiting for render to start
Fra:1 Mem:23.19M (Peak 30.31M) | Time:00:00.08 | Mem:0.00M, Peak:0.00M | Scene, ViewLayer | Updating Scene
Fra:1 Mem:23.19M (Peak 30.31M) | Time:00:00.08 | Mem:0.00M, Peak:0.00M | Scene, ViewLayer | Updating Shaders
Fra:1 Mem:23.19M (Peak 30.31M) | Time:00:00.08 | Mem:0.00M, Peak:0.00M | Scene, ViewLayer | Loading render kernels (may take a few minutes the first time)
Fra:1 Mem:23.27M (Peak 51.30M) | Time:00:00.11 | Mem:0.00M, Peak:0.00M | Scene, ViewLayer | Updating Procedurals
Fra:1 Mem:23.27M (Peak 51.30M) | Time:00:00.11 | Mem:0.00M, Peak:0.00M | Scene, ViewLayer | Updating Background
Fra:1 Mem:23.27M (Peak 51.30M) | Time:00:00.11 | Mem:0.00M, Peak:0.00M | Scene, ViewLayer | Updating Camera
Fra:1 Mem:23.27M (Peak 51.30M) | Time:00:00.11 | Mem:0.00M, Peak:0.00M | Scene, ViewLayer | Updating Meshes Flags
Fra:1 Mem:23.27M (Peak 51.30M) | Time:00:00.11 | Mem:0.00M, Peak:0.00M | Scene, ViewLayer | Updating Objects
Fra:1 Mem:23.27M (Peak 51.30M) | Time:00:00.11 | Mem:0.00M, Peak:0.00M | Scene, ViewLayer | Updating Objects | Copying Transformations to device
Fra:1 Mem:23.28M (Peak 51.30M) | Time:00:00.11 | Mem:0.01M, Peak:0.01M | Scene, ViewLayer | Updating Particle Systems
Fra:1 Mem:23.28M (Peak 51.30M) | Time:00:00.11 | Mem:0.01M, Peak:0.01M | Scene, ViewLayer | Updating Particle Systems | Copying Particles to device
Fra:1 Mem:23.28M (Peak 51.30M) | Time:00:00.11 | Mem:0.01M, Peak:0.01M | Scene, ViewLayer | Updating Meshes
Fra:1 Mem:23.28M (Peak 51.30M) | Time:00:00.11 | Mem:0.01M, Peak:0.01M | Scene, ViewLayer | Updating Objects | Applying Static Transformations
Fra:1 Mem:23.28M (Peak 51.30M) | Time:00:00.11 | Mem:0.01M, Peak:0.01M | Scene, ViewLayer | Updating Mesh | Computing attributes
Fra:1 Mem:23.75M (Peak 51.30M) | Time:00:00.11 | Mem:0.01M, Peak:0.01M | Scene, ViewLayer | Updating Mesh | Copying Attributes to device
Fra:1 Mem:23.75M (Peak 51.30M) | Time:00:00.11 | Mem:0.48M, Peak:0.48M | Scene, ViewLayer | Updating Scene BVH | Building
Fra:1 Mem:23.75M (Peak 51.30M) | Time:00:00.11 | Mem:0.48M, Peak:0.48M | Scene, ViewLayer | Updating Scene BVH | Building BVH
Fra:1 Mem:28.43M (Peak 51.30M) | Time:00:00.12 | Mem:0.48M, Peak:0.48M | Scene, ViewLayer | Updating Scene BVH | Packing BVH triangles and strands
Fra:1 Mem:28.74M (Peak 51.30M) | Time:00:00.12 | Mem:0.48M, Peak:0.48M | Scene, ViewLayer | Updating Scene BVH | Packing BVH nodes
Fra:1 Mem:28.50M (Peak 51.30M) | Time:00:00.12 | Mem:0.48M, Peak:0.48M | Scene, ViewLayer | Updating Scene BVH | Copying BVH to device
Fra:1 Mem:28.50M (Peak 51.30M) | Time:00:00.12 | Mem:2.86M, Peak:2.86M | Scene, ViewLayer | Updating Mesh | Computing normals
Fra:1 Mem:30.69M (Peak 51.30M) | Time:00:00.13 | Mem:2.86M, Peak:2.86M | Scene, ViewLayer | Updating Mesh | Copying Mesh to device
Fra:1 Mem:30.69M (Peak 51.30M) | Time:00:00.13 | Mem:5.04M, Peak:5.04M | Scene, ViewLayer | Updating Objects Flags
Fra:1 Mem:30.69M (Peak 51.30M) | Time:00:00.13 | Mem:5.04M, Peak:5.04M | Scene, ViewLayer | Updating Primitive Offsets
Fra:1 Mem:30.69M (Peak 51.30M) | Time:00:00.13 | Mem:5.04M, Peak:5.04M | Scene, ViewLayer | Updating Images
Fra:1 Mem:30.69M (Peak 51.30M) | Time:00:00.13 | Mem:5.04M, Peak:5.04M | Scene, ViewLayer | Updating Camera Volume
Fra:1 Mem:30.69M (Peak 51.30M) | Time:00:00.13 | Mem:5.04M, Peak:5.04M | Scene, ViewLayer | Updating Lookup Tables
Fra:1 Mem:30.69M (Peak 51.30M) | Time:00:00.13 | Mem:5.12M, Peak:5.12M | Scene, ViewLayer | Updating Lights
Fra:1 Mem:30.69M (Peak 51.30M) | Time:00:00.13 | Mem:5.12M, Peak:5.12M | Scene, ViewLayer | Updating Lights | Computing tree
Fra:1 Mem:30.69M (Peak 51.30M) | Time:00:00.13 | Mem:5.12M, Peak:5.12M | Scene, ViewLayer | Updating Integrator
Fra:1 Mem:30.69M (Peak 51.30M) | Time:00:00.13 | Mem:5.12M, Peak:5.12M | Scene, ViewLayer | Updating Film
Fra:1 Mem:30.69M (Peak 51.30M) | Time:00:00.13 | Mem:5.04M, Peak:5.12M | Scene, ViewLayer | Updating Lookup Tables
Fra:1 Mem:30.69M (Peak 51.30M) | Time:00:00.13 | Mem:5.12M, Peak:5.12M | Scene, ViewLayer | Updating Baking
Fra:1 Mem:30.69M (Peak 51.30M) | Time:00:00.13 | Mem:5.12M, Peak:5.12M | Scene, ViewLayer | Updating Device | Writing constant memory
Fra:1 Mem:30.69M (Peak 51.30M) | Time:00:00.13 | Mem:5.12M, Peak:5.12M | Scene, ViewLayer | Loading denoising kernels (may take a few minutes the first time)
Fra:1 Mem:34.70M (Peak 51.30M) | Time:00:00.13 | Mem:357.13M, Peak:357.13M | Scene, ViewLayer | Sample 0/32
Fra:1 Mem:77.45M (Peak 77.45M) | Time:00:00.13 | Remaining:00:00.17 | Mem:399.88M, Peak:399.88M | Scene, ViewLayer | Sample 1/32
2026-09-23T07:35:27+0900/shape-comparison/heartbeat {'stage': 'baseline-back'}
Fra:1 Mem:95.45M (Peak 122.46M) | Time:00:01.60 | Mem:399.88M, Peak:399.88M | Scene, ViewLayer | Sample 32/32
Fra:1 Mem:95.45M (Peak 122.46M) | Time:00:01.60 | Mem:399.88M, Peak:399.88M | Scene, ViewLayer | Finished
Saved: '/home/cbsim/ws/slime-workflow/.tmp/mannequin-reference-refinement/2026-09-23_07-33-20/compare-baseline-back.png'
Time: 00:01.71 (Saving: 00:00.02)

Read blend: "/home/cbsim/ws/slime-workflow/.tmp/mannequin-reference-refinement/2026-09-23_07-33-20/rigged-mannequin.blend"
Fra:1 Mem:23.36M (Peak 23.36M) | Time:00:00.07 | Mem:0.00M, Peak:0.00M | Scene, ViewLayer | Synchronizing object | key
Fra:1 Mem:23.36M (Peak 23.36M) | Time:00:00.07 | Mem:0.00M, Peak:0.00M | Scene, ViewLayer | Synchronizing object | head-shell-part
Fra:1 Mem:23.37M (Peak 23.37M) | Time:00:00.07 | Mem:0.00M, Peak:0.00M | Scene, ViewLayer | Synchronizing object | neck-shell-part
Fra:1 Mem:23.41M (Peak 23.41M) | Time:00:00.07 | Mem:0.00M, Peak:0.00M | Scene, ViewLayer | Synchronizing object | head-pivot-ball
Fra:1 Mem:23.46M (Peak 23.46M) | Time:00:00.07 | Mem:0.00M, Peak:0.00M | Scene, ViewLayer | Synchronizing object | left-forearm-shell
Fra:1 Mem:23.52M (Peak 23.52M) | Time:00:00.07 | Mem:0.00M, Peak:0.00M | Scene, ViewLayer | Synchronizing object | left-foot-shell
Fra:1 Mem:24.06M (Peak 24.06M) | Time:00:00.07 | Mem:0.00M, Peak:0.00M | Scene, ViewLayer | Synchronizing object | left-shoulder-ball
Fra:1 Mem:24.17M (Peak 24.17M) | Time:00:00.07 | Mem:0.00M, Peak:0.00M | Scene, ViewLayer | Synchronizing object | right-foot-shell
Fra:1 Mem:24.32M (Peak 24.32M) | Time:00:00.07 | Mem:0.00M, Peak:0.00M | Scene, ViewLayer | Synchronizing object | right-shoulder-ball
Fra:1 Mem:24.83M (Peak 24.83M) | Time:00:00.07 | Mem:0.00M, Peak:0.00M | Scene, ViewLayer | Synchronizing object | right-wrist-ball
Fra:1 Mem:24.90M (Peak 24.91M) | Time:00:00.07 | Mem:0.00M, Peak:0.00M | Scene, ViewLayer | Synchronizing object | right-hip-ball
Fra:1 Mem:33.00M (Peak 34.16M) | Time:00:00.08 | Mem:0.00M, Peak:0.00M | Scene, ViewLayer | Initializing
Fra:1 Mem:25.58M (Peak 34.16M) | Time:00:00.08 | Mem:0.00M, Peak:0.00M | Scene, ViewLayer | Waiting for render to start
Fra:1 Mem:25.58M (Peak 34.16M) | Time:00:00.08 | Mem:0.00M, Peak:0.00M | Scene, ViewLayer | Updating Scene
Fra:1 Mem:25.58M (Peak 34.16M) | Time:00:00.08 | Mem:0.00M, Peak:0.00M | Scene, ViewLayer | Updating Shaders
Fra:1 Mem:25.58M (Peak 34.16M) | Time:00:00.08 | Mem:0.00M, Peak:0.00M | Scene, ViewLayer | Loading render kernels (may take a few minutes the first time)
Fra:1 Mem:25.66M (Peak 53.69M) | Time:00:00.12 | Mem:0.00M, Peak:0.00M | Scene, ViewLayer | Updating Procedurals
Fra:1 Mem:25.66M (Peak 53.69M) | Time:00:00.12 | Mem:0.00M, Peak:0.00M | Scene, ViewLayer | Updating Background
Fra:1 Mem:25.66M (Peak 53.69M) | Time:00:00.12 | Mem:0.00M, Peak:0.00M | Scene, ViewLayer | Updating Camera
Fra:1 Mem:25.66M (Peak 53.69M) | Time:00:00.12 | Mem:0.00M, Peak:0.00M | Scene, ViewLayer | Updating Meshes Flags
Fra:1 Mem:25.66M (Peak 53.69M) | Time:00:00.12 | Mem:0.00M, Peak:0.00M | Scene, ViewLayer | Updating Objects
Fra:1 Mem:25.66M (Peak 53.69M) | Time:00:00.12 | Mem:0.00M, Peak:0.00M | Scene, ViewLayer | Updating Objects | Copying Transformations to device
Fra:1 Mem:25.67M (Peak 53.69M) | Time:00:00.12 | Mem:0.01M, Peak:0.01M | Scene, ViewLayer | Updating Particle Systems
Fra:1 Mem:25.67M (Peak 53.69M) | Time:00:00.12 | Mem:0.01M, Peak:0.01M | Scene, ViewLayer | Updating Particle Systems | Copying Particles to device
Fra:1 Mem:25.67M (Peak 53.69M) | Time:00:00.12 | Mem:0.01M, Peak:0.01M | Scene, ViewLayer | Updating Meshes
Fra:1 Mem:25.67M (Peak 53.69M) | Time:00:00.12 | Mem:0.01M, Peak:0.01M | Scene, ViewLayer | Updating Objects | Applying Static Transformations
Fra:1 Mem:25.67M (Peak 53.69M) | Time:00:00.12 | Mem:0.01M, Peak:0.01M | Scene, ViewLayer | Updating Mesh | Computing attributes
Fra:1 Mem:26.24M (Peak 53.69M) | Time:00:00.12 | Mem:0.01M, Peak:0.01M | Scene, ViewLayer | Updating Mesh | Copying Attributes to device
Fra:1 Mem:26.23M (Peak 53.69M) | Time:00:00.12 | Mem:0.57M, Peak:0.57M | Scene, ViewLayer | Updating Scene BVH | Building
Fra:1 Mem:26.23M (Peak 53.69M) | Time:00:00.12 | Mem:0.57M, Peak:0.57M | Scene, ViewLayer | Updating Scene BVH | Building BVH
Fra:1 Mem:31.79M (Peak 53.69M) | Time:00:00.13 | Mem:0.57M, Peak:0.57M | Scene, ViewLayer | Updating Scene BVH | Packing BVH triangles and strands
Fra:1 Mem:32.16M (Peak 53.69M) | Time:00:00.13 | Mem:0.57M, Peak:0.57M | Scene, ViewLayer | Updating Scene BVH | Packing BVH nodes
Fra:1 Mem:31.82M (Peak 53.69M) | Time:00:00.14 | Mem:0.57M, Peak:0.57M | Scene, ViewLayer | Updating Scene BVH | Copying BVH to device
Fra:1 Mem:31.82M (Peak 53.69M) | Time:00:00.14 | Mem:3.36M, Peak:3.36M | Scene, ViewLayer | Updating Mesh | Computing normals
Fra:1 Mem:34.42M (Peak 53.69M) | Time:00:00.14 | Mem:3.36M, Peak:3.36M | Scene, ViewLayer | Updating Mesh | Copying Mesh to device
Fra:1 Mem:34.42M (Peak 53.69M) | Time:00:00.14 | Mem:5.96M, Peak:5.96M | Scene, ViewLayer | Updating Objects Flags
Fra:1 Mem:34.42M (Peak 53.69M) | Time:00:00.14 | Mem:5.96M, Peak:5.96M | Scene, ViewLayer | Updating Primitive Offsets
Fra:1 Mem:34.42M (Peak 53.69M) | Time:00:00.14 | Mem:5.96M, Peak:5.96M | Scene, ViewLayer | Updating Images
Fra:1 Mem:34.42M (Peak 53.69M) | Time:00:00.14 | Mem:5.96M, Peak:5.96M | Scene, ViewLayer | Updating Camera Volume
Fra:1 Mem:34.42M (Peak 53.69M) | Time:00:00.14 | Mem:5.96M, Peak:5.96M | Scene, ViewLayer | Updating Lookup Tables
Fra:1 Mem:34.42M (Peak 53.69M) | Time:00:00.14 | Mem:6.05M, Peak:6.05M | Scene, ViewLayer | Updating Lights
Fra:1 Mem:34.42M (Peak 53.69M) | Time:00:00.14 | Mem:6.05M, Peak:6.05M | Scene, ViewLayer | Updating Lights | Computing tree
Fra:1 Mem:34.42M (Peak 53.69M) | Time:00:00.14 | Mem:6.05M, Peak:6.05M | Scene, ViewLayer | Updating Integrator
Fra:1 Mem:34.42M (Peak 53.69M) | Time:00:00.14 | Mem:6.05M, Peak:6.05M | Scene, ViewLayer | Updating Film
Fra:1 Mem:34.42M (Peak 53.69M) | Time:00:00.14 | Mem:5.97M, Peak:6.05M | Scene, ViewLayer | Updating Lookup Tables
Fra:1 Mem:34.42M (Peak 53.69M) | Time:00:00.14 | Mem:6.05M, Peak:6.05M | Scene, ViewLayer | Updating Baking
Fra:1 Mem:34.42M (Peak 53.69M) | Time:00:00.14 | Mem:6.05M, Peak:6.05M | Scene, ViewLayer | Updating Device | Writing constant memory
Fra:1 Mem:34.43M (Peak 53.69M) | Time:00:00.14 | Mem:6.05M, Peak:6.05M | Scene, ViewLayer | Loading denoising kernels (may take a few minutes the first time)
Fra:1 Mem:38.43M (Peak 53.69M) | Time:00:00.14 | Mem:358.05M, Peak:358.05M | Scene, ViewLayer | Sample 0/32
Fra:1 Mem:81.18M (Peak 81.18M) | Time:00:00.15 | Remaining:00:00.18 | Mem:400.80M, Peak:400.80M | Scene, ViewLayer | Sample 1/32
Fra:1 Mem:99.19M (Peak 126.19M) | Time:00:01.61 | Mem:400.81M, Peak:400.81M | Scene, ViewLayer | Sample 32/32
Fra:1 Mem:99.19M (Peak 126.19M) | Time:00:01.61 | Mem:400.81M, Peak:400.81M | Scene, ViewLayer | Finished
Saved: '/home/cbsim/ws/slime-workflow/.tmp/mannequin-reference-refinement/2026-09-23_07-33-20/compare-refined-front.png'
Time: 00:01.73 (Saving: 00:00.02)

Fra:1 Mem:25.09M (Peak 25.09M) | Time:00:00.07 | Mem:0.00M, Peak:0.00M | Scene, ViewLayer | Synchronizing object | key
Fra:1 Mem:25.09M (Peak 25.09M) | Time:00:00.07 | Mem:0.00M, Peak:0.00M | Scene, ViewLayer | Synchronizing object | head-shell-part
Fra:1 Mem:25.09M (Peak 25.09M) | Time:00:00.07 | Mem:0.00M, Peak:0.00M | Scene, ViewLayer | Synchronizing object | right-ankle-ball
Fra:1 Mem:25.10M (Peak 25.10M) | Time:00:00.07 | Mem:0.00M, Peak:0.00M | Scene, ViewLayer | Synchronizing object | neck-shell-part
Fra:1 Mem:25.33M (Peak 25.33M) | Time:00:00.07 | Mem:0.00M, Peak:0.00M | Scene, ViewLayer | Synchronizing object | chest-shell-part
Fra:1 Mem:25.34M (Peak 25.34M) | Time:00:00.07 | Mem:0.00M, Peak:0.00M | Scene, ViewLayer | Synchronizing object | left-upper-arm-shell
Fra:1 Mem:25.42M (Peak 25.42M) | Time:00:00.07 | Mem:0.00M, Peak:0.00M | Scene, ViewLayer | Synchronizing object | left-forearm-shell
Fra:1 Mem:25.50M (Peak 25.50M) | Time:00:00.07 | Mem:0.00M, Peak:0.00M | Scene, ViewLayer | Synchronizing object | right-hip-ball
Fra:1 Mem:25.93M (Peak 25.93M) | Time:00:00.07 | Mem:0.00M, Peak:0.00M | Scene, ViewLayer | Synchronizing object | left-hand-shell
Fra:1 Mem:26.08M (Peak 26.08M) | Time:00:00.07 | Mem:0.00M, Peak:0.00M | Scene, ViewLayer | Synchronizing object | right-wrist-ball
Fra:1 Mem:26.43M (Peak 26.43M) | Time:00:00.07 | Mem:0.00M, Peak:0.00M | Scene, ViewLayer | Synchronizing object | left-foot-shell
Fra:1 Mem:26.48M (Peak 26.48M) | Time:00:00.07 | Mem:0.00M, Peak:0.00M | Scene, ViewLayer | Synchronizing object | left-elbow-ball
Fra:1 Mem:26.68M (Peak 26.68M) | Time:00:00.07 | Mem:0.00M, Peak:0.00M | Scene, ViewLayer | Synchronizing object | left-knee-ball
Fra:1 Mem:26.91M (Peak 26.91M) | Time:00:00.07 | Mem:0.00M, Peak:0.00M | Scene, ViewLayer | Synchronizing object | right-forearm-shell
Fra:1 Mem:26.97M (Peak 26.97M) | Time:00:00.07 | Mem:0.00M, Peak:0.00M | Scene, ViewLayer | Synchronizing object | right-hand-shell
Fra:1 Mem:27.08M (Peak 27.08M) | Time:00:00.07 | Mem:0.00M, Peak:0.00M | Scene, ViewLayer | Synchronizing object | right-foot-shell
Fra:1 Mem:27.21M (Peak 27.21M) | Time:00:00.07 | Mem:0.00M, Peak:0.00M | Scene, ViewLayer | Synchronizing object | right-shoulder-ball
Fra:1 Mem:27.48M (Peak 27.48M) | Time:00:00.07 | Mem:0.00M, Peak:0.00M | Scene, ViewLayer | Synchronizing object | right-elbow-ball
Fra:1 Mem:33.00M (Peak 34.79M) | Time:00:00.08 | Mem:0.00M, Peak:0.00M | Scene, ViewLayer | Initializing
Fra:1 Mem:25.58M (Peak 34.79M) | Time:00:00.08 | Mem:0.00M, Peak:0.00M | Scene, ViewLayer | Waiting for render to start
Fra:1 Mem:25.58M (Peak 34.79M) | Time:00:00.08 | Mem:0.00M, Peak:0.00M | Scene, ViewLayer | Updating Scene
Fra:1 Mem:25.58M (Peak 34.79M) | Time:00:00.08 | Mem:0.00M, Peak:0.00M | Scene, ViewLayer | Updating Shaders
Fra:1 Mem:25.58M (Peak 34.79M) | Time:00:00.08 | Mem:0.00M, Peak:0.00M | Scene, ViewLayer | Loading render kernels (may take a few minutes the first time)
Fra:1 Mem:25.66M (Peak 53.69M) | Time:00:00.12 | Mem:0.00M, Peak:0.00M | Scene, ViewLayer | Updating Procedurals
Fra:1 Mem:25.66M (Peak 53.69M) | Time:00:00.12 | Mem:0.00M, Peak:0.00M | Scene, ViewLayer | Updating Background
Fra:1 Mem:25.66M (Peak 53.69M) | Time:00:00.12 | Mem:0.00M, Peak:0.00M | Scene, ViewLayer | Updating Camera
Fra:1 Mem:25.66M (Peak 53.69M) | Time:00:00.12 | Mem:0.00M, Peak:0.00M | Scene, ViewLayer | Updating Meshes Flags
Fra:1 Mem:25.66M (Peak 53.69M) | Time:00:00.12 | Mem:0.00M, Peak:0.00M | Scene, ViewLayer | Updating Objects
Fra:1 Mem:25.66M (Peak 53.69M) | Time:00:00.12 | Mem:0.00M, Peak:0.00M | Scene, ViewLayer | Updating Objects | Copying Transformations to device
Fra:1 Mem:25.67M (Peak 53.69M) | Time:00:00.12 | Mem:0.01M, Peak:0.01M | Scene, ViewLayer | Updating Particle Systems
Fra:1 Mem:25.67M (Peak 53.69M) | Time:00:00.12 | Mem:0.01M, Peak:0.01M | Scene, ViewLayer | Updating Particle Systems | Copying Particles to device
Fra:1 Mem:25.67M (Peak 53.69M) | Time:00:00.12 | Mem:0.01M, Peak:0.01M | Scene, ViewLayer | Updating Meshes
Fra:1 Mem:25.67M (Peak 53.69M) | Time:00:00.12 | Mem:0.01M, Peak:0.01M | Scene, ViewLayer | Updating Objects | Applying Static Transformations
Fra:1 Mem:25.67M (Peak 53.69M) | Time:00:00.12 | Mem:0.01M, Peak:0.01M | Scene, ViewLayer | Updating Mesh | Computing attributes
Fra:1 Mem:26.24M (Peak 53.69M) | Time:00:00.12 | Mem:0.01M, Peak:0.01M | Scene, ViewLayer | Updating Mesh | Copying Attributes to device
Fra:1 Mem:26.23M (Peak 53.69M) | Time:00:00.12 | Mem:0.57M, Peak:0.57M | Scene, ViewLayer | Updating Scene BVH | Building
Fra:1 Mem:26.23M (Peak 53.69M) | Time:00:00.12 | Mem:0.57M, Peak:0.57M | Scene, ViewLayer | Updating Scene BVH | Building BVH
Fra:1 Mem:31.79M (Peak 53.69M) | Time:00:00.13 | Mem:0.57M, Peak:0.57M | Scene, ViewLayer | Updating Scene BVH | Packing BVH triangles and strands
Fra:1 Mem:32.16M (Peak 53.69M) | Time:00:00.13 | Mem:0.57M, Peak:0.57M | Scene, ViewLayer | Updating Scene BVH | Packing BVH nodes
Fra:1 Mem:31.82M (Peak 53.69M) | Time:00:00.13 | Mem:0.57M, Peak:0.57M | Scene, ViewLayer | Updating Scene BVH | Copying BVH to device
Fra:1 Mem:31.82M (Peak 53.69M) | Time:00:00.13 | Mem:3.36M, Peak:3.36M | Scene, ViewLayer | Updating Mesh | Computing normals
Fra:1 Mem:34.42M (Peak 53.69M) | Time:00:00.13 | Mem:3.36M, Peak:3.36M | Scene, ViewLayer | Updating Mesh | Copying Mesh to device
Fra:1 Mem:34.42M (Peak 53.69M) | Time:00:00.13 | Mem:5.96M, Peak:5.96M | Scene, ViewLayer | Updating Objects Flags
Fra:1 Mem:34.42M (Peak 53.69M) | Time:00:00.13 | Mem:5.96M, Peak:5.96M | Scene, ViewLayer | Updating Primitive Offsets
Fra:1 Mem:34.42M (Peak 53.69M) | Time:00:00.13 | Mem:5.96M, Peak:5.96M | Scene, ViewLayer | Updating Images
Fra:1 Mem:34.42M (Peak 53.69M) | Time:00:00.13 | Mem:5.96M, Peak:5.96M | Scene, ViewLayer | Updating Camera Volume
Fra:1 Mem:34.42M (Peak 53.69M) | Time:00:00.13 | Mem:5.96M, Peak:5.96M | Scene, ViewLayer | Updating Lookup Tables
Fra:1 Mem:34.42M (Peak 53.69M) | Time:00:00.13 | Mem:6.05M, Peak:6.05M | Scene, ViewLayer | Updating Lights
Fra:1 Mem:34.42M (Peak 53.69M) | Time:00:00.13 | Mem:6.05M, Peak:6.05M | Scene, ViewLayer | Updating Lights | Computing tree
Fra:1 Mem:34.42M (Peak 53.69M) | Time:00:00.13 | Mem:6.05M, Peak:6.05M | Scene, ViewLayer | Updating Integrator
Fra:1 Mem:34.42M (Peak 53.69M) | Time:00:00.13 | Mem:6.05M, Peak:6.05M | Scene, ViewLayer | Updating Film
Fra:1 Mem:34.42M (Peak 53.69M) | Time:00:00.13 | Mem:5.97M, Peak:6.05M | Scene, ViewLayer | Updating Lookup Tables
Fra:1 Mem:34.42M (Peak 53.69M) | Time:00:00.13 | Mem:6.05M, Peak:6.05M | Scene, ViewLayer | Updating Baking
Fra:1 Mem:34.42M (Peak 53.69M) | Time:00:00.13 | Mem:6.05M, Peak:6.05M | Scene, ViewLayer | Updating Device | Writing constant memory
Fra:1 Mem:34.43M (Peak 53.69M) | Time:00:00.13 | Mem:6.05M, Peak:6.05M | Scene, ViewLayer | Loading denoising kernels (may take a few minutes the first time)
Fra:1 Mem:38.43M (Peak 53.69M) | Time:00:00.14 | Mem:358.05M, Peak:358.05M | Scene, ViewLayer | Sample 0/32
Fra:1 Mem:81.18M (Peak 81.18M) | Time:00:00.14 | Remaining:00:00.15 | Mem:400.80M, Peak:400.80M | Scene, ViewLayer | Sample 1/32
Fra:1 Mem:99.19M (Peak 126.19M) | Time:00:01.56 | Mem:400.81M, Peak:400.81M | Scene, ViewLayer | Sample 32/32
Fra:1 Mem:99.19M (Peak 126.19M) | Time:00:01.56 | Mem:400.81M, Peak:400.81M | Scene, ViewLayer | Finished
Saved: '/home/cbsim/ws/slime-workflow/.tmp/mannequin-reference-refinement/2026-09-23_07-33-20/compare-refined-side.png'
Time: 00:01.67 (Saving: 00:00.02)

Fra:1 Mem:25.09M (Peak 25.09M) | Time:00:00.07 | Mem:0.00M, Peak:0.00M | Scene, ViewLayer | Synchronizing object | key
Fra:1 Mem:25.09M (Peak 25.09M) | Time:00:00.07 | Mem:0.00M, Peak:0.00M | Scene, ViewLayer | Synchronizing object | right-ankle-ball
Fra:1 Mem:25.10M (Peak 25.10M) | Time:00:00.07 | Mem:0.00M, Peak:0.00M | Scene, ViewLayer | Synchronizing object | chest-shell-part
Fra:1 Mem:25.19M (Peak 25.19M) | Time:00:00.07 | Mem:0.00M, Peak:0.00M | Scene, ViewLayer | Synchronizing object | right-knee-ball
Fra:1 Mem:25.24M (Peak 25.24M) | Time:00:00.07 | Mem:0.00M, Peak:0.00M | Scene, ViewLayer | Synchronizing object | head-pivot-ball
Fra:1 Mem:25.27M (Peak 25.27M) | Time:00:00.07 | Mem:0.00M, Peak:0.00M | Scene, ViewLayer | Synchronizing object | left-shoulder-ball
Fra:1 Mem:25.36M (Peak 25.36M) | Time:00:00.07 | Mem:0.00M, Peak:0.00M | Scene, ViewLayer | Synchronizing object | left-ankle-ball
Fra:1 Mem:25.48M (Peak 25.48M) | Time:00:00.07 | Mem:0.00M, Peak:0.00M | Scene, ViewLayer | Synchronizing object | right-upper-arm-shell
Fra:1 Mem:25.59M (Peak 25.59M) | Time:00:00.07 | Mem:0.00M, Peak:0.00M | Scene, ViewLayer | Synchronizing object | right-hand-shell
Fra:1 Mem:26.18M (Peak 26.18M) | Time:00:00.07 | Mem:0.00M, Peak:0.00M | Scene, ViewLayer | Synchronizing object | right-shin-shell
Fra:1 Mem:26.24M (Peak 26.24M) | Time:00:00.07 | Mem:0.00M, Peak:0.00M | Scene, ViewLayer | Synchronizing object | right-elbow-ball
Fra:1 Mem:26.67M (Peak 26.67M) | Time:00:00.07 | Mem:0.00M, Peak:0.00M | Scene, ViewLayer | Synchronizing object | right-wrist-ball
Fra:1 Mem:33.00M (Peak 34.33M) | Time:00:00.08 | Mem:0.00M, Peak:0.00M | Scene, ViewLayer | Initializing
Fra:1 Mem:25.58M (Peak 34.33M) | Time:00:00.08 | Mem:0.00M, Peak:0.00M | Scene, ViewLayer | Waiting for render to start
Fra:1 Mem:25.58M (Peak 34.33M) | Time:00:00.08 | Mem:0.00M, Peak:0.00M | Scene, ViewLayer | Updating Scene
Fra:1 Mem:25.58M (Peak 34.33M) | Time:00:00.08 | Mem:0.00M, Peak:0.00M | Scene, ViewLayer | Updating Shaders
Fra:1 Mem:25.58M (Peak 34.33M) | Time:00:00.08 | Mem:0.00M, Peak:0.00M | Scene, ViewLayer | Loading render kernels (may take a few minutes the first time)
Fra:1 Mem:25.66M (Peak 53.69M) | Time:00:00.12 | Mem:0.00M, Peak:0.00M | Scene, ViewLayer | Updating Procedurals
Fra:1 Mem:25.66M (Peak 53.69M) | Time:00:00.12 | Mem:0.00M, Peak:0.00M | Scene, ViewLayer | Updating Background
Fra:1 Mem:25.66M (Peak 53.69M) | Time:00:00.12 | Mem:0.00M, Peak:0.00M | Scene, ViewLayer | Updating Camera
Fra:1 Mem:25.66M (Peak 53.69M) | Time:00:00.12 | Mem:0.00M, Peak:0.00M | Scene, ViewLayer | Updating Meshes Flags
Fra:1 Mem:25.66M (Peak 53.69M) | Time:00:00.12 | Mem:0.00M, Peak:0.00M | Scene, ViewLayer | Updating Objects
Fra:1 Mem:25.66M (Peak 53.69M) | Time:00:00.12 | Mem:0.00M, Peak:0.00M | Scene, ViewLayer | Updating Objects | Copying Transformations to device
Fra:1 Mem:25.67M (Peak 53.69M) | Time:00:00.12 | Mem:0.01M, Peak:0.01M | Scene, ViewLayer | Updating Particle Systems
Fra:1 Mem:25.67M (Peak 53.69M) | Time:00:00.12 | Mem:0.01M, Peak:0.01M | Scene, ViewLayer | Updating Particle Systems | Copying Particles to device
Fra:1 Mem:25.67M (Peak 53.69M) | Time:00:00.12 | Mem:0.01M, Peak:0.01M | Scene, ViewLayer | Updating Meshes
Fra:1 Mem:25.67M (Peak 53.69M) | Time:00:00.12 | Mem:0.01M, Peak:0.01M | Scene, ViewLayer | Updating Objects | Applying Static Transformations
Fra:1 Mem:25.67M (Peak 53.69M) | Time:00:00.12 | Mem:0.01M, Peak:0.01M | Scene, ViewLayer | Updating Mesh | Computing attributes
Fra:1 Mem:26.24M (Peak 53.69M) | Time:00:00.12 | Mem:0.01M, Peak:0.01M | Scene, ViewLayer | Updating Mesh | Copying Attributes to device
Fra:1 Mem:26.23M (Peak 53.69M) | Time:00:00.12 | Mem:0.57M, Peak:0.57M | Scene, ViewLayer | Updating Scene BVH | Building
Fra:1 Mem:26.23M (Peak 53.69M) | Time:00:00.12 | Mem:0.57M, Peak:0.57M | Scene, ViewLayer | Updating Scene BVH | Building BVH
Fra:1 Mem:31.79M (Peak 53.69M) | Time:00:00.13 | Mem:0.57M, Peak:0.57M | Scene, ViewLayer | Updating Scene BVH | Packing BVH triangles and strands
Fra:1 Mem:32.16M (Peak 53.69M) | Time:00:00.13 | Mem:0.57M, Peak:0.57M | Scene, ViewLayer | Updating Scene BVH | Packing BVH nodes
Fra:1 Mem:31.82M (Peak 53.69M) | Time:00:00.13 | Mem:0.57M, Peak:0.57M | Scene, ViewLayer | Updating Scene BVH | Copying BVH to device
Fra:1 Mem:31.82M (Peak 53.69M) | Time:00:00.13 | Mem:3.36M, Peak:3.36M | Scene, ViewLayer | Updating Mesh | Computing normals
Fra:1 Mem:34.42M (Peak 53.69M) | Time:00:00.13 | Mem:3.36M, Peak:3.36M | Scene, ViewLayer | Updating Mesh | Copying Mesh to device
Fra:1 Mem:34.42M (Peak 53.69M) | Time:00:00.14 | Mem:5.96M, Peak:5.96M | Scene, ViewLayer | Updating Objects Flags
Fra:1 Mem:34.42M (Peak 53.69M) | Time:00:00.14 | Mem:5.96M, Peak:5.96M | Scene, ViewLayer | Updating Primitive Offsets
Fra:1 Mem:34.42M (Peak 53.69M) | Time:00:00.14 | Mem:5.96M, Peak:5.96M | Scene, ViewLayer | Updating Images
Fra:1 Mem:34.42M (Peak 53.69M) | Time:00:00.14 | Mem:5.96M, Peak:5.96M | Scene, ViewLayer | Updating Camera Volume
Fra:1 Mem:34.42M (Peak 53.69M) | Time:00:00.14 | Mem:5.96M, Peak:5.96M | Scene, ViewLayer | Updating Lookup Tables
Fra:1 Mem:34.42M (Peak 53.69M) | Time:00:00.14 | Mem:6.05M, Peak:6.05M | Scene, ViewLayer | Updating Lights
Fra:1 Mem:34.42M (Peak 53.69M) | Time:00:00.14 | Mem:6.05M, Peak:6.05M | Scene, ViewLayer | Updating Lights | Computing tree
Fra:1 Mem:34.42M (Peak 53.69M) | Time:00:00.14 | Mem:6.05M, Peak:6.05M | Scene, ViewLayer | Updating Integrator
Fra:1 Mem:34.42M (Peak 53.69M) | Time:00:00.14 | Mem:6.05M, Peak:6.05M | Scene, ViewLayer | Updating Film
Fra:1 Mem:34.42M (Peak 53.69M) | Time:00:00.14 | Mem:5.97M, Peak:6.05M | Scene, ViewLayer | Updating Lookup Tables
Fra:1 Mem:34.42M (Peak 53.69M) | Time:00:00.14 | Mem:6.05M, Peak:6.05M | Scene, ViewLayer | Updating Baking
Fra:1 Mem:34.42M (Peak 53.69M) | Time:00:00.14 | Mem:6.05M, Peak:6.05M | Scene, ViewLayer | Updating Device | Writing constant memory
Fra:1 Mem:34.43M (Peak 53.69M) | Time:00:00.14 | Mem:6.05M, Peak:6.05M | Scene, ViewLayer | Loading denoising kernels (may take a few minutes the first time)
Fra:1 Mem:38.43M (Peak 53.69M) | Time:00:00.14 | Mem:358.05M, Peak:358.05M | Scene, ViewLayer | Sample 0/32
Fra:1 Mem:81.18M (Peak 81.18M) | Time:00:00.14 | Remaining:00:00.17 | Mem:400.80M, Peak:400.80M | Scene, ViewLayer | Sample 1/32
2026-09-23T07:35:32+0900/shape-comparison/heartbeat {'stage': 'refined-back'}
Fra:1 Mem:99.19M (Peak 126.19M) | Time:00:01.58 | Mem:400.81M, Peak:400.81M | Scene, ViewLayer | Sample 32/32
Fra:1 Mem:99.19M (Peak 126.19M) | Time:00:01.58 | Mem:400.81M, Peak:400.81M | Scene, ViewLayer | Finished
Saved: '/home/cbsim/ws/slime-workflow/.tmp/mannequin-reference-refinement/2026-09-23_07-33-20/compare-refined-back.png'
Time: 00:01.69 (Saving: 00:00.02)

2026-09-23T07:35:32+0900/shape-comparison/complete 동일 조건 정면·측면·후면 렌더 완료
