Read blend: "/home/cbsim/ws/slime-workflow/.tmp/mannequin-reference-refinement/2026-09-23_07-33-20/rigged-mannequin.blend"
Fra:1 Mem:21.36M (Peak 21.36M) | Time:00:00.08 | Mem:0.00M, Peak:0.00M | Scene, ViewLayer | Synchronizing object | key
Fra:1 Mem:21.36M (Peak 21.36M) | Time:00:00.08 | Mem:0.00M, Peak:0.00M | Scene, ViewLayer | Synchronizing object | head-shell-part
Fra:1 Mem:21.36M (Peak 21.36M) | Time:00:00.08 | Mem:0.00M, Peak:0.00M | Scene, ViewLayer | Synchronizing object | pelvis-shell-part
Fra:1 Mem:21.36M (Peak 21.36M) | Time:00:00.08 | Mem:0.00M, Peak:0.00M | Scene, ViewLayer | Synchronizing object | right-ankle-ball
Fra:1 Mem:21.36M (Peak 21.36M) | Time:00:00.08 | Mem:0.00M, Peak:0.00M | Scene, ViewLayer | Synchronizing object | left-upper-arm-shell
Fra:1 Mem:21.44M (Peak 21.44M) | Time:00:00.08 | Mem:0.00M, Peak:0.00M | Scene, ViewLayer | Synchronizing object | left-forearm-shell
Fra:1 Mem:23.47M (Peak 23.47M) | Time:00:00.08 | Mem:0.00M, Peak:0.00M | Scene, ViewLayer | Synchronizing object | left-foot-shell
Fra:1 Mem:23.51M (Peak 23.51M) | Time:00:00.08 | Mem:0.00M, Peak:0.00M | Scene, ViewLayer | Synchronizing object | left-wrist-ball
Fra:1 Mem:23.52M (Peak 23.52M) | Time:00:00.08 | Mem:0.00M, Peak:0.00M | Scene, ViewLayer | Synchronizing object | left-knee-ball
Fra:1 Mem:23.60M (Peak 23.60M) | Time:00:00.08 | Mem:0.00M, Peak:0.00M | Scene, ViewLayer | Synchronizing object | left-ankle-ball
Fra:1 Mem:23.62M (Peak 23.62M) | Time:00:00.08 | Mem:0.00M, Peak:0.00M | Scene, ViewLayer | Synchronizing object | right-hand-shell
Fra:1 Mem:23.63M (Peak 23.63M) | Time:00:00.08 | Mem:0.00M, Peak:0.00M | Scene, ViewLayer | Synchronizing object | right-foot-shell
Fra:1 Mem:25.26M (Peak 25.26M) | Time:00:00.08 | Mem:0.00M, Peak:0.00M | Scene, ViewLayer | Synchronizing object | right-shoulder-ball
Fra:1 Mem:26.49M (Peak 26.49M) | Time:00:00.08 | Mem:0.00M, Peak:0.00M | Scene, ViewLayer | Synchronizing object | right-elbow-ball
Fra:1 Mem:27.10M (Peak 27.10M) | Time:00:00.08 | Mem:0.00M, Peak:0.00M | Scene, ViewLayer | Synchronizing object | right-wrist-ball
Fra:1 Mem:27.48M (Peak 27.48M) | Time:00:00.08 | Mem:0.00M, Peak:0.00M | Scene, ViewLayer | Synchronizing object | right-hip-ball
Fra:1 Mem:33.00M (Peak 34.13M) | Time:00:00.09 | Mem:0.00M, Peak:0.00M | Scene, ViewLayer | Initializing
Fra:1 Mem:25.58M (Peak 34.13M) | Time:00:00.09 | Mem:0.00M, Peak:0.00M | Scene, ViewLayer | Waiting for render to start
Fra:1 Mem:25.58M (Peak 34.13M) | Time:00:00.09 | Mem:0.00M, Peak:0.00M | Scene, ViewLayer | Updating Scene
Fra:1 Mem:25.58M (Peak 34.13M) | Time:00:00.09 | Mem:0.00M, Peak:0.00M | Scene, ViewLayer | Updating Shaders
Fra:1 Mem:25.58M (Peak 34.13M) | Time:00:00.09 | Mem:0.00M, Peak:0.00M | Scene, ViewLayer | Loading render kernels (may take a few minutes the first time)
Fra:1 Mem:25.66M (Peak 53.69M) | Time:00:00.15 | Mem:0.00M, Peak:0.00M | Scene, ViewLayer | Updating Procedurals
Fra:1 Mem:25.66M (Peak 53.69M) | Time:00:00.15 | Mem:0.00M, Peak:0.00M | Scene, ViewLayer | Updating Background
Fra:1 Mem:25.66M (Peak 53.69M) | Time:00:00.15 | Mem:0.00M, Peak:0.00M | Scene, ViewLayer | Updating Camera
Fra:1 Mem:25.66M (Peak 53.69M) | Time:00:00.15 | Mem:0.00M, Peak:0.00M | Scene, ViewLayer | Updating Meshes Flags
Fra:1 Mem:25.66M (Peak 53.69M) | Time:00:00.15 | Mem:0.00M, Peak:0.00M | Scene, ViewLayer | Updating Objects
Fra:1 Mem:25.66M (Peak 53.69M) | Time:00:00.15 | Mem:0.00M, Peak:0.00M | Scene, ViewLayer | Updating Objects | Copying Transformations to device
Fra:1 Mem:25.67M (Peak 53.69M) | Time:00:00.15 | Mem:0.01M, Peak:0.01M | Scene, ViewLayer | Updating Particle Systems
Fra:1 Mem:25.67M (Peak 53.69M) | Time:00:00.15 | Mem:0.01M, Peak:0.01M | Scene, ViewLayer | Updating Particle Systems | Copying Particles to device
Fra:1 Mem:25.67M (Peak 53.69M) | Time:00:00.15 | Mem:0.01M, Peak:0.01M | Scene, ViewLayer | Updating Meshes
Fra:1 Mem:25.67M (Peak 53.69M) | Time:00:00.15 | Mem:0.01M, Peak:0.01M | Scene, ViewLayer | Updating Objects | Applying Static Transformations
Fra:1 Mem:25.67M (Peak 53.69M) | Time:00:00.15 | Mem:0.01M, Peak:0.01M | Scene, ViewLayer | Updating Mesh | Computing attributes
Fra:1 Mem:26.24M (Peak 53.69M) | Time:00:00.15 | Mem:0.01M, Peak:0.01M | Scene, ViewLayer | Updating Mesh | Copying Attributes to device
Fra:1 Mem:26.23M (Peak 53.69M) | Time:00:00.15 | Mem:0.57M, Peak:0.57M | Scene, ViewLayer | Updating Scene BVH | Building
Fra:1 Mem:26.23M (Peak 53.69M) | Time:00:00.15 | Mem:0.57M, Peak:0.57M | Scene, ViewLayer | Updating Scene BVH | Building BVH
Fra:1 Mem:31.79M (Peak 53.69M) | Time:00:00.16 | Mem:0.57M, Peak:0.57M | Scene, ViewLayer | Updating Scene BVH | Packing BVH triangles and strands
Fra:1 Mem:32.16M (Peak 53.69M) | Time:00:00.16 | Mem:0.57M, Peak:0.57M | Scene, ViewLayer | Updating Scene BVH | Packing BVH nodes
Fra:1 Mem:31.82M (Peak 53.69M) | Time:00:00.16 | Mem:0.57M, Peak:0.57M | Scene, ViewLayer | Updating Scene BVH | Copying BVH to device
Fra:1 Mem:31.82M (Peak 53.69M) | Time:00:00.16 | Mem:3.36M, Peak:3.36M | Scene, ViewLayer | Updating Mesh | Computing normals
Fra:1 Mem:34.42M (Peak 53.69M) | Time:00:00.16 | Mem:3.36M, Peak:3.36M | Scene, ViewLayer | Updating Mesh | Copying Mesh to device
Fra:1 Mem:34.42M (Peak 53.69M) | Time:00:00.16 | Mem:5.96M, Peak:5.96M | Scene, ViewLayer | Updating Objects Flags
Fra:1 Mem:34.42M (Peak 53.69M) | Time:00:00.16 | Mem:5.96M, Peak:5.96M | Scene, ViewLayer | Updating Primitive Offsets
Fra:1 Mem:34.42M (Peak 53.69M) | Time:00:00.16 | Mem:5.96M, Peak:5.96M | Scene, ViewLayer | Updating Images
Fra:1 Mem:34.42M (Peak 53.69M) | Time:00:00.16 | Mem:5.96M, Peak:5.96M | Scene, ViewLayer | Updating Camera Volume
Fra:1 Mem:34.42M (Peak 53.69M) | Time:00:00.16 | Mem:5.96M, Peak:5.96M | Scene, ViewLayer | Updating Lookup Tables
Fra:1 Mem:34.42M (Peak 53.69M) | Time:00:00.16 | Mem:6.05M, Peak:6.05M | Scene, ViewLayer | Updating Lights
Fra:1 Mem:34.42M (Peak 53.69M) | Time:00:00.16 | Mem:6.05M, Peak:6.05M | Scene, ViewLayer | Updating Lights | Computing tree
Fra:1 Mem:34.42M (Peak 53.69M) | Time:00:00.16 | Mem:6.05M, Peak:6.05M | Scene, ViewLayer | Updating Integrator
Fra:1 Mem:34.42M (Peak 53.69M) | Time:00:00.16 | Mem:6.05M, Peak:6.05M | Scene, ViewLayer | Updating Film
Fra:1 Mem:34.42M (Peak 53.69M) | Time:00:00.16 | Mem:5.97M, Peak:6.05M | Scene, ViewLayer | Updating Lookup Tables
Fra:1 Mem:34.42M (Peak 53.69M) | Time:00:00.16 | Mem:6.05M, Peak:6.05M | Scene, ViewLayer | Updating Baking
Fra:1 Mem:34.42M (Peak 53.69M) | Time:00:00.16 | Mem:6.05M, Peak:6.05M | Scene, ViewLayer | Updating Device | Writing constant memory
Fra:1 Mem:34.43M (Peak 53.69M) | Time:00:00.16 | Mem:6.05M, Peak:6.05M | Scene, ViewLayer | Loading denoising kernels (may take a few minutes the first time)
Fra:1 Mem:38.43M (Peak 53.69M) | Time:00:00.17 | Mem:358.05M, Peak:358.05M | Scene, ViewLayer | Sample 0/32
Fra:1 Mem:81.18M (Peak 81.18M) | Time:00:00.18 | Remaining:00:00.30 | Mem:400.80M, Peak:400.80M | Scene, ViewLayer | Sample 1/32
Fra:1 Mem:99.19M (Peak 126.19M) | Time:00:01.75 | Mem:400.81M, Peak:400.81M | Scene, ViewLayer | Sample 32/32
Fra:1 Mem:99.19M (Peak 126.19M) | Time:00:01.75 | Mem:400.81M, Peak:400.81M | Scene, ViewLayer | Finished
Saved: '/home/cbsim/ws/slime-workflow/.tmp/mannequin-reference-refinement/2026-09-23_07-33-20/detail-face.png'
Time: 00:01.91 (Saving: 00:00.07)

Fra:1 Mem:25.09M (Peak 25.09M) | Time:00:00.08 | Mem:0.00M, Peak:0.00M | Scene, ViewLayer | Synchronizing object | key
Fra:1 Mem:25.09M (Peak 25.09M) | Time:00:00.08 | Mem:0.00M, Peak:0.00M | Scene, ViewLayer | Synchronizing object | head-shell-part
Fra:1 Mem:25.09M (Peak 25.09M) | Time:00:00.08 | Mem:0.00M, Peak:0.00M | Scene, ViewLayer | Synchronizing object | chest-shell-part
Fra:1 Mem:25.10M (Peak 25.10M) | Time:00:00.08 | Mem:0.00M, Peak:0.00M | Scene, ViewLayer | Synchronizing object | pelvis-shell-part
Fra:1 Mem:25.15M (Peak 25.15M) | Time:00:00.08 | Mem:0.00M, Peak:0.00M | Scene, ViewLayer | Synchronizing object | head-pivot-ball
Fra:1 Mem:25.43M (Peak 25.43M) | Time:00:00.08 | Mem:0.00M, Peak:0.00M | Scene, ViewLayer | Synchronizing object | right-knee-ball
Fra:1 Mem:25.83M (Peak 25.83M) | Time:00:00.08 | Mem:0.00M, Peak:0.00M | Scene, ViewLayer | Synchronizing object | left-upper-arm-shell
Fra:1 Mem:25.90M (Peak 25.90M) | Time:00:00.08 | Mem:0.00M, Peak:0.00M | Scene, ViewLayer | Synchronizing object | left-shoulder-ball
Fra:1 Mem:26.30M (Peak 26.30M) | Time:00:00.08 | Mem:0.00M, Peak:0.00M | Scene, ViewLayer | Synchronizing object | left-hip-ball
Fra:1 Mem:26.30M (Peak 26.30M) | Time:00:00.08 | Mem:0.00M, Peak:0.00M | Scene, ViewLayer | Synchronizing object | left-ankle-ball
Fra:1 Mem:26.36M (Peak 26.36M) | Time:00:00.08 | Mem:0.00M, Peak:0.00M | Scene, ViewLayer | Synchronizing object | right-shoulder-ball
Fra:1 Mem:26.45M (Peak 26.45M) | Time:00:00.08 | Mem:0.00M, Peak:0.00M | Scene, ViewLayer | Synchronizing object | right-elbow-ball
Fra:1 Mem:27.68M (Peak 27.68M) | Time:00:00.08 | Mem:0.00M, Peak:0.00M | Scene, ViewLayer | Synchronizing object | right-wrist-ball
Fra:1 Mem:33.00M (Peak 33.20M) | Time:00:00.09 | Mem:0.00M, Peak:0.00M | Scene, ViewLayer | Initializing
Fra:1 Mem:25.58M (Peak 33.20M) | Time:00:00.09 | Mem:0.00M, Peak:0.00M | Scene, ViewLayer | Waiting for render to start
Fra:1 Mem:25.58M (Peak 33.20M) | Time:00:00.09 | Mem:0.00M, Peak:0.00M | Scene, ViewLayer | Updating Scene
Fra:1 Mem:25.58M (Peak 33.20M) | Time:00:00.09 | Mem:0.00M, Peak:0.00M | Scene, ViewLayer | Updating Shaders
Fra:1 Mem:25.58M (Peak 33.20M) | Time:00:00.09 | Mem:0.00M, Peak:0.00M | Scene, ViewLayer | Loading render kernels (may take a few minutes the first time)
Fra:1 Mem:25.66M (Peak 53.69M) | Time:00:00.13 | Mem:0.00M, Peak:0.00M | Scene, ViewLayer | Updating Procedurals
Fra:1 Mem:25.66M (Peak 53.69M) | Time:00:00.13 | Mem:0.00M, Peak:0.00M | Scene, ViewLayer | Updating Background
Fra:1 Mem:25.66M (Peak 53.69M) | Time:00:00.13 | Mem:0.00M, Peak:0.00M | Scene, ViewLayer | Updating Camera
Fra:1 Mem:25.66M (Peak 53.69M) | Time:00:00.13 | Mem:0.00M, Peak:0.00M | Scene, ViewLayer | Updating Meshes Flags
Fra:1 Mem:25.66M (Peak 53.69M) | Time:00:00.13 | Mem:0.00M, Peak:0.00M | Scene, ViewLayer | Updating Objects
Fra:1 Mem:25.66M (Peak 53.69M) | Time:00:00.13 | Mem:0.00M, Peak:0.00M | Scene, ViewLayer | Updating Objects | Copying Transformations to device
Fra:1 Mem:25.67M (Peak 53.69M) | Time:00:00.13 | Mem:0.01M, Peak:0.01M | Scene, ViewLayer | Updating Particle Systems
Fra:1 Mem:25.67M (Peak 53.69M) | Time:00:00.13 | Mem:0.01M, Peak:0.01M | Scene, ViewLayer | Updating Particle Systems | Copying Particles to device
Fra:1 Mem:25.67M (Peak 53.69M) | Time:00:00.13 | Mem:0.01M, Peak:0.01M | Scene, ViewLayer | Updating Meshes
Fra:1 Mem:25.67M (Peak 53.69M) | Time:00:00.13 | Mem:0.01M, Peak:0.01M | Scene, ViewLayer | Updating Objects | Applying Static Transformations
Fra:1 Mem:25.67M (Peak 53.69M) | Time:00:00.13 | Mem:0.01M, Peak:0.01M | Scene, ViewLayer | Updating Mesh | Computing attributes
Fra:1 Mem:26.24M (Peak 53.69M) | Time:00:00.13 | Mem:0.01M, Peak:0.01M | Scene, ViewLayer | Updating Mesh | Copying Attributes to device
Fra:1 Mem:26.23M (Peak 53.69M) | Time:00:00.13 | Mem:0.57M, Peak:0.57M | Scene, ViewLayer | Updating Scene BVH | Building
Fra:1 Mem:26.23M (Peak 53.69M) | Time:00:00.13 | Mem:0.57M, Peak:0.57M | Scene, ViewLayer | Updating Scene BVH | Building BVH
Fra:1 Mem:31.79M (Peak 53.69M) | Time:00:00.14 | Mem:0.57M, Peak:0.57M | Scene, ViewLayer | Updating Scene BVH | Packing BVH triangles and strands
Fra:1 Mem:32.16M (Peak 53.69M) | Time:00:00.14 | Mem:0.57M, Peak:0.57M | Scene, ViewLayer | Updating Scene BVH | Packing BVH nodes
Fra:1 Mem:31.82M (Peak 53.69M) | Time:00:00.14 | Mem:0.57M, Peak:0.57M | Scene, ViewLayer | Updating Scene BVH | Copying BVH to device
Fra:1 Mem:31.82M (Peak 53.69M) | Time:00:00.14 | Mem:3.36M, Peak:3.36M | Scene, ViewLayer | Updating Mesh | Computing normals
Fra:1 Mem:34.42M (Peak 53.69M) | Time:00:00.14 | Mem:3.36M, Peak:3.36M | Scene, ViewLayer | Updating Mesh | Copying Mesh to device
Fra:1 Mem:34.42M (Peak 53.69M) | Time:00:00.14 | Mem:5.96M, Peak:5.96M | Scene, ViewLayer | Updating Objects Flags
Fra:1 Mem:34.42M (Peak 53.69M) | Time:00:00.14 | Mem:5.96M, Peak:5.96M | Scene, ViewLayer | Updating Primitive Offsets
Fra:1 Mem:34.42M (Peak 53.69M) | Time:00:00.14 | Mem:5.96M, Peak:5.96M | Scene, ViewLayer | Updating Images
Fra:1 Mem:34.42M (Peak 53.69M) | Time:00:00.14 | Mem:5.96M, Peak:5.96M | Scene, ViewLayer | Updating Camera Volume
Fra:1 Mem:34.42M (Peak 53.69M) | Time:00:00.14 | Mem:5.96M, Peak:5.96M | Scene, ViewLayer | Updating Lookup Tables
Fra:1 Mem:34.42M (Peak 53.69M) | Time:00:00.14 | Mem:6.05M, Peak:6.05M | Scene, ViewLayer | Updating Lights
Fra:1 Mem:34.42M (Peak 53.69M) | Time:00:00.14 | Mem:6.05M, Peak:6.05M | Scene, ViewLayer | Updating Lights | Computing tree
Fra:1 Mem:34.42M (Peak 53.69M) | Time:00:00.14 | Mem:6.05M, Peak:6.05M | Scene, ViewLayer | Updating Integrator
Fra:1 Mem:34.42M (Peak 53.69M) | Time:00:00.14 | Mem:6.05M, Peak:6.05M | Scene, ViewLayer | Updating Film
Fra:1 Mem:34.42M (Peak 53.69M) | Time:00:00.14 | Mem:5.97M, Peak:6.05M | Scene, ViewLayer | Updating Lookup Tables
Fra:1 Mem:34.42M (Peak 53.69M) | Time:00:00.14 | Mem:6.05M, Peak:6.05M | Scene, ViewLayer | Updating Baking
Fra:1 Mem:34.42M (Peak 53.69M) | Time:00:00.14 | Mem:6.05M, Peak:6.05M | Scene, ViewLayer | Updating Device | Writing constant memory
Fra:1 Mem:34.43M (Peak 53.69M) | Time:00:00.14 | Mem:6.05M, Peak:6.05M | Scene, ViewLayer | Loading denoising kernels (may take a few minutes the first time)
Fra:1 Mem:38.43M (Peak 53.69M) | Time:00:00.14 | Mem:358.05M, Peak:358.05M | Scene, ViewLayer | Sample 0/32
Fra:1 Mem:81.18M (Peak 81.18M) | Time:00:00.15 | Remaining:00:00.31 | Mem:400.80M, Peak:400.80M | Scene, ViewLayer | Sample 1/32
Fra:1 Mem:99.19M (Peak 126.19M) | Time:00:01.74 | Mem:400.81M, Peak:400.81M | Scene, ViewLayer | Sample 32/32
Fra:1 Mem:99.19M (Peak 126.19M) | Time:00:01.74 | Mem:400.81M, Peak:400.81M | Scene, ViewLayer | Finished
Saved: '/home/cbsim/ws/slime-workflow/.tmp/mannequin-reference-refinement/2026-09-23_07-33-20/detail-face-side.png'
Time: 00:01.86 (Saving: 00:00.03)

Fra:1 Mem:25.09M (Peak 25.09M) | Time:00:00.07 | Mem:0.00M, Peak:0.00M | Scene, ViewLayer | Synchronizing object | key
Fra:1 Mem:25.09M (Peak 25.09M) | Time:00:00.07 | Mem:0.00M, Peak:0.00M | Scene, ViewLayer | Synchronizing object | head-shell-part
Fra:1 Mem:25.09M (Peak 25.09M) | Time:00:00.07 | Mem:0.00M, Peak:0.00M | Scene, ViewLayer | Synchronizing object | chest-shell-part
Fra:1 Mem:25.12M (Peak 25.12M) | Time:00:00.07 | Mem:0.00M, Peak:0.00M | Scene, ViewLayer | Synchronizing object | pelvis-shell-part
Fra:1 Mem:25.20M (Peak 25.20M) | Time:00:00.07 | Mem:0.00M, Peak:0.00M | Scene, ViewLayer | Synchronizing object | head-pivot-ball
Fra:1 Mem:25.30M (Peak 25.30M) | Time:00:00.07 | Mem:0.00M, Peak:0.00M | Scene, ViewLayer | Synchronizing object | left-upper-arm-shell
Fra:1 Mem:25.72M (Peak 25.72M) | Time:00:00.07 | Mem:0.00M, Peak:0.00M | Scene, ViewLayer | Synchronizing object | left-shoulder-ball
Fra:1 Mem:26.01M (Peak 26.01M) | Time:00:00.07 | Mem:0.00M, Peak:0.00M | Scene, ViewLayer | Synchronizing object | left-elbow-ball
Fra:1 Mem:26.10M (Peak 26.10M) | Time:00:00.07 | Mem:0.00M, Peak:0.00M | Scene, ViewLayer | Synchronizing object | left-knee-ball
Fra:1 Mem:26.47M (Peak 26.47M) | Time:00:00.07 | Mem:0.00M, Peak:0.00M | Scene, ViewLayer | Synchronizing object | right-forearm-shell
Fra:1 Mem:26.53M (Peak 26.53M) | Time:00:00.07 | Mem:0.00M, Peak:0.00M | Scene, ViewLayer | Synchronizing object | right-thigh-shell
Fra:1 Mem:26.57M (Peak 26.57M) | Time:00:00.07 | Mem:0.00M, Peak:0.00M | Scene, ViewLayer | Synchronizing object | right-shoulder-ball
Fra:1 Mem:27.38M (Peak 27.38M) | Time:00:00.07 | Mem:0.00M, Peak:0.00M | Scene, ViewLayer | Synchronizing object | right-elbow-ball
Fra:1 Mem:27.61M (Peak 27.61M) | Time:00:00.07 | Mem:0.00M, Peak:0.00M | Scene, ViewLayer | Synchronizing object | right-wrist-ball
Fra:1 Mem:33.00M (Peak 34.33M) | Time:00:00.08 | Mem:0.00M, Peak:0.00M | Scene, ViewLayer | Initializing
Fra:1 Mem:25.58M (Peak 34.33M) | Time:00:00.08 | Mem:0.00M, Peak:0.00M | Scene, ViewLayer | Waiting for render to start
Fra:1 Mem:25.58M (Peak 34.33M) | Time:00:00.08 | Mem:0.00M, Peak:0.00M | Scene, ViewLayer | Updating Scene
Fra:1 Mem:25.58M (Peak 34.33M) | Time:00:00.08 | Mem:0.00M, Peak:0.00M | Scene, ViewLayer | Updating Shaders
Fra:1 Mem:25.58M (Peak 34.33M) | Time:00:00.08 | Mem:0.00M, Peak:0.00M | Scene, ViewLayer | Loading render kernels (may take a few minutes the first time)
Fra:1 Mem:25.66M (Peak 53.69M) | Time:00:00.12 | Mem:0.00M, Peak:0.00M | Scene, ViewLayer | Updating Procedurals
Fra:1 Mem:25.66M (Peak 53.69M) | Time:00:00.12 | Mem:0.00M, Peak:0.00M | Scene, ViewLayer | Updating Background
Fra:1 Mem:25.66M (Peak 53.69M) | Time:00:00.12 | Mem:0.00M, Peak:0.00M | Scene, ViewLayer | Updating Camera
Fra:1 Mem:25.66M (Peak 53.69M) | Time:00:00.12 | Mem:0.00M, Peak:0.00M | Scene, ViewLayer | Updating Meshes Flags
Fra:1 Mem:25.66M (Peak 53.69M) | Time:00:00.12 | Mem:0.00M, Peak:0.00M | Scene, ViewLayer | Updating Objects
Fra:1 Mem:25.66M (Peak 53.69M) | Time:00:00.12 | Mem:0.00M, Peak:0.00M | Scene, ViewLayer | Updating Objects | Copying Transformations to device
Fra:1 Mem:25.67M (Peak 53.69M) | Time:00:00.12 | Mem:0.01M, Peak:0.01M | Scene, ViewLayer | Updating Particle Systems
Fra:1 Mem:25.67M (Peak 53.69M) | Time:00:00.12 | Mem:0.01M, Peak:0.01M | Scene, ViewLayer | Updating Particle Systems | Copying Particles to device
Fra:1 Mem:25.67M (Peak 53.69M) | Time:00:00.12 | Mem:0.01M, Peak:0.01M | Scene, ViewLayer | Updating Meshes
Fra:1 Mem:25.67M (Peak 53.69M) | Time:00:00.12 | Mem:0.01M, Peak:0.01M | Scene, ViewLayer | Updating Objects | Applying Static Transformations
Fra:1 Mem:25.67M (Peak 53.69M) | Time:00:00.12 | Mem:0.01M, Peak:0.01M | Scene, ViewLayer | Updating Mesh | Computing attributes
Fra:1 Mem:26.24M (Peak 53.69M) | Time:00:00.12 | Mem:0.01M, Peak:0.01M | Scene, ViewLayer | Updating Mesh | Copying Attributes to device
Fra:1 Mem:26.23M (Peak 53.69M) | Time:00:00.12 | Mem:0.57M, Peak:0.57M | Scene, ViewLayer | Updating Scene BVH | Building
Fra:1 Mem:26.23M (Peak 53.69M) | Time:00:00.12 | Mem:0.57M, Peak:0.57M | Scene, ViewLayer | Updating Scene BVH | Building BVH
Fra:1 Mem:31.79M (Peak 53.69M) | Time:00:00.13 | Mem:0.57M, Peak:0.57M | Scene, ViewLayer | Updating Scene BVH | Packing BVH triangles and strands
Fra:1 Mem:32.16M (Peak 53.69M) | Time:00:00.13 | Mem:0.57M, Peak:0.57M | Scene, ViewLayer | Updating Scene BVH | Packing BVH nodes
Fra:1 Mem:31.82M (Peak 53.69M) | Time:00:00.13 | Mem:0.57M, Peak:0.57M | Scene, ViewLayer | Updating Scene BVH | Copying BVH to device
Fra:1 Mem:31.82M (Peak 53.69M) | Time:00:00.13 | Mem:3.36M, Peak:3.36M | Scene, ViewLayer | Updating Mesh | Computing normals
Fra:1 Mem:34.42M (Peak 53.69M) | Time:00:00.14 | Mem:3.36M, Peak:3.36M | Scene, ViewLayer | Updating Mesh | Copying Mesh to device
Fra:1 Mem:34.42M (Peak 53.69M) | Time:00:00.14 | Mem:5.96M, Peak:5.96M | Scene, ViewLayer | Updating Objects Flags
Fra:1 Mem:34.42M (Peak 53.69M) | Time:00:00.14 | Mem:5.96M, Peak:5.96M | Scene, ViewLayer | Updating Primitive Offsets
Fra:1 Mem:34.42M (Peak 53.69M) | Time:00:00.14 | Mem:5.96M, Peak:5.96M | Scene, ViewLayer | Updating Images
Fra:1 Mem:34.42M (Peak 53.69M) | Time:00:00.14 | Mem:5.96M, Peak:5.96M | Scene, ViewLayer | Updating Camera Volume
Fra:1 Mem:34.42M (Peak 53.69M) | Time:00:00.14 | Mem:5.96M, Peak:5.96M | Scene, ViewLayer | Updating Lookup Tables
Fra:1 Mem:34.42M (Peak 53.69M) | Time:00:00.14 | Mem:6.05M, Peak:6.05M | Scene, ViewLayer | Updating Lights
Fra:1 Mem:34.42M (Peak 53.69M) | Time:00:00.14 | Mem:6.05M, Peak:6.05M | Scene, ViewLayer | Updating Lights | Computing tree
Fra:1 Mem:34.42M (Peak 53.69M) | Time:00:00.14 | Mem:6.05M, Peak:6.05M | Scene, ViewLayer | Updating Integrator
Fra:1 Mem:34.42M (Peak 53.69M) | Time:00:00.14 | Mem:6.05M, Peak:6.05M | Scene, ViewLayer | Updating Film
Fra:1 Mem:34.42M (Peak 53.69M) | Time:00:00.14 | Mem:5.97M, Peak:6.05M | Scene, ViewLayer | Updating Lookup Tables
Fra:1 Mem:34.42M (Peak 53.69M) | Time:00:00.14 | Mem:6.05M, Peak:6.05M | Scene, ViewLayer | Updating Baking
Fra:1 Mem:34.42M (Peak 53.69M) | Time:00:00.14 | Mem:6.05M, Peak:6.05M | Scene, ViewLayer | Updating Device | Writing constant memory
Fra:1 Mem:34.43M (Peak 53.69M) | Time:00:00.14 | Mem:6.05M, Peak:6.05M | Scene, ViewLayer | Loading denoising kernels (may take a few minutes the first time)
Fra:1 Mem:38.43M (Peak 53.69M) | Time:00:00.14 | Mem:358.05M, Peak:358.05M | Scene, ViewLayer | Sample 0/32
Fra:1 Mem:81.18M (Peak 81.18M) | Time:00:00.15 | Remaining:00:00.33 | Mem:400.80M, Peak:400.80M | Scene, ViewLayer | Sample 1/32
2026-09-23T07:35:08+0900/rig-details/heartbeat {'stage': 'detail-shoulder'}
Fra:1 Mem:99.19M (Peak 126.19M) | Time:00:01.77 | Mem:400.81M, Peak:400.81M | Scene, ViewLayer | Sample 32/32
Fra:1 Mem:99.19M (Peak 126.19M) | Time:00:01.77 | Mem:400.81M, Peak:400.81M | Scene, ViewLayer | Finished
Saved: '/home/cbsim/ws/slime-workflow/.tmp/mannequin-reference-refinement/2026-09-23_07-33-20/detail-shoulder.png'
Time: 00:01.90 (Saving: 00:00.03)

Fra:1 Mem:25.09M (Peak 25.09M) | Time:00:00.08 | Mem:0.00M, Peak:0.00M | Scene, ViewLayer | Synchronizing object | key
Fra:1 Mem:25.09M (Peak 25.09M) | Time:00:00.08 | Mem:0.00M, Peak:0.00M | Scene, ViewLayer | Synchronizing object | head-shell-part
Fra:1 Mem:25.09M (Peak 25.09M) | Time:00:00.08 | Mem:0.00M, Peak:0.00M | Scene, ViewLayer | Synchronizing object | neck-shell-part
Fra:1 Mem:25.10M (Peak 25.10M) | Time:00:00.08 | Mem:0.00M, Peak:0.00M | Scene, ViewLayer | Synchronizing object | chest-shell-part
Fra:1 Mem:25.12M (Peak 25.12M) | Time:00:00.08 | Mem:0.00M, Peak:0.00M | Scene, ViewLayer | Synchronizing object | right-ankle-ball
Fra:1 Mem:25.17M (Peak 25.17M) | Time:00:00.08 | Mem:0.00M, Peak:0.00M | Scene, ViewLayer | Synchronizing object | abdomen-shell-part
Fra:1 Mem:25.43M (Peak 25.43M) | Time:00:00.08 | Mem:0.00M, Peak:0.00M | Scene, ViewLayer | Synchronizing object | head-pivot-ball
Fra:1 Mem:25.44M (Peak 25.44M) | Time:00:00.08 | Mem:0.00M, Peak:0.00M | Scene, ViewLayer | Synchronizing object | left-hand-shell
Fra:1 Mem:25.84M (Peak 25.84M) | Time:00:00.08 | Mem:0.00M, Peak:0.00M | Scene, ViewLayer | Synchronizing object | left-shin-shell
Fra:1 Mem:26.06M (Peak 26.06M) | Time:00:00.08 | Mem:0.00M, Peak:0.00M | Scene, ViewLayer | Synchronizing object | left-elbow-ball
Fra:1 Mem:26.18M (Peak 26.18M) | Time:00:00.08 | Mem:0.00M, Peak:0.00M | Scene, ViewLayer | Synchronizing object | right-upper-arm-shell
Fra:1 Mem:26.50M (Peak 26.50M) | Time:00:00.08 | Mem:0.00M, Peak:0.00M | Scene, ViewLayer | Synchronizing object | right-forearm-shell
Fra:1 Mem:26.69M (Peak 26.69M) | Time:00:00.08 | Mem:0.00M, Peak:0.00M | Scene, ViewLayer | Synchronizing object | right-shin-shell
Fra:1 Mem:26.88M (Peak 26.88M) | Time:00:00.08 | Mem:0.00M, Peak:0.00M | Scene, ViewLayer | Synchronizing object | right-foot-shell
Fra:1 Mem:27.04M (Peak 27.04M) | Time:00:00.08 | Mem:0.00M, Peak:0.00M | Scene, ViewLayer | Synchronizing object | right-shoulder-ball
Fra:1 Mem:27.16M (Peak 27.16M) | Time:00:00.08 | Mem:0.00M, Peak:0.00M | Scene, ViewLayer | Synchronizing object | right-elbow-ball
Fra:1 Mem:27.94M (Peak 27.94M) | Time:00:00.08 | Mem:0.00M, Peak:0.00M | Scene, ViewLayer | Synchronizing object | right-wrist-ball
Fra:1 Mem:33.00M (Peak 33.89M) | Time:00:00.09 | Mem:0.00M, Peak:0.00M | Scene, ViewLayer | Initializing
Fra:1 Mem:25.58M (Peak 33.89M) | Time:00:00.09 | Mem:0.00M, Peak:0.00M | Scene, ViewLayer | Waiting for render to start
Fra:1 Mem:25.58M (Peak 33.89M) | Time:00:00.09 | Mem:0.00M, Peak:0.00M | Scene, ViewLayer | Updating Scene
Fra:1 Mem:25.58M (Peak 33.89M) | Time:00:00.09 | Mem:0.00M, Peak:0.00M | Scene, ViewLayer | Updating Shaders
Fra:1 Mem:25.58M (Peak 33.89M) | Time:00:00.09 | Mem:0.00M, Peak:0.00M | Scene, ViewLayer | Loading render kernels (may take a few minutes the first time)
Fra:1 Mem:25.66M (Peak 53.69M) | Time:00:00.13 | Mem:0.00M, Peak:0.00M | Scene, ViewLayer | Updating Procedurals
Fra:1 Mem:25.66M (Peak 53.69M) | Time:00:00.13 | Mem:0.00M, Peak:0.00M | Scene, ViewLayer | Updating Background
Fra:1 Mem:25.66M (Peak 53.69M) | Time:00:00.13 | Mem:0.00M, Peak:0.00M | Scene, ViewLayer | Updating Camera
Fra:1 Mem:25.66M (Peak 53.69M) | Time:00:00.13 | Mem:0.00M, Peak:0.00M | Scene, ViewLayer | Updating Meshes Flags
Fra:1 Mem:25.66M (Peak 53.69M) | Time:00:00.13 | Mem:0.00M, Peak:0.00M | Scene, ViewLayer | Updating Objects
Fra:1 Mem:25.66M (Peak 53.69M) | Time:00:00.13 | Mem:0.00M, Peak:0.00M | Scene, ViewLayer | Updating Objects | Copying Transformations to device
Fra:1 Mem:25.67M (Peak 53.69M) | Time:00:00.13 | Mem:0.01M, Peak:0.01M | Scene, ViewLayer | Updating Particle Systems
Fra:1 Mem:25.67M (Peak 53.69M) | Time:00:00.13 | Mem:0.01M, Peak:0.01M | Scene, ViewLayer | Updating Particle Systems | Copying Particles to device
Fra:1 Mem:25.67M (Peak 53.69M) | Time:00:00.13 | Mem:0.01M, Peak:0.01M | Scene, ViewLayer | Updating Meshes
Fra:1 Mem:25.67M (Peak 53.69M) | Time:00:00.13 | Mem:0.01M, Peak:0.01M | Scene, ViewLayer | Updating Objects | Applying Static Transformations
Fra:1 Mem:25.67M (Peak 53.69M) | Time:00:00.13 | Mem:0.01M, Peak:0.01M | Scene, ViewLayer | Updating Mesh | Computing attributes
Fra:1 Mem:26.24M (Peak 53.69M) | Time:00:00.13 | Mem:0.01M, Peak:0.01M | Scene, ViewLayer | Updating Mesh | Copying Attributes to device
Fra:1 Mem:26.23M (Peak 53.69M) | Time:00:00.13 | Mem:0.57M, Peak:0.57M | Scene, ViewLayer | Updating Scene BVH | Building
Fra:1 Mem:26.23M (Peak 53.69M) | Time:00:00.13 | Mem:0.57M, Peak:0.57M | Scene, ViewLayer | Updating Scene BVH | Building BVH
Fra:1 Mem:31.79M (Peak 53.69M) | Time:00:00.14 | Mem:0.57M, Peak:0.57M | Scene, ViewLayer | Updating Scene BVH | Packing BVH triangles and strands
Fra:1 Mem:32.16M (Peak 53.69M) | Time:00:00.14 | Mem:0.57M, Peak:0.57M | Scene, ViewLayer | Updating Scene BVH | Packing BVH nodes
Fra:1 Mem:31.82M (Peak 53.69M) | Time:00:00.14 | Mem:0.57M, Peak:0.57M | Scene, ViewLayer | Updating Scene BVH | Copying BVH to device
Fra:1 Mem:31.82M (Peak 53.69M) | Time:00:00.14 | Mem:3.36M, Peak:3.36M | Scene, ViewLayer | Updating Mesh | Computing normals
Fra:1 Mem:34.42M (Peak 53.69M) | Time:00:00.14 | Mem:3.36M, Peak:3.36M | Scene, ViewLayer | Updating Mesh | Copying Mesh to device
Fra:1 Mem:34.42M (Peak 53.69M) | Time:00:00.14 | Mem:5.96M, Peak:5.96M | Scene, ViewLayer | Updating Objects Flags
Fra:1 Mem:34.42M (Peak 53.69M) | Time:00:00.14 | Mem:5.96M, Peak:5.96M | Scene, ViewLayer | Updating Primitive Offsets
Fra:1 Mem:34.42M (Peak 53.69M) | Time:00:00.14 | Mem:5.96M, Peak:5.96M | Scene, ViewLayer | Updating Images
Fra:1 Mem:34.42M (Peak 53.69M) | Time:00:00.14 | Mem:5.96M, Peak:5.96M | Scene, ViewLayer | Updating Camera Volume
Fra:1 Mem:34.42M (Peak 53.69M) | Time:00:00.14 | Mem:5.96M, Peak:5.96M | Scene, ViewLayer | Updating Lookup Tables
Fra:1 Mem:34.42M (Peak 53.69M) | Time:00:00.14 | Mem:6.05M, Peak:6.05M | Scene, ViewLayer | Updating Lights
Fra:1 Mem:34.42M (Peak 53.69M) | Time:00:00.14 | Mem:6.05M, Peak:6.05M | Scene, ViewLayer | Updating Lights | Computing tree
Fra:1 Mem:34.42M (Peak 53.69M) | Time:00:00.14 | Mem:6.05M, Peak:6.05M | Scene, ViewLayer | Updating Integrator
Fra:1 Mem:34.42M (Peak 53.69M) | Time:00:00.14 | Mem:6.05M, Peak:6.05M | Scene, ViewLayer | Updating Film
Fra:1 Mem:34.42M (Peak 53.69M) | Time:00:00.14 | Mem:5.97M, Peak:6.05M | Scene, ViewLayer | Updating Lookup Tables
Fra:1 Mem:34.42M (Peak 53.69M) | Time:00:00.14 | Mem:6.05M, Peak:6.05M | Scene, ViewLayer | Updating Baking
Fra:1 Mem:34.42M (Peak 53.69M) | Time:00:00.14 | Mem:6.05M, Peak:6.05M | Scene, ViewLayer | Updating Device | Writing constant memory
Fra:1 Mem:34.43M (Peak 53.69M) | Time:00:00.14 | Mem:6.05M, Peak:6.05M | Scene, ViewLayer | Loading denoising kernels (may take a few minutes the first time)
Fra:1 Mem:38.43M (Peak 53.69M) | Time:00:00.15 | Mem:358.05M, Peak:358.05M | Scene, ViewLayer | Sample 0/32
Fra:1 Mem:81.18M (Peak 81.18M) | Time:00:00.16 | Remaining:00:00.42 | Mem:400.80M, Peak:400.80M | Scene, ViewLayer | Sample 1/32
Fra:1 Mem:99.19M (Peak 126.19M) | Time:00:01.85 | Mem:400.81M, Peak:400.81M | Scene, ViewLayer | Sample 32/32
Fra:1 Mem:99.19M (Peak 126.19M) | Time:00:01.85 | Mem:400.81M, Peak:400.81M | Scene, ViewLayer | Finished
Saved: '/home/cbsim/ws/slime-workflow/.tmp/mannequin-reference-refinement/2026-09-23_07-33-20/detail-hip.png'
Time: 00:01.98 (Saving: 00:00.03)

Fra:1 Mem:25.09M (Peak 25.09M) | Time:00:00.07 | Mem:0.00M, Peak:0.00M | Scene, ViewLayer | Synchronizing object | key
Fra:1 Mem:25.09M (Peak 25.09M) | Time:00:00.07 | Mem:0.00M, Peak:0.00M | Scene, ViewLayer | Synchronizing object | head-shell-part
Fra:1 Mem:25.09M (Peak 25.09M) | Time:00:00.07 | Mem:0.00M, Peak:0.00M | Scene, ViewLayer | Synchronizing object | neck-shell-part
Fra:1 Mem:25.10M (Peak 25.10M) | Time:00:00.07 | Mem:0.00M, Peak:0.00M | Scene, ViewLayer | Synchronizing object | abdomen-shell-part
Fra:1 Mem:25.12M (Peak 25.12M) | Time:00:00.07 | Mem:0.00M, Peak:0.00M | Scene, ViewLayer | Synchronizing object | head-pivot-ball
Fra:1 Mem:25.25M (Peak 25.25M) | Time:00:00.07 | Mem:0.00M, Peak:0.00M | Scene, ViewLayer | Synchronizing object | left-upper-arm-shell
Fra:1 Mem:25.33M (Peak 25.34M) | Time:00:00.07 | Mem:0.00M, Peak:0.00M | Scene, ViewLayer | Synchronizing object | left-hand-shell
Fra:1 Mem:25.62M (Peak 25.62M) | Time:00:00.07 | Mem:0.00M, Peak:0.00M | Scene, ViewLayer | Synchronizing object | left-foot-shell
Fra:1 Mem:25.71M (Peak 25.71M) | Time:00:00.07 | Mem:0.00M, Peak:0.00M | Scene, ViewLayer | Synchronizing object | left-elbow-ball
Fra:1 Mem:26.04M (Peak 26.04M) | Time:00:00.07 | Mem:0.00M, Peak:0.00M | Scene, ViewLayer | Synchronizing object | right-forearm-shell
Fra:1 Mem:26.07M (Peak 26.07M) | Time:00:00.07 | Mem:0.00M, Peak:0.00M | Scene, ViewLayer | Synchronizing object | right-hand-shell
Fra:1 Mem:26.16M (Peak 26.16M) | Time:00:00.07 | Mem:0.00M, Peak:0.00M | Scene, ViewLayer | Synchronizing object | right-shoulder-ball
Fra:1 Mem:26.49M (Peak 26.49M) | Time:00:00.07 | Mem:0.00M, Peak:0.00M | Scene, ViewLayer | Synchronizing object | right-elbow-ball
Fra:1 Mem:26.61M (Peak 26.61M) | Time:00:00.07 | Mem:0.00M, Peak:0.00M | Scene, ViewLayer | Synchronizing object | right-wrist-ball
Fra:1 Mem:26.68M (Peak 26.68M) | Time:00:00.07 | Mem:0.00M, Peak:0.00M | Scene, ViewLayer | Synchronizing object | right-hip-ball
Fra:1 Mem:33.00M (Peak 34.49M) | Time:00:00.08 | Mem:0.00M, Peak:0.00M | Scene, ViewLayer | Initializing
Fra:1 Mem:25.58M (Peak 34.49M) | Time:00:00.08 | Mem:0.00M, Peak:0.00M | Scene, ViewLayer | Waiting for render to start
Fra:1 Mem:25.58M (Peak 34.49M) | Time:00:00.08 | Mem:0.00M, Peak:0.00M | Scene, ViewLayer | Updating Scene
Fra:1 Mem:25.58M (Peak 34.49M) | Time:00:00.08 | Mem:0.00M, Peak:0.00M | Scene, ViewLayer | Updating Shaders
Fra:1 Mem:25.58M (Peak 34.49M) | Time:00:00.08 | Mem:0.00M, Peak:0.00M | Scene, ViewLayer | Loading render kernels (may take a few minutes the first time)
Fra:1 Mem:25.66M (Peak 53.69M) | Time:00:00.12 | Mem:0.00M, Peak:0.00M | Scene, ViewLayer | Updating Procedurals
Fra:1 Mem:25.66M (Peak 53.69M) | Time:00:00.12 | Mem:0.00M, Peak:0.00M | Scene, ViewLayer | Updating Background
Fra:1 Mem:25.66M (Peak 53.69M) | Time:00:00.12 | Mem:0.00M, Peak:0.00M | Scene, ViewLayer | Updating Camera
Fra:1 Mem:25.66M (Peak 53.69M) | Time:00:00.12 | Mem:0.00M, Peak:0.00M | Scene, ViewLayer | Updating Meshes Flags
Fra:1 Mem:25.66M (Peak 53.69M) | Time:00:00.12 | Mem:0.00M, Peak:0.00M | Scene, ViewLayer | Updating Objects
Fra:1 Mem:25.66M (Peak 53.69M) | Time:00:00.12 | Mem:0.00M, Peak:0.00M | Scene, ViewLayer | Updating Objects | Copying Transformations to device
Fra:1 Mem:25.67M (Peak 53.69M) | Time:00:00.12 | Mem:0.01M, Peak:0.01M | Scene, ViewLayer | Updating Particle Systems
Fra:1 Mem:25.67M (Peak 53.69M) | Time:00:00.12 | Mem:0.01M, Peak:0.01M | Scene, ViewLayer | Updating Particle Systems | Copying Particles to device
Fra:1 Mem:25.67M (Peak 53.69M) | Time:00:00.12 | Mem:0.01M, Peak:0.01M | Scene, ViewLayer | Updating Meshes
Fra:1 Mem:25.67M (Peak 53.69M) | Time:00:00.12 | Mem:0.01M, Peak:0.01M | Scene, ViewLayer | Updating Objects | Applying Static Transformations
Fra:1 Mem:25.67M (Peak 53.69M) | Time:00:00.12 | Mem:0.01M, Peak:0.01M | Scene, ViewLayer | Updating Mesh | Computing attributes
Fra:1 Mem:26.24M (Peak 53.69M) | Time:00:00.12 | Mem:0.01M, Peak:0.01M | Scene, ViewLayer | Updating Mesh | Copying Attributes to device
Fra:1 Mem:26.23M (Peak 53.69M) | Time:00:00.12 | Mem:0.57M, Peak:0.57M | Scene, ViewLayer | Updating Scene BVH | Building
Fra:1 Mem:26.23M (Peak 53.69M) | Time:00:00.12 | Mem:0.57M, Peak:0.57M | Scene, ViewLayer | Updating Scene BVH | Building BVH
Fra:1 Mem:31.79M (Peak 53.69M) | Time:00:00.13 | Mem:0.57M, Peak:0.57M | Scene, ViewLayer | Updating Scene BVH | Packing BVH triangles and strands
Fra:1 Mem:32.16M (Peak 53.69M) | Time:00:00.13 | Mem:0.57M, Peak:0.57M | Scene, ViewLayer | Updating Scene BVH | Packing BVH nodes
Fra:1 Mem:31.82M (Peak 53.69M) | Time:00:00.13 | Mem:0.57M, Peak:0.57M | Scene, ViewLayer | Updating Scene BVH | Copying BVH to device
Fra:1 Mem:31.82M (Peak 53.69M) | Time:00:00.14 | Mem:3.36M, Peak:3.36M | Scene, ViewLayer | Updating Mesh | Computing normals
Fra:1 Mem:34.42M (Peak 53.69M) | Time:00:00.14 | Mem:3.36M, Peak:3.36M | Scene, ViewLayer | Updating Mesh | Copying Mesh to device
Fra:1 Mem:34.42M (Peak 53.69M) | Time:00:00.14 | Mem:5.96M, Peak:5.96M | Scene, ViewLayer | Updating Objects Flags
Fra:1 Mem:34.42M (Peak 53.69M) | Time:00:00.14 | Mem:5.96M, Peak:5.96M | Scene, ViewLayer | Updating Primitive Offsets
Fra:1 Mem:34.42M (Peak 53.69M) | Time:00:00.14 | Mem:5.96M, Peak:5.96M | Scene, ViewLayer | Updating Images
Fra:1 Mem:34.42M (Peak 53.69M) | Time:00:00.14 | Mem:5.96M, Peak:5.96M | Scene, ViewLayer | Updating Camera Volume
Fra:1 Mem:34.42M (Peak 53.69M) | Time:00:00.14 | Mem:5.96M, Peak:5.96M | Scene, ViewLayer | Updating Lookup Tables
Fra:1 Mem:34.42M (Peak 53.69M) | Time:00:00.14 | Mem:6.05M, Peak:6.05M | Scene, ViewLayer | Updating Lights
Fra:1 Mem:34.42M (Peak 53.69M) | Time:00:00.14 | Mem:6.05M, Peak:6.05M | Scene, ViewLayer | Updating Lights | Computing tree
Fra:1 Mem:34.42M (Peak 53.69M) | Time:00:00.14 | Mem:6.05M, Peak:6.05M | Scene, ViewLayer | Updating Integrator
Fra:1 Mem:34.42M (Peak 53.69M) | Time:00:00.14 | Mem:6.05M, Peak:6.05M | Scene, ViewLayer | Updating Film
Fra:1 Mem:34.42M (Peak 53.69M) | Time:00:00.14 | Mem:5.97M, Peak:6.05M | Scene, ViewLayer | Updating Lookup Tables
Fra:1 Mem:34.42M (Peak 53.69M) | Time:00:00.14 | Mem:6.05M, Peak:6.05M | Scene, ViewLayer | Updating Baking
Fra:1 Mem:34.42M (Peak 53.69M) | Time:00:00.14 | Mem:6.05M, Peak:6.05M | Scene, ViewLayer | Updating Device | Writing constant memory
Fra:1 Mem:34.43M (Peak 53.69M) | Time:00:00.14 | Mem:6.05M, Peak:6.05M | Scene, ViewLayer | Loading denoising kernels (may take a few minutes the first time)
Fra:1 Mem:38.43M (Peak 53.69M) | Time:00:00.14 | Mem:358.05M, Peak:358.05M | Scene, ViewLayer | Sample 0/32
Fra:1 Mem:81.18M (Peak 81.18M) | Time:00:00.15 | Remaining:00:00.29 | Mem:400.80M, Peak:400.80M | Scene, ViewLayer | Sample 1/32
Fra:1 Mem:99.19M (Peak 126.19M) | Time:00:01.74 | Mem:400.81M, Peak:400.81M | Scene, ViewLayer | Sample 32/32
Fra:1 Mem:99.19M (Peak 126.19M) | Time:00:01.74 | Mem:400.81M, Peak:400.81M | Scene, ViewLayer | Finished
Saved: '/home/cbsim/ws/slime-workflow/.tmp/mannequin-reference-refinement/2026-09-23_07-33-20/detail-knee.png'
Time: 00:01.86 (Saving: 00:00.03)

Fra:1 Mem:25.09M (Peak 25.09M) | Time:00:00.07 | Mem:0.00M, Peak:0.00M | Scene, ViewLayer | Synchronizing object | key
Fra:1 Mem:25.09M (Peak 25.09M) | Time:00:00.07 | Mem:0.00M, Peak:0.00M | Scene, ViewLayer | Synchronizing object | head-shell-part
Fra:1 Mem:25.09M (Peak 25.09M) | Time:00:00.07 | Mem:0.00M, Peak:0.00M | Scene, ViewLayer | Synchronizing object | neck-shell-part
Fra:1 Mem:25.12M (Peak 25.12M) | Time:00:00.07 | Mem:0.00M, Peak:0.00M | Scene, ViewLayer | Synchronizing object | right-ankle-ball
Fra:1 Mem:25.21M (Peak 25.21M) | Time:00:00.07 | Mem:0.00M, Peak:0.00M | Scene, ViewLayer | Synchronizing object | head-pivot-ball
Fra:1 Mem:25.34M (Peak 25.34M) | Time:00:00.07 | Mem:0.00M, Peak:0.00M | Scene, ViewLayer | Synchronizing object | left-upper-arm-shell
Fra:1 Mem:25.35M (Peak 25.35M) | Time:00:00.07 | Mem:0.00M, Peak:0.00M | Scene, ViewLayer | Synchronizing object | left-hand-shell
Fra:1 Mem:25.84M (Peak 25.84M) | Time:00:00.07 | Mem:0.00M, Peak:0.00M | Scene, ViewLayer | Synchronizing object | left-elbow-ball
Fra:1 Mem:26.38M (Peak 26.38M) | Time:00:00.07 | Mem:0.00M, Peak:0.00M | Scene, ViewLayer | Synchronizing object | left-wrist-ball
Fra:1 Mem:26.38M (Peak 26.38M) | Time:00:00.07 | Mem:0.00M, Peak:0.00M | Scene, ViewLayer | Synchronizing object | right-thigh-shell
Fra:1 Mem:26.50M (Peak 26.50M) | Time:00:00.07 | Mem:0.00M, Peak:0.00M | Scene, ViewLayer | Synchronizing object | right-foot-shell
Fra:1 Mem:26.80M (Peak 26.80M) | Time:00:00.07 | Mem:0.00M, Peak:0.00M | Scene, ViewLayer | Synchronizing object | right-elbow-ball
Fra:1 Mem:26.86M (Peak 26.86M) | Time:00:00.07 | Mem:0.00M, Peak:0.00M | Scene, ViewLayer | Synchronizing object | right-wrist-ball
Fra:1 Mem:33.00M (Peak 34.79M) | Time:00:00.08 | Mem:0.00M, Peak:0.00M | Scene, ViewLayer | Initializing
Fra:1 Mem:25.58M (Peak 34.79M) | Time:00:00.08 | Mem:0.00M, Peak:0.00M | Scene, ViewLayer | Waiting for render to start
Fra:1 Mem:25.58M (Peak 34.79M) | Time:00:00.08 | Mem:0.00M, Peak:0.00M | Scene, ViewLayer | Updating Scene
Fra:1 Mem:25.58M (Peak 34.79M) | Time:00:00.08 | Mem:0.00M, Peak:0.00M | Scene, ViewLayer | Updating Shaders
Fra:1 Mem:25.58M (Peak 34.79M) | Time:00:00.08 | Mem:0.00M, Peak:0.00M | Scene, ViewLayer | Loading render kernels (may take a few minutes the first time)
Fra:1 Mem:25.66M (Peak 53.69M) | Time:00:00.12 | Mem:0.00M, Peak:0.00M | Scene, ViewLayer | Updating Procedurals
Fra:1 Mem:25.66M (Peak 53.69M) | Time:00:00.12 | Mem:0.00M, Peak:0.00M | Scene, ViewLayer | Updating Background
Fra:1 Mem:25.66M (Peak 53.69M) | Time:00:00.12 | Mem:0.00M, Peak:0.00M | Scene, ViewLayer | Updating Camera
Fra:1 Mem:25.66M (Peak 53.69M) | Time:00:00.12 | Mem:0.00M, Peak:0.00M | Scene, ViewLayer | Updating Meshes Flags
Fra:1 Mem:25.66M (Peak 53.69M) | Time:00:00.12 | Mem:0.00M, Peak:0.00M | Scene, ViewLayer | Updating Objects
Fra:1 Mem:25.66M (Peak 53.69M) | Time:00:00.12 | Mem:0.00M, Peak:0.00M | Scene, ViewLayer | Updating Objects | Copying Transformations to device
Fra:1 Mem:25.67M (Peak 53.69M) | Time:00:00.12 | Mem:0.01M, Peak:0.01M | Scene, ViewLayer | Updating Particle Systems
Fra:1 Mem:25.67M (Peak 53.69M) | Time:00:00.12 | Mem:0.01M, Peak:0.01M | Scene, ViewLayer | Updating Particle Systems | Copying Particles to device
Fra:1 Mem:25.67M (Peak 53.69M) | Time:00:00.12 | Mem:0.01M, Peak:0.01M | Scene, ViewLayer | Updating Meshes
Fra:1 Mem:25.67M (Peak 53.69M) | Time:00:00.12 | Mem:0.01M, Peak:0.01M | Scene, ViewLayer | Updating Objects | Applying Static Transformations
Fra:1 Mem:25.67M (Peak 53.69M) | Time:00:00.12 | Mem:0.01M, Peak:0.01M | Scene, ViewLayer | Updating Mesh | Computing attributes
Fra:1 Mem:26.24M (Peak 53.69M) | Time:00:00.12 | Mem:0.01M, Peak:0.01M | Scene, ViewLayer | Updating Mesh | Copying Attributes to device
Fra:1 Mem:26.23M (Peak 53.69M) | Time:00:00.12 | Mem:0.57M, Peak:0.57M | Scene, ViewLayer | Updating Scene BVH | Building
Fra:1 Mem:26.23M (Peak 53.69M) | Time:00:00.12 | Mem:0.57M, Peak:0.57M | Scene, ViewLayer | Updating Scene BVH | Building BVH
Fra:1 Mem:31.79M (Peak 53.69M) | Time:00:00.13 | Mem:0.57M, Peak:0.57M | Scene, ViewLayer | Updating Scene BVH | Packing BVH triangles and strands
Fra:1 Mem:32.16M (Peak 53.69M) | Time:00:00.13 | Mem:0.57M, Peak:0.57M | Scene, ViewLayer | Updating Scene BVH | Packing BVH nodes
Fra:1 Mem:31.82M (Peak 53.69M) | Time:00:00.13 | Mem:0.57M, Peak:0.57M | Scene, ViewLayer | Updating Scene BVH | Copying BVH to device
Fra:1 Mem:31.82M (Peak 53.69M) | Time:00:00.13 | Mem:3.36M, Peak:3.36M | Scene, ViewLayer | Updating Mesh | Computing normals
Fra:1 Mem:34.42M (Peak 53.69M) | Time:00:00.14 | Mem:3.36M, Peak:3.36M | Scene, ViewLayer | Updating Mesh | Copying Mesh to device
Fra:1 Mem:34.42M (Peak 53.69M) | Time:00:00.14 | Mem:5.96M, Peak:5.96M | Scene, ViewLayer | Updating Objects Flags
Fra:1 Mem:34.42M (Peak 53.69M) | Time:00:00.14 | Mem:5.96M, Peak:5.96M | Scene, ViewLayer | Updating Primitive Offsets
Fra:1 Mem:34.42M (Peak 53.69M) | Time:00:00.14 | Mem:5.96M, Peak:5.96M | Scene, ViewLayer | Updating Images
Fra:1 Mem:34.42M (Peak 53.69M) | Time:00:00.14 | Mem:5.96M, Peak:5.96M | Scene, ViewLayer | Updating Camera Volume
Fra:1 Mem:34.42M (Peak 53.69M) | Time:00:00.14 | Mem:5.96M, Peak:5.96M | Scene, ViewLayer | Updating Lookup Tables
Fra:1 Mem:34.42M (Peak 53.69M) | Time:00:00.14 | Mem:6.05M, Peak:6.05M | Scene, ViewLayer | Updating Lights
Fra:1 Mem:34.42M (Peak 53.69M) | Time:00:00.14 | Mem:6.05M, Peak:6.05M | Scene, ViewLayer | Updating Lights | Computing tree
Fra:1 Mem:34.42M (Peak 53.69M) | Time:00:00.14 | Mem:6.05M, Peak:6.05M | Scene, ViewLayer | Updating Integrator
Fra:1 Mem:34.42M (Peak 53.69M) | Time:00:00.14 | Mem:6.05M, Peak:6.05M | Scene, ViewLayer | Updating Film
Fra:1 Mem:34.42M (Peak 53.69M) | Time:00:00.14 | Mem:5.97M, Peak:6.05M | Scene, ViewLayer | Updating Lookup Tables
Fra:1 Mem:34.42M (Peak 53.69M) | Time:00:00.14 | Mem:6.05M, Peak:6.05M | Scene, ViewLayer | Updating Baking
Fra:1 Mem:34.42M (Peak 53.69M) | Time:00:00.14 | Mem:6.05M, Peak:6.05M | Scene, ViewLayer | Updating Device | Writing constant memory
Fra:1 Mem:34.43M (Peak 53.69M) | Time:00:00.14 | Mem:6.05M, Peak:6.05M | Scene, ViewLayer | Loading denoising kernels (may take a few minutes the first time)
Fra:1 Mem:38.43M (Peak 53.69M) | Time:00:00.14 | Mem:358.05M, Peak:358.05M | Scene, ViewLayer | Sample 0/32
Fra:1 Mem:81.18M (Peak 81.18M) | Time:00:00.15 | Remaining:00:00.26 | Mem:400.80M, Peak:400.80M | Scene, ViewLayer | Sample 1/32
2026-09-23T07:35:13+0900/rig-details/heartbeat {'stage': 'detail-ankle'}
Fra:1 Mem:99.19M (Peak 126.19M) | Time:00:01.70 | Mem:400.81M, Peak:400.81M | Scene, ViewLayer | Sample 32/32
Fra:1 Mem:99.19M (Peak 126.19M) | Time:00:01.70 | Mem:400.81M, Peak:400.81M | Scene, ViewLayer | Finished
Saved: '/home/cbsim/ws/slime-workflow/.tmp/mannequin-reference-refinement/2026-09-23_07-33-20/detail-ankle.png'
Time: 00:01.83 (Saving: 00:00.03)

Fra:1 Mem:25.09M (Peak 25.09M) | Time:00:00.07 | Mem:0.00M, Peak:0.00M | Scene, ViewLayer | Synchronizing object | key
Fra:1 Mem:25.09M (Peak 25.09M) | Time:00:00.07 | Mem:0.00M, Peak:0.00M | Scene, ViewLayer | Synchronizing object | head-pivot-ball
Fra:1 Mem:25.09M (Peak 25.09M) | Time:00:00.07 | Mem:0.00M, Peak:0.00M | Scene, ViewLayer | Synchronizing object | left-thigh-shell
Fra:1 Mem:25.09M (Peak 25.09M) | Time:00:00.07 | Mem:0.00M, Peak:0.00M | Scene, ViewLayer | Synchronizing object | left-foot-shell
Fra:1 Mem:25.12M (Peak 25.12M) | Time:00:00.07 | Mem:0.00M, Peak:0.00M | Scene, ViewLayer | Synchronizing object | left-elbow-ball
Fra:1 Mem:25.18M (Peak 25.18M) | Time:00:00.07 | Mem:0.00M, Peak:0.00M | Scene, ViewLayer | Synchronizing object | left-wrist-ball
Fra:1 Mem:25.43M (Peak 25.43M) | Time:00:00.07 | Mem:0.00M, Peak:0.00M | Scene, ViewLayer | Synchronizing object | right-ankle-ball
Fra:1 Mem:26.34M (Peak 26.34M) | Time:00:00.07 | Mem:0.00M, Peak:0.00M | Scene, ViewLayer | Synchronizing object | left-hip-ball
Fra:1 Mem:26.63M (Peak 26.63M) | Time:00:00.07 | Mem:0.00M, Peak:0.00M | Scene, ViewLayer | Synchronizing object | right-forearm-shell
Fra:1 Mem:26.65M (Peak 26.65M) | Time:00:00.07 | Mem:0.00M, Peak:0.00M | Scene, ViewLayer | Synchronizing object | right-thigh-shell
Fra:1 Mem:26.85M (Peak 26.85M) | Time:00:00.07 | Mem:0.00M, Peak:0.00M | Scene, ViewLayer | Synchronizing object | right-foot-shell
Fra:1 Mem:27.71M (Peak 27.71M) | Time:00:00.07 | Mem:0.00M, Peak:0.00M | Scene, ViewLayer | Synchronizing object | right-shoulder-ball
Fra:1 Mem:27.90M (Peak 27.90M) | Time:00:00.07 | Mem:0.00M, Peak:0.00M | Scene, ViewLayer | Synchronizing object | right-elbow-ball
Fra:1 Mem:28.12M (Peak 28.12M) | Time:00:00.07 | Mem:0.00M, Peak:0.00M | Scene, ViewLayer | Synchronizing object | right-wrist-ball
Fra:1 Mem:28.51M (Peak 28.51M) | Time:00:00.07 | Mem:0.00M, Peak:0.00M | Scene, ViewLayer | Synchronizing object | right-hip-ball
Fra:1 Mem:33.00M (Peak 34.49M) | Time:00:00.08 | Mem:0.00M, Peak:0.00M | Scene, ViewLayer | Initializing
Fra:1 Mem:25.58M (Peak 34.49M) | Time:00:00.08 | Mem:0.00M, Peak:0.00M | Scene, ViewLayer | Waiting for render to start
Fra:1 Mem:25.58M (Peak 34.49M) | Time:00:00.08 | Mem:0.00M, Peak:0.00M | Scene, ViewLayer | Updating Scene
Fra:1 Mem:25.58M (Peak 34.49M) | Time:00:00.08 | Mem:0.00M, Peak:0.00M | Scene, ViewLayer | Updating Shaders
Fra:1 Mem:25.58M (Peak 34.49M) | Time:00:00.08 | Mem:0.00M, Peak:0.00M | Scene, ViewLayer | Loading render kernels (may take a few minutes the first time)
Fra:1 Mem:25.66M (Peak 53.69M) | Time:00:00.12 | Mem:0.00M, Peak:0.00M | Scene, ViewLayer | Updating Procedurals
Fra:1 Mem:25.66M (Peak 53.69M) | Time:00:00.12 | Mem:0.00M, Peak:0.00M | Scene, ViewLayer | Updating Background
Fra:1 Mem:25.66M (Peak 53.69M) | Time:00:00.12 | Mem:0.00M, Peak:0.00M | Scene, ViewLayer | Updating Camera
Fra:1 Mem:25.66M (Peak 53.69M) | Time:00:00.12 | Mem:0.00M, Peak:0.00M | Scene, ViewLayer | Updating Meshes Flags
Fra:1 Mem:25.66M (Peak 53.69M) | Time:00:00.12 | Mem:0.00M, Peak:0.00M | Scene, ViewLayer | Updating Objects
Fra:1 Mem:25.66M (Peak 53.69M) | Time:00:00.12 | Mem:0.00M, Peak:0.00M | Scene, ViewLayer | Updating Objects | Copying Transformations to device
Fra:1 Mem:25.67M (Peak 53.69M) | Time:00:00.12 | Mem:0.01M, Peak:0.01M | Scene, ViewLayer | Updating Particle Systems
Fra:1 Mem:25.67M (Peak 53.69M) | Time:00:00.12 | Mem:0.01M, Peak:0.01M | Scene, ViewLayer | Updating Particle Systems | Copying Particles to device
Fra:1 Mem:25.67M (Peak 53.69M) | Time:00:00.12 | Mem:0.01M, Peak:0.01M | Scene, ViewLayer | Updating Meshes
Fra:1 Mem:25.67M (Peak 53.69M) | Time:00:00.12 | Mem:0.01M, Peak:0.01M | Scene, ViewLayer | Updating Objects | Applying Static Transformations
Fra:1 Mem:25.67M (Peak 53.69M) | Time:00:00.12 | Mem:0.01M, Peak:0.01M | Scene, ViewLayer | Updating Mesh | Computing attributes
Fra:1 Mem:26.24M (Peak 53.69M) | Time:00:00.12 | Mem:0.01M, Peak:0.01M | Scene, ViewLayer | Updating Mesh | Copying Attributes to device
Fra:1 Mem:26.23M (Peak 53.69M) | Time:00:00.12 | Mem:0.57M, Peak:0.57M | Scene, ViewLayer | Updating Scene BVH | Building
Fra:1 Mem:26.23M (Peak 53.69M) | Time:00:00.12 | Mem:0.57M, Peak:0.57M | Scene, ViewLayer | Updating Scene BVH | Building BVH
Fra:1 Mem:31.79M (Peak 53.69M) | Time:00:00.13 | Mem:0.57M, Peak:0.57M | Scene, ViewLayer | Updating Scene BVH | Packing BVH triangles and strands
Fra:1 Mem:32.16M (Peak 53.69M) | Time:00:00.13 | Mem:0.57M, Peak:0.57M | Scene, ViewLayer | Updating Scene BVH | Packing BVH nodes
Fra:1 Mem:31.84M (Peak 53.69M) | Time:00:00.13 | Mem:0.57M, Peak:0.57M | Scene, ViewLayer | Updating Scene BVH | Copying BVH to device
Fra:1 Mem:31.84M (Peak 53.69M) | Time:00:00.13 | Mem:3.38M, Peak:3.38M | Scene, ViewLayer | Updating Mesh | Computing normals
Fra:1 Mem:34.44M (Peak 53.69M) | Time:00:00.13 | Mem:3.38M, Peak:3.38M | Scene, ViewLayer | Updating Mesh | Copying Mesh to device
Fra:1 Mem:34.44M (Peak 53.69M) | Time:00:00.13 | Mem:5.98M, Peak:5.98M | Scene, ViewLayer | Updating Objects Flags
Fra:1 Mem:34.44M (Peak 53.69M) | Time:00:00.13 | Mem:5.98M, Peak:5.98M | Scene, ViewLayer | Updating Primitive Offsets
Fra:1 Mem:34.44M (Peak 53.69M) | Time:00:00.13 | Mem:5.98M, Peak:5.98M | Scene, ViewLayer | Updating Images
Fra:1 Mem:34.44M (Peak 53.69M) | Time:00:00.13 | Mem:5.98M, Peak:5.98M | Scene, ViewLayer | Updating Camera Volume
Fra:1 Mem:34.44M (Peak 53.69M) | Time:00:00.13 | Mem:5.98M, Peak:5.98M | Scene, ViewLayer | Updating Lookup Tables
Fra:1 Mem:34.44M (Peak 53.69M) | Time:00:00.13 | Mem:6.06M, Peak:6.06M | Scene, ViewLayer | Updating Lights
Fra:1 Mem:34.44M (Peak 53.69M) | Time:00:00.13 | Mem:6.06M, Peak:6.06M | Scene, ViewLayer | Updating Lights | Computing tree
Fra:1 Mem:34.44M (Peak 53.69M) | Time:00:00.13 | Mem:6.06M, Peak:6.06M | Scene, ViewLayer | Updating Integrator
Fra:1 Mem:34.44M (Peak 53.69M) | Time:00:00.13 | Mem:6.06M, Peak:6.06M | Scene, ViewLayer | Updating Film
Fra:1 Mem:34.45M (Peak 53.69M) | Time:00:00.13 | Mem:5.98M, Peak:6.06M | Scene, ViewLayer | Updating Lookup Tables
Fra:1 Mem:34.45M (Peak 53.69M) | Time:00:00.13 | Mem:6.06M, Peak:6.06M | Scene, ViewLayer | Updating Baking
Fra:1 Mem:34.45M (Peak 53.69M) | Time:00:00.13 | Mem:6.06M, Peak:6.06M | Scene, ViewLayer | Updating Device | Writing constant memory
Fra:1 Mem:34.45M (Peak 53.69M) | Time:00:00.13 | Mem:6.06M, Peak:6.06M | Scene, ViewLayer | Loading denoising kernels (may take a few minutes the first time)
Fra:1 Mem:38.45M (Peak 53.69M) | Time:00:00.13 | Mem:358.06M, Peak:358.06M | Scene, ViewLayer | Sample 0/32
Fra:1 Mem:81.20M (Peak 81.20M) | Time:00:00.14 | Remaining:00:00.19 | Mem:400.81M, Peak:400.81M | Scene, ViewLayer | Sample 1/32
Fra:1 Mem:99.21M (Peak 126.21M) | Time:00:01.64 | Mem:400.82M, Peak:400.82M | Scene, ViewLayer | Sample 32/32
Fra:1 Mem:99.21M (Peak 126.21M) | Time:00:01.64 | Mem:400.82M, Peak:400.82M | Scene, ViewLayer | Finished
Saved: '/home/cbsim/ws/slime-workflow/.tmp/mannequin-reference-refinement/2026-09-23_07-33-20/stress-bend-front.png'
Time: 00:01.76 (Saving: 00:00.03)

Fra:1 Mem:25.09M (Peak 25.09M) | Time:00:00.07 | Mem:0.00M, Peak:0.00M | Scene, ViewLayer | Synchronizing object | key
Fra:1 Mem:25.09M (Peak 25.09M) | Time:00:00.07 | Mem:0.00M, Peak:0.00M | Scene, ViewLayer | Synchronizing object | head-shell-part
Fra:1 Mem:25.09M (Peak 25.09M) | Time:00:00.07 | Mem:0.00M, Peak:0.00M | Scene, ViewLayer | Synchronizing object | neck-shell-part
Fra:1 Mem:25.10M (Peak 25.10M) | Time:00:00.07 | Mem:0.00M, Peak:0.00M | Scene, ViewLayer | Synchronizing object | abdomen-shell-part
Fra:1 Mem:25.12M (Peak 25.12M) | Time:00:00.07 | Mem:0.00M, Peak:0.00M | Scene, ViewLayer | Synchronizing object | head-pivot-ball
Fra:1 Mem:25.13M (Peak 25.13M) | Time:00:00.07 | Mem:0.00M, Peak:0.00M | Scene, ViewLayer | Synchronizing object | left-upper-arm-shell
Fra:1 Mem:25.25M (Peak 25.26M) | Time:00:00.07 | Mem:0.00M, Peak:0.00M | Scene, ViewLayer | Synchronizing object | left-forearm-shell
Fra:1 Mem:25.55M (Peak 25.55M) | Time:00:00.07 | Mem:0.00M, Peak:0.00M | Scene, ViewLayer | Synchronizing object | left-shin-shell
Fra:1 Mem:25.58M (Peak 25.58M) | Time:00:00.07 | Mem:0.00M, Peak:0.00M | Scene, ViewLayer | Synchronizing object | right-knee-ball
Fra:1 Mem:25.59M (Peak 25.59M) | Time:00:00.07 | Mem:0.00M, Peak:0.00M | Scene, ViewLayer | Synchronizing object | left-shoulder-ball
Fra:1 Mem:25.86M (Peak 25.86M) | Time:00:00.07 | Mem:0.00M, Peak:0.00M | Scene, ViewLayer | Synchronizing object | left-elbow-ball
Fra:1 Mem:26.31M (Peak 26.31M) | Time:00:00.07 | Mem:0.00M, Peak:0.00M | Scene, ViewLayer | Synchronizing object | right-thigh-shell
Fra:1 Mem:27.10M (Peak 27.10M) | Time:00:00.07 | Mem:0.00M, Peak:0.00M | Scene, ViewLayer | Synchronizing object | right-shin-shell
Fra:1 Mem:27.29M (Peak 27.29M) | Time:00:00.07 | Mem:0.00M, Peak:0.00M | Scene, ViewLayer | Synchronizing object | right-foot-shell
Fra:1 Mem:27.86M (Peak 27.86M) | Time:00:00.07 | Mem:0.00M, Peak:0.00M | Scene, ViewLayer | Synchronizing object | right-elbow-ball
Fra:1 Mem:28.18M (Peak 28.18M) | Time:00:00.07 | Mem:0.00M, Peak:0.00M | Scene, ViewLayer | Synchronizing object | right-hip-ball
Fra:1 Mem:28.45M (Peak 28.45M) | Time:00:00.07 | Mem:0.00M, Peak:0.00M | Scene, ViewLayer | Synchronizing object | right-wrist-ball
Fra:1 Mem:33.00M (Peak 33.00M) | Time:00:00.08 | Mem:0.00M, Peak:0.00M | Scene, ViewLayer | Initializing
Fra:1 Mem:25.58M (Peak 33.00M) | Time:00:00.08 | Mem:0.00M, Peak:0.00M | Scene, ViewLayer | Waiting for render to start
Fra:1 Mem:25.58M (Peak 33.00M) | Time:00:00.08 | Mem:0.00M, Peak:0.00M | Scene, ViewLayer | Updating Scene
Fra:1 Mem:25.58M (Peak 33.00M) | Time:00:00.08 | Mem:0.00M, Peak:0.00M | Scene, ViewLayer | Updating Shaders
Fra:1 Mem:25.58M (Peak 33.00M) | Time:00:00.08 | Mem:0.00M, Peak:0.00M | Scene, ViewLayer | Loading render kernels (may take a few minutes the first time)
Fra:1 Mem:25.66M (Peak 53.69M) | Time:00:00.12 | Mem:0.00M, Peak:0.00M | Scene, ViewLayer | Updating Procedurals
Fra:1 Mem:25.66M (Peak 53.69M) | Time:00:00.12 | Mem:0.00M, Peak:0.00M | Scene, ViewLayer | Updating Background
Fra:1 Mem:25.66M (Peak 53.69M) | Time:00:00.12 | Mem:0.00M, Peak:0.00M | Scene, ViewLayer | Updating Camera
Fra:1 Mem:25.66M (Peak 53.69M) | Time:00:00.12 | Mem:0.00M, Peak:0.00M | Scene, ViewLayer | Updating Meshes Flags
Fra:1 Mem:25.66M (Peak 53.69M) | Time:00:00.12 | Mem:0.00M, Peak:0.00M | Scene, ViewLayer | Updating Objects
Fra:1 Mem:25.66M (Peak 53.69M) | Time:00:00.12 | Mem:0.00M, Peak:0.00M | Scene, ViewLayer | Updating Objects | Copying Transformations to device
Fra:1 Mem:25.67M (Peak 53.69M) | Time:00:00.12 | Mem:0.01M, Peak:0.01M | Scene, ViewLayer | Updating Particle Systems
Fra:1 Mem:25.67M (Peak 53.69M) | Time:00:00.12 | Mem:0.01M, Peak:0.01M | Scene, ViewLayer | Updating Particle Systems | Copying Particles to device
Fra:1 Mem:25.67M (Peak 53.69M) | Time:00:00.12 | Mem:0.01M, Peak:0.01M | Scene, ViewLayer | Updating Meshes
Fra:1 Mem:25.67M (Peak 53.69M) | Time:00:00.12 | Mem:0.01M, Peak:0.01M | Scene, ViewLayer | Updating Objects | Applying Static Transformations
Fra:1 Mem:25.67M (Peak 53.69M) | Time:00:00.12 | Mem:0.01M, Peak:0.01M | Scene, ViewLayer | Updating Mesh | Computing attributes
Fra:1 Mem:26.24M (Peak 53.69M) | Time:00:00.12 | Mem:0.01M, Peak:0.01M | Scene, ViewLayer | Updating Mesh | Copying Attributes to device
Fra:1 Mem:26.23M (Peak 53.69M) | Time:00:00.12 | Mem:0.57M, Peak:0.57M | Scene, ViewLayer | Updating Scene BVH | Building
Fra:1 Mem:26.23M (Peak 53.69M) | Time:00:00.12 | Mem:0.57M, Peak:0.57M | Scene, ViewLayer | Updating Scene BVH | Building BVH
Fra:1 Mem:31.79M (Peak 53.69M) | Time:00:00.13 | Mem:0.57M, Peak:0.57M | Scene, ViewLayer | Updating Scene BVH | Packing BVH triangles and strands
Fra:1 Mem:32.16M (Peak 53.69M) | Time:00:00.13 | Mem:0.57M, Peak:0.57M | Scene, ViewLayer | Updating Scene BVH | Packing BVH nodes
Fra:1 Mem:31.84M (Peak 53.69M) | Time:00:00.13 | Mem:0.57M, Peak:0.57M | Scene, ViewLayer | Updating Scene BVH | Copying BVH to device
Fra:1 Mem:31.84M (Peak 53.69M) | Time:00:00.13 | Mem:3.38M, Peak:3.38M | Scene, ViewLayer | Updating Mesh | Computing normals
Fra:1 Mem:34.44M (Peak 53.69M) | Time:00:00.14 | Mem:3.38M, Peak:3.38M | Scene, ViewLayer | Updating Mesh | Copying Mesh to device
Fra:1 Mem:34.44M (Peak 53.69M) | Time:00:00.14 | Mem:5.98M, Peak:5.98M | Scene, ViewLayer | Updating Objects Flags
Fra:1 Mem:34.44M (Peak 53.69M) | Time:00:00.14 | Mem:5.98M, Peak:5.98M | Scene, ViewLayer | Updating Primitive Offsets
Fra:1 Mem:34.44M (Peak 53.69M) | Time:00:00.14 | Mem:5.98M, Peak:5.98M | Scene, ViewLayer | Updating Images
Fra:1 Mem:34.44M (Peak 53.69M) | Time:00:00.14 | Mem:5.98M, Peak:5.98M | Scene, ViewLayer | Updating Camera Volume
Fra:1 Mem:34.44M (Peak 53.69M) | Time:00:00.14 | Mem:5.98M, Peak:5.98M | Scene, ViewLayer | Updating Lookup Tables
Fra:1 Mem:34.44M (Peak 53.69M) | Time:00:00.14 | Mem:6.06M, Peak:6.06M | Scene, ViewLayer | Updating Lights
Fra:1 Mem:34.44M (Peak 53.69M) | Time:00:00.14 | Mem:6.06M, Peak:6.06M | Scene, ViewLayer | Updating Lights | Computing tree
Fra:1 Mem:34.44M (Peak 53.69M) | Time:00:00.14 | Mem:6.06M, Peak:6.06M | Scene, ViewLayer | Updating Integrator
Fra:1 Mem:34.44M (Peak 53.69M) | Time:00:00.14 | Mem:6.06M, Peak:6.06M | Scene, ViewLayer | Updating Film
Fra:1 Mem:34.45M (Peak 53.69M) | Time:00:00.14 | Mem:5.98M, Peak:6.06M | Scene, ViewLayer | Updating Lookup Tables
Fra:1 Mem:34.45M (Peak 53.69M) | Time:00:00.14 | Mem:6.06M, Peak:6.06M | Scene, ViewLayer | Updating Baking
Fra:1 Mem:34.45M (Peak 53.69M) | Time:00:00.14 | Mem:6.06M, Peak:6.06M | Scene, ViewLayer | Updating Device | Writing constant memory
Fra:1 Mem:34.45M (Peak 53.69M) | Time:00:00.14 | Mem:6.06M, Peak:6.06M | Scene, ViewLayer | Loading denoising kernels (may take a few minutes the first time)
Fra:1 Mem:38.45M (Peak 53.69M) | Time:00:00.14 | Mem:358.06M, Peak:358.06M | Scene, ViewLayer | Sample 0/32
Fra:1 Mem:81.20M (Peak 81.20M) | Time:00:00.15 | Remaining:00:00.18 | Mem:400.81M, Peak:400.81M | Scene, ViewLayer | Sample 1/32
Fra:1 Mem:99.21M (Peak 126.21M) | Time:00:01.59 | Mem:400.82M, Peak:400.82M | Scene, ViewLayer | Sample 32/32
Fra:1 Mem:99.21M (Peak 126.21M) | Time:00:01.59 | Mem:400.82M, Peak:400.82M | Scene, ViewLayer | Finished
Saved: '/home/cbsim/ws/slime-workflow/.tmp/mannequin-reference-refinement/2026-09-23_07-33-20/stress-bend-side.png'
Time: 00:01.72 (Saving: 00:00.03)

Fra:1 Mem:25.09M (Peak 25.09M) | Time:00:00.07 | Mem:0.00M, Peak:0.00M | Scene, ViewLayer | Synchronizing object | key
Fra:1 Mem:25.09M (Peak 25.09M) | Time:00:00.07 | Mem:0.00M, Peak:0.00M | Scene, ViewLayer | Synchronizing object | abdomen-shell-part
Fra:1 Mem:25.09M (Peak 25.09M) | Time:00:00.07 | Mem:0.00M, Peak:0.00M | Scene, ViewLayer | Synchronizing object | head-pivot-ball
Fra:1 Mem:25.15M (Peak 25.15M) | Time:00:00.07 | Mem:0.00M, Peak:0.00M | Scene, ViewLayer | Synchronizing object | left-thigh-shell
Fra:1 Mem:25.37M (Peak 25.37M) | Time:00:00.07 | Mem:0.00M, Peak:0.00M | Scene, ViewLayer | Synchronizing object | left-wrist-ball
Fra:1 Mem:25.59M (Peak 25.59M) | Time:00:00.07 | Mem:0.00M, Peak:0.00M | Scene, ViewLayer | Synchronizing object | left-knee-ball
Fra:1 Mem:25.69M (Peak 25.69M) | Time:00:00.07 | Mem:0.00M, Peak:0.00M | Scene, ViewLayer | Synchronizing object | right-thigh-shell
Fra:1 Mem:26.20M (Peak 26.20M) | Time:00:00.07 | Mem:0.00M, Peak:0.00M | Scene, ViewLayer | Synchronizing object | right-shin-shell
Fra:1 Mem:26.64M (Peak 26.64M) | Time:00:00.07 | Mem:0.00M, Peak:0.00M | Scene, ViewLayer | Synchronizing object | right-foot-shell
Fra:1 Mem:26.82M (Peak 26.82M) | Time:00:00.07 | Mem:0.00M, Peak:0.00M | Scene, ViewLayer | Synchronizing object | right-shoulder-ball
Fra:1 Mem:27.29M (Peak 27.29M) | Time:00:00.07 | Mem:0.00M, Peak:0.00M | Scene, ViewLayer | Synchronizing object | right-knee-ball
Fra:1 Mem:27.37M (Peak 27.37M) | Time:00:00.07 | Mem:0.00M, Peak:0.00M | Scene, ViewLayer | Synchronizing object | right-elbow-ball
Fra:1 Mem:27.39M (Peak 27.39M) | Time:00:00.07 | Mem:0.00M, Peak:0.00M | Scene, ViewLayer | Synchronizing object | right-hip-ball
Fra:1 Mem:27.75M (Peak 27.75M) | Time:00:00.07 | Mem:0.00M, Peak:0.00M | Scene, ViewLayer | Synchronizing object | right-wrist-ball
Fra:1 Mem:33.00M (Peak 34.49M) | Time:00:00.08 | Mem:0.00M, Peak:0.00M | Scene, ViewLayer | Initializing
Fra:1 Mem:25.58M (Peak 34.49M) | Time:00:00.08 | Mem:0.00M, Peak:0.00M | Scene, ViewLayer | Waiting for render to start
Fra:1 Mem:25.58M (Peak 34.49M) | Time:00:00.08 | Mem:0.00M, Peak:0.00M | Scene, ViewLayer | Updating Scene
Fra:1 Mem:25.58M (Peak 34.49M) | Time:00:00.08 | Mem:0.00M, Peak:0.00M | Scene, ViewLayer | Updating Shaders
Fra:1 Mem:25.58M (Peak 34.49M) | Time:00:00.08 | Mem:0.00M, Peak:0.00M | Scene, ViewLayer | Loading render kernels (may take a few minutes the first time)
2026-09-23T07:35:18+0900/rig-details/heartbeat {'stage': 'hip-abduction'}
Fra:1 Mem:25.66M (Peak 53.69M) | Time:00:00.12 | Mem:0.00M, Peak:0.00M | Scene, ViewLayer | Updating Procedurals
Fra:1 Mem:25.66M (Peak 53.69M) | Time:00:00.12 | Mem:0.00M, Peak:0.00M | Scene, ViewLayer | Updating Background
Fra:1 Mem:25.66M (Peak 53.69M) | Time:00:00.12 | Mem:0.00M, Peak:0.00M | Scene, ViewLayer | Updating Camera
Fra:1 Mem:25.66M (Peak 53.69M) | Time:00:00.12 | Mem:0.00M, Peak:0.00M | Scene, ViewLayer | Updating Meshes Flags
Fra:1 Mem:25.66M (Peak 53.69M) | Time:00:00.12 | Mem:0.00M, Peak:0.00M | Scene, ViewLayer | Updating Objects
Fra:1 Mem:25.66M (Peak 53.69M) | Time:00:00.12 | Mem:0.00M, Peak:0.00M | Scene, ViewLayer | Updating Objects | Copying Transformations to device
Fra:1 Mem:25.67M (Peak 53.69M) | Time:00:00.12 | Mem:0.01M, Peak:0.01M | Scene, ViewLayer | Updating Particle Systems
Fra:1 Mem:25.67M (Peak 53.69M) | Time:00:00.12 | Mem:0.01M, Peak:0.01M | Scene, ViewLayer | Updating Particle Systems | Copying Particles to device
Fra:1 Mem:25.67M (Peak 53.69M) | Time:00:00.12 | Mem:0.01M, Peak:0.01M | Scene, ViewLayer | Updating Meshes
Fra:1 Mem:25.67M (Peak 53.69M) | Time:00:00.12 | Mem:0.01M, Peak:0.01M | Scene, ViewLayer | Updating Objects | Applying Static Transformations
Fra:1 Mem:25.67M (Peak 53.69M) | Time:00:00.12 | Mem:0.01M, Peak:0.01M | Scene, ViewLayer | Updating Mesh | Computing attributes
Fra:1 Mem:26.24M (Peak 53.69M) | Time:00:00.12 | Mem:0.01M, Peak:0.01M | Scene, ViewLayer | Updating Mesh | Copying Attributes to device
Fra:1 Mem:26.23M (Peak 53.69M) | Time:00:00.12 | Mem:0.57M, Peak:0.57M | Scene, ViewLayer | Updating Scene BVH | Building
Fra:1 Mem:26.23M (Peak 53.69M) | Time:00:00.12 | Mem:0.57M, Peak:0.57M | Scene, ViewLayer | Updating Scene BVH | Building BVH
Fra:1 Mem:31.79M (Peak 53.69M) | Time:00:00.13 | Mem:0.57M, Peak:0.57M | Scene, ViewLayer | Updating Scene BVH | Packing BVH triangles and strands
Fra:1 Mem:32.16M (Peak 53.69M) | Time:00:00.13 | Mem:0.57M, Peak:0.57M | Scene, ViewLayer | Updating Scene BVH | Packing BVH nodes
Fra:1 Mem:31.86M (Peak 53.69M) | Time:00:00.13 | Mem:0.57M, Peak:0.57M | Scene, ViewLayer | Updating Scene BVH | Copying BVH to device
Fra:1 Mem:31.86M (Peak 53.69M) | Time:00:00.13 | Mem:3.38M, Peak:3.38M | Scene, ViewLayer | Updating Mesh | Computing normals
Fra:1 Mem:34.46M (Peak 53.69M) | Time:00:00.13 | Mem:3.38M, Peak:3.38M | Scene, ViewLayer | Updating Mesh | Copying Mesh to device
Fra:1 Mem:34.46M (Peak 53.69M) | Time:00:00.14 | Mem:5.98M, Peak:5.98M | Scene, ViewLayer | Updating Objects Flags
Fra:1 Mem:34.46M (Peak 53.69M) | Time:00:00.14 | Mem:5.98M, Peak:5.98M | Scene, ViewLayer | Updating Primitive Offsets
Fra:1 Mem:34.46M (Peak 53.69M) | Time:00:00.14 | Mem:5.98M, Peak:5.98M | Scene, ViewLayer | Updating Images
Fra:1 Mem:34.46M (Peak 53.69M) | Time:00:00.14 | Mem:5.98M, Peak:5.98M | Scene, ViewLayer | Updating Camera Volume
Fra:1 Mem:34.46M (Peak 53.69M) | Time:00:00.14 | Mem:5.98M, Peak:5.98M | Scene, ViewLayer | Updating Lookup Tables
Fra:1 Mem:34.46M (Peak 53.69M) | Time:00:00.14 | Mem:6.07M, Peak:6.07M | Scene, ViewLayer | Updating Lights
Fra:1 Mem:34.46M (Peak 53.69M) | Time:00:00.14 | Mem:6.07M, Peak:6.07M | Scene, ViewLayer | Updating Lights | Computing tree
Fra:1 Mem:34.46M (Peak 53.69M) | Time:00:00.14 | Mem:6.07M, Peak:6.07M | Scene, ViewLayer | Updating Integrator
Fra:1 Mem:34.46M (Peak 53.69M) | Time:00:00.14 | Mem:6.07M, Peak:6.07M | Scene, ViewLayer | Updating Film
Fra:1 Mem:34.46M (Peak 53.69M) | Time:00:00.14 | Mem:5.99M, Peak:6.07M | Scene, ViewLayer | Updating Lookup Tables
Fra:1 Mem:34.46M (Peak 53.69M) | Time:00:00.14 | Mem:6.07M, Peak:6.07M | Scene, ViewLayer | Updating Baking
Fra:1 Mem:34.46M (Peak 53.69M) | Time:00:00.14 | Mem:6.07M, Peak:6.07M | Scene, ViewLayer | Updating Device | Writing constant memory
Fra:1 Mem:34.46M (Peak 53.69M) | Time:00:00.14 | Mem:6.07M, Peak:6.07M | Scene, ViewLayer | Loading denoising kernels (may take a few minutes the first time)
Fra:1 Mem:38.47M (Peak 53.69M) | Time:00:00.14 | Mem:358.07M, Peak:358.07M | Scene, ViewLayer | Sample 0/32
Fra:1 Mem:81.22M (Peak 81.22M) | Time:00:00.15 | Remaining:00:00.27 | Mem:400.82M, Peak:400.82M | Scene, ViewLayer | Sample 1/32
Fra:1 Mem:99.22M (Peak 126.23M) | Time:00:01.68 | Mem:400.82M, Peak:400.82M | Scene, ViewLayer | Sample 32/32
Fra:1 Mem:99.22M (Peak 126.23M) | Time:00:01.68 | Mem:400.82M, Peak:400.82M | Scene, ViewLayer | Finished
Saved: '/home/cbsim/ws/slime-workflow/.tmp/mannequin-reference-refinement/2026-09-23_07-33-20/hip-abduction.png'
Time: 00:01.81 (Saving: 00:00.03)

Fra:1 Mem:25.09M (Peak 25.09M) | Time:00:00.08 | Mem:0.00M, Peak:0.00M | Scene, ViewLayer | Synchronizing object | key
Fra:1 Mem:25.09M (Peak 25.09M) | Time:00:00.08 | Mem:0.00M, Peak:0.00M | Scene, ViewLayer | Synchronizing object | head-shell-part
Fra:1 Mem:25.09M (Peak 25.09M) | Time:00:00.08 | Mem:0.00M, Peak:0.00M | Scene, ViewLayer | Synchronizing object | neck-shell-part
Fra:1 Mem:25.10M (Peak 25.10M) | Time:00:00.08 | Mem:0.00M, Peak:0.00M | Scene, ViewLayer | Synchronizing object | chest-shell-part
Fra:1 Mem:25.14M (Peak 25.14M) | Time:00:00.08 | Mem:0.00M, Peak:0.00M | Scene, ViewLayer | Synchronizing object | abdomen-shell-part
Fra:1 Mem:25.27M (Peak 25.27M) | Time:00:00.08 | Mem:0.00M, Peak:0.00M | Scene, ViewLayer | Synchronizing object | head-pivot-ball
Fra:1 Mem:25.39M (Peak 25.39M) | Time:00:00.08 | Mem:0.00M, Peak:0.00M | Scene, ViewLayer | Synchronizing object | right-knee-ball
Fra:1 Mem:25.40M (Peak 25.40M) | Time:00:00.08 | Mem:0.00M, Peak:0.00M | Scene, ViewLayer | Synchronizing object | left-forearm-shell
Fra:1 Mem:25.63M (Peak 25.63M) | Time:00:00.08 | Mem:0.00M, Peak:0.00M | Scene, ViewLayer | Synchronizing object | left-thigh-shell
Fra:1 Mem:25.74M (Peak 25.74M) | Time:00:00.08 | Mem:0.00M, Peak:0.00M | Scene, ViewLayer | Synchronizing object | left-hip-ball
Fra:1 Mem:26.10M (Peak 26.10M) | Time:00:00.08 | Mem:0.00M, Peak:0.00M | Scene, ViewLayer | Synchronizing object | left-knee-ball
Fra:1 Mem:26.34M (Peak 26.34M) | Time:00:00.08 | Mem:0.00M, Peak:0.00M | Scene, ViewLayer | Synchronizing object | right-upper-arm-shell
Fra:1 Mem:26.84M (Peak 26.84M) | Time:00:00.08 | Mem:0.00M, Peak:0.00M | Scene, ViewLayer | Synchronizing object | right-thigh-shell
Fra:1 Mem:27.07M (Peak 27.07M) | Time:00:00.08 | Mem:0.00M, Peak:0.00M | Scene, ViewLayer | Synchronizing object | right-shoulder-ball
Fra:1 Mem:27.75M (Peak 27.75M) | Time:00:00.08 | Mem:0.00M, Peak:0.00M | Scene, ViewLayer | Synchronizing object | right-elbow-ball
Fra:1 Mem:28.37M (Peak 28.37M) | Time:00:00.08 | Mem:0.00M, Peak:0.00M | Scene, ViewLayer | Synchronizing object | right-wrist-ball
Fra:1 Mem:28.94M (Peak 28.94M) | Time:00:00.08 | Mem:0.00M, Peak:0.00M | Scene, ViewLayer | Synchronizing object | right-hip-ball
Fra:1 Mem:33.00M (Peak 34.49M) | Time:00:00.09 | Mem:0.00M, Peak:0.00M | Scene, ViewLayer | Initializing
Fra:1 Mem:25.58M (Peak 34.49M) | Time:00:00.09 | Mem:0.00M, Peak:0.00M | Scene, ViewLayer | Waiting for render to start
Fra:1 Mem:25.58M (Peak 34.49M) | Time:00:00.09 | Mem:0.00M, Peak:0.00M | Scene, ViewLayer | Updating Scene
Fra:1 Mem:25.58M (Peak 34.49M) | Time:00:00.09 | Mem:0.00M, Peak:0.00M | Scene, ViewLayer | Updating Shaders
Fra:1 Mem:25.58M (Peak 34.49M) | Time:00:00.09 | Mem:0.00M, Peak:0.00M | Scene, ViewLayer | Loading render kernels (may take a few minutes the first time)
Fra:1 Mem:25.66M (Peak 53.69M) | Time:00:00.13 | Mem:0.00M, Peak:0.00M | Scene, ViewLayer | Updating Procedurals
Fra:1 Mem:25.66M (Peak 53.69M) | Time:00:00.13 | Mem:0.00M, Peak:0.00M | Scene, ViewLayer | Updating Background
Fra:1 Mem:25.66M (Peak 53.69M) | Time:00:00.13 | Mem:0.00M, Peak:0.00M | Scene, ViewLayer | Updating Camera
Fra:1 Mem:25.66M (Peak 53.69M) | Time:00:00.13 | Mem:0.00M, Peak:0.00M | Scene, ViewLayer | Updating Meshes Flags
Fra:1 Mem:25.66M (Peak 53.69M) | Time:00:00.13 | Mem:0.00M, Peak:0.00M | Scene, ViewLayer | Updating Objects
Fra:1 Mem:25.66M (Peak 53.69M) | Time:00:00.13 | Mem:0.00M, Peak:0.00M | Scene, ViewLayer | Updating Objects | Copying Transformations to device
Fra:1 Mem:25.67M (Peak 53.69M) | Time:00:00.13 | Mem:0.01M, Peak:0.01M | Scene, ViewLayer | Updating Particle Systems
Fra:1 Mem:25.67M (Peak 53.69M) | Time:00:00.13 | Mem:0.01M, Peak:0.01M | Scene, ViewLayer | Updating Particle Systems | Copying Particles to device
Fra:1 Mem:25.67M (Peak 53.69M) | Time:00:00.13 | Mem:0.01M, Peak:0.01M | Scene, ViewLayer | Updating Meshes
Fra:1 Mem:25.67M (Peak 53.69M) | Time:00:00.13 | Mem:0.01M, Peak:0.01M | Scene, ViewLayer | Updating Objects | Applying Static Transformations
Fra:1 Mem:25.67M (Peak 53.69M) | Time:00:00.13 | Mem:0.01M, Peak:0.01M | Scene, ViewLayer | Updating Mesh | Computing attributes
Fra:1 Mem:26.24M (Peak 53.69M) | Time:00:00.13 | Mem:0.01M, Peak:0.01M | Scene, ViewLayer | Updating Mesh | Copying Attributes to device
Fra:1 Mem:26.23M (Peak 53.69M) | Time:00:00.13 | Mem:0.57M, Peak:0.57M | Scene, ViewLayer | Updating Scene BVH | Building
Fra:1 Mem:26.23M (Peak 53.69M) | Time:00:00.13 | Mem:0.57M, Peak:0.57M | Scene, ViewLayer | Updating Scene BVH | Building BVH
Fra:1 Mem:31.79M (Peak 53.69M) | Time:00:00.14 | Mem:0.57M, Peak:0.57M | Scene, ViewLayer | Updating Scene BVH | Packing BVH triangles and strands
Fra:1 Mem:32.16M (Peak 53.69M) | Time:00:00.14 | Mem:0.57M, Peak:0.57M | Scene, ViewLayer | Updating Scene BVH | Packing BVH nodes
Fra:1 Mem:31.85M (Peak 53.69M) | Time:00:00.14 | Mem:0.57M, Peak:0.57M | Scene, ViewLayer | Updating Scene BVH | Copying BVH to device
Fra:1 Mem:31.85M (Peak 53.69M) | Time:00:00.14 | Mem:3.38M, Peak:3.38M | Scene, ViewLayer | Updating Mesh | Computing normals
Fra:1 Mem:34.45M (Peak 53.69M) | Time:00:00.14 | Mem:3.38M, Peak:3.38M | Scene, ViewLayer | Updating Mesh | Copying Mesh to device
Fra:1 Mem:34.45M (Peak 53.69M) | Time:00:00.14 | Mem:5.98M, Peak:5.98M | Scene, ViewLayer | Updating Objects Flags
Fra:1 Mem:34.45M (Peak 53.69M) | Time:00:00.14 | Mem:5.98M, Peak:5.98M | Scene, ViewLayer | Updating Primitive Offsets
Fra:1 Mem:34.45M (Peak 53.69M) | Time:00:00.14 | Mem:5.98M, Peak:5.98M | Scene, ViewLayer | Updating Images
Fra:1 Mem:34.45M (Peak 53.69M) | Time:00:00.14 | Mem:5.98M, Peak:5.98M | Scene, ViewLayer | Updating Camera Volume
Fra:1 Mem:34.45M (Peak 53.69M) | Time:00:00.14 | Mem:5.98M, Peak:5.98M | Scene, ViewLayer | Updating Lookup Tables
Fra:1 Mem:34.45M (Peak 53.69M) | Time:00:00.14 | Mem:6.06M, Peak:6.06M | Scene, ViewLayer | Updating Lights
Fra:1 Mem:34.45M (Peak 53.69M) | Time:00:00.14 | Mem:6.06M, Peak:6.06M | Scene, ViewLayer | Updating Lights | Computing tree
Fra:1 Mem:34.45M (Peak 53.69M) | Time:00:00.14 | Mem:6.06M, Peak:6.06M | Scene, ViewLayer | Updating Integrator
Fra:1 Mem:34.45M (Peak 53.69M) | Time:00:00.14 | Mem:6.06M, Peak:6.06M | Scene, ViewLayer | Updating Film
Fra:1 Mem:34.46M (Peak 53.69M) | Time:00:00.14 | Mem:5.98M, Peak:6.06M | Scene, ViewLayer | Updating Lookup Tables
Fra:1 Mem:34.46M (Peak 53.69M) | Time:00:00.14 | Mem:6.07M, Peak:6.07M | Scene, ViewLayer | Updating Baking
Fra:1 Mem:34.46M (Peak 53.69M) | Time:00:00.14 | Mem:6.07M, Peak:6.07M | Scene, ViewLayer | Updating Device | Writing constant memory
Fra:1 Mem:34.46M (Peak 53.69M) | Time:00:00.14 | Mem:6.07M, Peak:6.07M | Scene, ViewLayer | Loading denoising kernels (may take a few minutes the first time)
Fra:1 Mem:38.46M (Peak 53.69M) | Time:00:00.14 | Mem:358.07M, Peak:358.07M | Scene, ViewLayer | Sample 0/32
Fra:1 Mem:81.21M (Peak 81.21M) | Time:00:00.15 | Remaining:00:00.24 | Mem:400.82M, Peak:400.82M | Scene, ViewLayer | Sample 1/32
Fra:1 Mem:99.22M (Peak 126.22M) | Time:00:01.65 | Mem:400.82M, Peak:400.82M | Scene, ViewLayer | Sample 32/32
Fra:1 Mem:99.22M (Peak 126.22M) | Time:00:01.65 | Mem:400.82M, Peak:400.82M | Scene, ViewLayer | Finished
Saved: '/home/cbsim/ws/slime-workflow/.tmp/mannequin-reference-refinement/2026-09-23_07-33-20/hip-flexion.png'
Time: 00:01.77 (Saving: 00:00.03)

2026-09-23T07:35:21+0900/rig-details/complete 관절 확대, 약 35도 벌림 및 약 70도 굽힘 관찰 렌더 완료
