2026-09-28T22:56:16.296539+09:00/anypose-report/start runner=four-direction-anypose root=report/walking-four-directions-anypose-20260928-225616
2026-09-28T22:56:16.332877+09:00/anypose-report/input direction=down_left frame=1 path=.tmp/test/character-animation/2026-09-28_16-53-27/2026-09-28_16-53-27-97523f7d/down_left/frame-0001
2026-09-28T22:56:16.345832+09:00/anypose-report/input direction=down_left frame=5 path=.tmp/test/character-animation/2026-09-28_16-53-27/2026-09-28_16-53-27-97523f7d/down_left/frame-0005
2026-09-28T22:56:16.362424+09:00/anypose-report/input direction=down_left frame=9 path=.tmp/test/character-animation/2026-09-28_16-53-27/2026-09-28_16-53-27-97523f7d/down_left/frame-0009
2026-09-28T22:56:16.374290+09:00/anypose-report/input direction=down_left frame=13 path=.tmp/test/character-animation/2026-09-28_16-53-27/2026-09-28_16-53-27-97523f7d/down_left/frame-0013
2026-09-28T22:56:16.386725+09:00/anypose-report/input direction=down_left frame=17 path=.tmp/test/character-animation/2026-09-28_16-53-27/2026-09-28_16-53-27-97523f7d/down_left/frame-0017
2026-09-28T22:56:16.398788+09:00/anypose-report/input direction=down_left frame=21 path=.tmp/test/character-animation/2026-09-28_16-53-27/2026-09-28_16-53-27-97523f7d/down_left/frame-0021
2026-09-28T22:56:17.055090+09:00/anypose-report/input direction=down_right frame=1 path=.tmp/test/character-animation/2026-09-28_16-53-27/2026-09-28_16-53-27-97523f7d/down_right/frame-0001
2026-09-28T22:56:17.067057+09:00/anypose-report/input direction=down_right frame=5 path=.tmp/test/character-animation/2026-09-28_16-53-27/2026-09-28_16-53-27-97523f7d/down_right/frame-0005
2026-09-28T22:56:17.078499+09:00/anypose-report/input direction=down_right frame=9 path=.tmp/test/character-animation/2026-09-28_16-53-27/2026-09-28_16-53-27-97523f7d/down_right/frame-0009
2026-09-28T22:56:17.089565+09:00/anypose-report/input direction=down_right frame=13 path=.tmp/test/character-animation/2026-09-28_16-53-27/2026-09-28_16-53-27-97523f7d/down_right/frame-0013
2026-09-28T22:56:17.100963+09:00/anypose-report/input direction=down_right frame=17 path=.tmp/test/character-animation/2026-09-28_16-53-27/2026-09-28_16-53-27-97523f7d/down_right/frame-0017
2026-09-28T22:56:17.113325+09:00/anypose-report/input direction=down_right frame=21 path=.tmp/test/character-animation/2026-09-28_16-53-27/2026-09-28_16-53-27-97523f7d/down_right/frame-0021
2026-09-28T22:56:17.615058+09:00/anypose-report/input direction=up_left frame=1 path=.tmp/test/character-animation/2026-09-28_16-53-27/2026-09-28_16-53-27-97523f7d/up_left/frame-0001
2026-09-28T22:56:17.626771+09:00/anypose-report/input direction=up_left frame=5 path=.tmp/test/character-animation/2026-09-28_16-53-27/2026-09-28_16-53-27-97523f7d/up_left/frame-0005
2026-09-28T22:56:17.639266+09:00/anypose-report/input direction=up_left frame=9 path=.tmp/test/character-animation/2026-09-28_16-53-27/2026-09-28_16-53-27-97523f7d/up_left/frame-0009
2026-09-28T22:56:17.651666+09:00/anypose-report/input direction=up_left frame=13 path=.tmp/test/character-animation/2026-09-28_16-53-27/2026-09-28_16-53-27-97523f7d/up_left/frame-0013
2026-09-28T22:56:17.664322+09:00/anypose-report/input direction=up_left frame=17 path=.tmp/test/character-animation/2026-09-28_16-53-27/2026-09-28_16-53-27-97523f7d/up_left/frame-0017
2026-09-28T22:56:17.676530+09:00/anypose-report/input direction=up_left frame=21 path=.tmp/test/character-animation/2026-09-28_16-53-27/2026-09-28_16-53-27-97523f7d/up_left/frame-0021
2026-09-28T22:56:18.185280+09:00/anypose-report/input direction=up_right frame=1 path=.tmp/test/character-animation/2026-09-28_15-06-32/2026-09-28_15-06-32-ce084d85/up_right/frame-0001
2026-09-28T22:56:18.195609+09:00/anypose-report/input direction=up_right frame=5 path=.tmp/test/character-animation/2026-09-28_15-06-32/2026-09-28_15-06-32-ce084d85/up_right/frame-0005
2026-09-28T22:56:18.206245+09:00/anypose-report/input direction=up_right frame=9 path=.tmp/test/character-animation/2026-09-28_15-06-32/2026-09-28_15-06-32-ce084d85/up_right/frame-0009
2026-09-28T22:56:18.216519+09:00/anypose-report/input direction=up_right frame=13 path=.tmp/test/character-animation/2026-09-28_15-06-32/2026-09-28_15-06-32-ce084d85/up_right/frame-0013
2026-09-28T22:56:18.233918+09:00/anypose-report/input direction=up_right frame=17 path=.tmp/test/character-animation/2026-09-28_15-06-32/2026-09-28_15-06-32-ce084d85/up_right/frame-0017
2026-09-28T22:56:18.245878+09:00/anypose-report/input direction=up_right frame=21 path=.tmp/test/character-animation/2026-09-28_15-06-32/2026-09-28_15-06-32-ce084d85/up_right/frame-0021
2026-09-28T22:56:19.677386+09:00/anypose-report/complete directions=4 frames=24 gifs=9
