Read blend: "/home/cbsim/ws/slime-workflow/.tmp/2026-09-23_01-02-22/model-review/mannequin.blend"
Fra:1 Mem:9.81M (Peak 9.81M) | Time:00:00.09 | Mem:0.00M, Peak:0.00M | Scene, ViewLayer | Synchronizing object | key
Fra:1 Mem:9.81M (Peak 9.81M) | Time:00:00.09 | Mem:0.00M, Peak:0.00M | Scene, ViewLayer | Synchronizing object | reference-mannequin-multiview
Fra:1 Mem:9.81M (Peak 9.81M) | Time:00:00.09 | Mem:0.00M, Peak:0.00M | Scene, ViewLayer | Synchronizing object | fill
Fra:1 Mem:12.36M (Peak 12.36M) | Time:00:00.09 | Mem:0.00M, Peak:0.00M | Scene, ViewLayer | Initializing
Fra:1 Mem:12.17M (Peak 12.36M) | Time:00:00.09 | Mem:0.00M, Peak:0.00M | Scene, ViewLayer | Waiting for render to start
Fra:1 Mem:12.17M (Peak 12.36M) | Time:00:00.09 | Mem:0.00M, Peak:0.00M | Scene, ViewLayer | Updating Scene
Fra:1 Mem:12.17M (Peak 12.36M) | Time:00:00.09 | Mem:0.00M, Peak:0.00M | Scene, ViewLayer | Updating Shaders
Fra:1 Mem:12.17M (Peak 12.36M) | Time:00:00.09 | Mem:0.00M, Peak:0.00M | Scene, ViewLayer | Loading render kernels (may take a few minutes the first time)
Fra:1 Mem:12.25M (Peak 40.27M) | Time:00:00.15 | Mem:0.00M, Peak:0.00M | Scene, ViewLayer | Updating Procedurals
Fra:1 Mem:12.25M (Peak 40.27M) | Time:00:00.15 | Mem:0.00M, Peak:0.00M | Scene, ViewLayer | Updating Background
Fra:1 Mem:12.25M (Peak 40.27M) | Time:00:00.15 | Mem:0.00M, Peak:0.00M | Scene, ViewLayer | Updating Camera
Fra:1 Mem:12.25M (Peak 40.27M) | Time:00:00.15 | Mem:0.00M, Peak:0.00M | Scene, ViewLayer | Updating Meshes Flags
Fra:1 Mem:12.25M (Peak 40.27M) | Time:00:00.15 | Mem:0.00M, Peak:0.00M | Scene, ViewLayer | Updating Objects
Fra:1 Mem:12.25M (Peak 40.27M) | Time:00:00.15 | Mem:0.00M, Peak:0.00M | Scene, ViewLayer | Updating Objects | Copying Transformations to device
Fra:1 Mem:12.25M (Peak 40.27M) | Time:00:00.15 | Mem:0.00M, Peak:0.00M | Scene, ViewLayer | Updating Particle Systems
Fra:1 Mem:12.25M (Peak 40.27M) | Time:00:00.15 | Mem:0.00M, Peak:0.00M | Scene, ViewLayer | Updating Particle Systems | Copying Particles to device
Fra:1 Mem:12.25M (Peak 40.27M) | Time:00:00.15 | Mem:0.00M, Peak:0.00M | Scene, ViewLayer | Updating Meshes
Fra:1 Mem:12.25M (Peak 40.27M) | Time:00:00.15 | Mem:0.00M, Peak:0.00M | Scene, ViewLayer | Updating Objects | Applying Static Transformations
Fra:1 Mem:12.25M (Peak 40.27M) | Time:00:00.15 | Mem:0.00M, Peak:0.00M | Scene, ViewLayer | Updating Mesh | Computing attributes
Fra:1 Mem:12.42M (Peak 40.27M) | Time:00:00.15 | Mem:0.00M, Peak:0.00M | Scene, ViewLayer | Updating Mesh | Copying Attributes to device
Fra:1 Mem:12.42M (Peak 40.27M) | Time:00:00.15 | Mem:0.17M, Peak:0.17M | Scene, ViewLayer | Updating Scene BVH | Building
Fra:1 Mem:12.42M (Peak 40.27M) | Time:00:00.15 | Mem:0.17M, Peak:0.17M | Scene, ViewLayer | Updating Scene BVH | Building BVH
Fra:1 Mem:14.14M (Peak 40.27M) | Time:00:00.15 | Mem:0.17M, Peak:0.17M | Scene, ViewLayer | Updating Scene BVH | Packing BVH triangles and strands
Fra:1 Mem:14.25M (Peak 40.27M) | Time:00:00.15 | Mem:0.17M, Peak:0.17M | Scene, ViewLayer | Updating Scene BVH | Packing BVH nodes
Fra:1 Mem:14.25M (Peak 40.27M) | Time:00:00.15 | Mem:0.17M, Peak:0.17M | Scene, ViewLayer | Updating Scene BVH | Copying BVH to device
Fra:1 Mem:14.25M (Peak 40.27M) | Time:00:00.15 | Mem:1.09M, Peak:1.09M | Scene, ViewLayer | Updating Mesh | Computing normals
Fra:1 Mem:15.05M (Peak 40.27M) | Time:00:00.15 | Mem:1.09M, Peak:1.09M | Scene, ViewLayer | Updating Mesh | Copying Mesh to device
Fra:1 Mem:15.05M (Peak 40.27M) | Time:00:00.15 | Mem:1.89M, Peak:1.89M | Scene, ViewLayer | Updating Objects Flags
Fra:1 Mem:15.05M (Peak 40.27M) | Time:00:00.15 | Mem:1.89M, Peak:1.89M | Scene, ViewLayer | Updating Primitive Offsets
Fra:1 Mem:15.05M (Peak 40.27M) | Time:00:00.15 | Mem:1.89M, Peak:1.89M | Scene, ViewLayer | Updating Images
Fra:1 Mem:15.05M (Peak 40.27M) | Time:00:00.15 | Mem:1.89M, Peak:1.89M | Scene, ViewLayer | Updating Camera Volume
Fra:1 Mem:15.05M (Peak 40.27M) | Time:00:00.15 | Mem:1.89M, Peak:1.89M | Scene, ViewLayer | Updating Lookup Tables
Fra:1 Mem:15.05M (Peak 40.27M) | Time:00:00.15 | Mem:1.97M, Peak:1.97M | Scene, ViewLayer | Updating Lights
Fra:1 Mem:15.05M (Peak 40.27M) | Time:00:00.15 | Mem:1.97M, Peak:1.97M | Scene, ViewLayer | Updating Lights | Computing tree
Fra:1 Mem:15.05M (Peak 40.27M) | Time:00:00.15 | Mem:1.97M, Peak:1.97M | Scene, ViewLayer | Updating Integrator
Fra:1 Mem:15.05M (Peak 40.27M) | Time:00:00.15 | Mem:1.97M, Peak:1.97M | Scene, ViewLayer | Updating Film
Fra:1 Mem:15.06M (Peak 40.27M) | Time:00:00.15 | Mem:1.89M, Peak:1.97M | Scene, ViewLayer | Updating Lookup Tables
Fra:1 Mem:15.06M (Peak 40.27M) | Time:00:00.15 | Mem:1.98M, Peak:1.98M | Scene, ViewLayer | Updating Baking
Fra:1 Mem:15.06M (Peak 40.27M) | Time:00:00.15 | Mem:1.98M, Peak:1.98M | Scene, ViewLayer | Updating Device | Writing constant memory
Fra:1 Mem:15.06M (Peak 40.27M) | Time:00:00.15 | Mem:1.98M, Peak:1.98M | Scene, ViewLayer | Loading denoising kernels (may take a few minutes the first time)
Fra:1 Mem:19.06M (Peak 40.27M) | Time:00:00.16 | Mem:353.98M, Peak:353.98M | Scene, ViewLayer | Sample 0/32
Fra:1 Mem:61.81M (Peak 61.81M) | Time:00:00.16 | Remaining:00:00.15 | Mem:396.73M, Peak:396.73M | Scene, ViewLayer | Sample 1/32
Fra:1 Mem:79.82M (Peak 106.82M) | Time:00:01.72 | Mem:396.73M, Peak:396.73M | Scene, ViewLayer | Sample 32/32
Fra:1 Mem:79.82M (Peak 106.82M) | Time:00:01.72 | Mem:396.73M, Peak:396.73M | Scene, ViewLayer | Finished
Saved: '/home/cbsim/ws/slime-workflow/.tmp/2026-09-23_06-25-15/compare-accepted-front.png'
Time: 00:01.89 (Saving: 00:00.08)

Fra:1 Mem:11.18M (Peak 11.18M) | Time:00:00.07 | Mem:0.00M, Peak:0.00M | Scene, ViewLayer | Synchronizing object | reference-mannequin-multiview
Fra:1 Mem:11.18M (Peak 11.18M) | Time:00:00.07 | Mem:0.00M, Peak:0.00M | Scene, ViewLayer | Synchronizing object | fill
Fra:1 Mem:12.36M (Peak 12.36M) | Time:00:00.07 | Mem:0.00M, Peak:0.00M | Scene, ViewLayer | Initializing
Fra:1 Mem:12.17M (Peak 12.36M) | Time:00:00.07 | Mem:0.00M, Peak:0.00M | Scene, ViewLayer | Waiting for render to start
Fra:1 Mem:12.17M (Peak 12.36M) | Time:00:00.07 | Mem:0.00M, Peak:0.00M | Scene, ViewLayer | Updating Scene
Fra:1 Mem:12.17M (Peak 12.36M) | Time:00:00.07 | Mem:0.00M, Peak:0.00M | Scene, ViewLayer | Updating Shaders
Fra:1 Mem:12.17M (Peak 12.36M) | Time:00:00.07 | Mem:0.00M, Peak:0.00M | Scene, ViewLayer | Loading render kernels (may take a few minutes the first time)
Fra:1 Mem:12.25M (Peak 40.27M) | Time:00:00.14 | Mem:0.00M, Peak:0.00M | Scene, ViewLayer | Updating Procedurals
Fra:1 Mem:12.25M (Peak 40.27M) | Time:00:00.14 | Mem:0.00M, Peak:0.00M | Scene, ViewLayer | Updating Background
Fra:1 Mem:12.25M (Peak 40.27M) | Time:00:00.14 | Mem:0.00M, Peak:0.00M | Scene, ViewLayer | Updating Camera
Fra:1 Mem:12.25M (Peak 40.27M) | Time:00:00.14 | Mem:0.00M, Peak:0.00M | Scene, ViewLayer | Updating Meshes Flags
Fra:1 Mem:12.25M (Peak 40.27M) | Time:00:00.14 | Mem:0.00M, Peak:0.00M | Scene, ViewLayer | Updating Objects
Fra:1 Mem:12.25M (Peak 40.27M) | Time:00:00.14 | Mem:0.00M, Peak:0.00M | Scene, ViewLayer | Updating Objects | Copying Transformations to device
Fra:1 Mem:12.25M (Peak 40.27M) | Time:00:00.14 | Mem:0.00M, Peak:0.00M | Scene, ViewLayer | Updating Particle Systems
Fra:1 Mem:12.25M (Peak 40.27M) | Time:00:00.14 | Mem:0.00M, Peak:0.00M | Scene, ViewLayer | Updating Particle Systems | Copying Particles to device
Fra:1 Mem:12.25M (Peak 40.27M) | Time:00:00.14 | Mem:0.00M, Peak:0.00M | Scene, ViewLayer | Updating Meshes
Fra:1 Mem:12.25M (Peak 40.27M) | Time:00:00.14 | Mem:0.00M, Peak:0.00M | Scene, ViewLayer | Updating Objects | Applying Static Transformations
Fra:1 Mem:12.25M (Peak 40.27M) | Time:00:00.14 | Mem:0.00M, Peak:0.00M | Scene, ViewLayer | Updating Mesh | Computing attributes
Fra:1 Mem:12.42M (Peak 40.27M) | Time:00:00.14 | Mem:0.00M, Peak:0.00M | Scene, ViewLayer | Updating Mesh | Copying Attributes to device
Fra:1 Mem:12.42M (Peak 40.27M) | Time:00:00.14 | Mem:0.17M, Peak:0.17M | Scene, ViewLayer | Updating Scene BVH | Building
Fra:1 Mem:12.42M (Peak 40.27M) | Time:00:00.14 | Mem:0.17M, Peak:0.17M | Scene, ViewLayer | Updating Scene BVH | Building BVH
Fra:1 Mem:14.14M (Peak 40.27M) | Time:00:00.15 | Mem:0.17M, Peak:0.17M | Scene, ViewLayer | Updating Scene BVH | Packing BVH triangles and strands
Fra:1 Mem:14.25M (Peak 40.27M) | Time:00:00.15 | Mem:0.17M, Peak:0.17M | Scene, ViewLayer | Updating Scene BVH | Packing BVH nodes
Fra:1 Mem:14.25M (Peak 40.27M) | Time:00:00.15 | Mem:0.17M, Peak:0.17M | Scene, ViewLayer | Updating Scene BVH | Copying BVH to device
Fra:1 Mem:14.25M (Peak 40.27M) | Time:00:00.15 | Mem:1.09M, Peak:1.09M | Scene, ViewLayer | Updating Mesh | Computing normals
Fra:1 Mem:15.05M (Peak 40.27M) | Time:00:00.15 | Mem:1.09M, Peak:1.09M | Scene, ViewLayer | Updating Mesh | Copying Mesh to device
Fra:1 Mem:15.05M (Peak 40.27M) | Time:00:00.15 | Mem:1.89M, Peak:1.89M | Scene, ViewLayer | Updating Objects Flags
Fra:1 Mem:15.05M (Peak 40.27M) | Time:00:00.15 | Mem:1.89M, Peak:1.89M | Scene, ViewLayer | Updating Primitive Offsets
Fra:1 Mem:15.05M (Peak 40.27M) | Time:00:00.15 | Mem:1.89M, Peak:1.89M | Scene, ViewLayer | Updating Images
Fra:1 Mem:15.05M (Peak 40.27M) | Time:00:00.15 | Mem:1.89M, Peak:1.89M | Scene, ViewLayer | Updating Camera Volume
Fra:1 Mem:15.05M (Peak 40.27M) | Time:00:00.15 | Mem:1.89M, Peak:1.89M | Scene, ViewLayer | Updating Lookup Tables
Fra:1 Mem:15.05M (Peak 40.27M) | Time:00:00.15 | Mem:1.97M, Peak:1.97M | Scene, ViewLayer | Updating Lights
Fra:1 Mem:15.05M (Peak 40.27M) | Time:00:00.15 | Mem:1.97M, Peak:1.97M | Scene, ViewLayer | Updating Lights | Computing tree
Fra:1 Mem:15.05M (Peak 40.27M) | Time:00:00.15 | Mem:1.97M, Peak:1.97M | Scene, ViewLayer | Updating Integrator
Fra:1 Mem:15.05M (Peak 40.27M) | Time:00:00.15 | Mem:1.97M, Peak:1.97M | Scene, ViewLayer | Updating Film
Fra:1 Mem:15.06M (Peak 40.27M) | Time:00:00.15 | Mem:1.89M, Peak:1.97M | Scene, ViewLayer | Updating Lookup Tables
Fra:1 Mem:15.06M (Peak 40.27M) | Time:00:00.15 | Mem:1.98M, Peak:1.98M | Scene, ViewLayer | Updating Baking
Fra:1 Mem:15.06M (Peak 40.27M) | Time:00:00.15 | Mem:1.98M, Peak:1.98M | Scene, ViewLayer | Updating Device | Writing constant memory
Fra:1 Mem:15.06M (Peak 40.27M) | Time:00:00.15 | Mem:1.98M, Peak:1.98M | Scene, ViewLayer | Loading denoising kernels (may take a few minutes the first time)
Fra:1 Mem:19.06M (Peak 40.27M) | Time:00:00.16 | Mem:353.98M, Peak:353.98M | Scene, ViewLayer | Sample 0/32
Fra:1 Mem:61.81M (Peak 61.81M) | Time:00:00.16 | Remaining:00:00.14 | Mem:396.73M, Peak:396.73M | Scene, ViewLayer | Sample 1/32
Fra:1 Mem:79.82M (Peak 106.82M) | Time:00:01.62 | Mem:396.73M, Peak:396.73M | Scene, ViewLayer | Sample 32/32
Fra:1 Mem:79.82M (Peak 106.82M) | Time:00:01.62 | Mem:396.73M, Peak:396.73M | Scene, ViewLayer | Finished
Saved: '/home/cbsim/ws/slime-workflow/.tmp/2026-09-23_06-25-15/compare-accepted-side.png'
Time: 00:01.73 (Saving: 00:00.01)

Fra:1 Mem:11.18M (Peak 11.18M) | Time:00:00.07 | Mem:0.00M, Peak:0.00M | Scene, ViewLayer | Synchronizing object | fill
Fra:1 Mem:11.18M (Peak 11.18M) | Time:00:00.07 | Mem:0.00M, Peak:0.00M | Scene, ViewLayer | Synchronizing object | key
Fra:1 Mem:11.18M (Peak 11.18M) | Time:00:00.07 | Mem:0.00M, Peak:0.00M | Scene, ViewLayer | Synchronizing object | reference-mannequin-multiview
Fra:1 Mem:12.36M (Peak 12.36M) | Time:00:00.07 | Mem:0.00M, Peak:0.00M | Scene, ViewLayer | Initializing
Fra:1 Mem:12.17M (Peak 12.36M) | Time:00:00.07 | Mem:0.00M, Peak:0.00M | Scene, ViewLayer | Waiting for render to start
Fra:1 Mem:12.17M (Peak 12.36M) | Time:00:00.07 | Mem:0.00M, Peak:0.00M | Scene, ViewLayer | Updating Scene
Fra:1 Mem:12.17M (Peak 12.36M) | Time:00:00.07 | Mem:0.00M, Peak:0.00M | Scene, ViewLayer | Updating Shaders
Fra:1 Mem:12.17M (Peak 12.36M) | Time:00:00.07 | Mem:0.00M, Peak:0.00M | Scene, ViewLayer | Loading render kernels (may take a few minutes the first time)
Fra:1 Mem:12.25M (Peak 40.27M) | Time:00:00.12 | Mem:0.00M, Peak:0.00M | Scene, ViewLayer | Updating Procedurals
Fra:1 Mem:12.25M (Peak 40.27M) | Time:00:00.12 | Mem:0.00M, Peak:0.00M | Scene, ViewLayer | Updating Background
Fra:1 Mem:12.25M (Peak 40.27M) | Time:00:00.12 | Mem:0.00M, Peak:0.00M | Scene, ViewLayer | Updating Camera
Fra:1 Mem:12.25M (Peak 40.27M) | Time:00:00.12 | Mem:0.00M, Peak:0.00M | Scene, ViewLayer | Updating Meshes Flags
Fra:1 Mem:12.25M (Peak 40.27M) | Time:00:00.12 | Mem:0.00M, Peak:0.00M | Scene, ViewLayer | Updating Objects
Fra:1 Mem:12.25M (Peak 40.27M) | Time:00:00.12 | Mem:0.00M, Peak:0.00M | Scene, ViewLayer | Updating Objects | Copying Transformations to device
Fra:1 Mem:12.25M (Peak 40.27M) | Time:00:00.12 | Mem:0.00M, Peak:0.00M | Scene, ViewLayer | Updating Particle Systems
Fra:1 Mem:12.25M (Peak 40.27M) | Time:00:00.12 | Mem:0.00M, Peak:0.00M | Scene, ViewLayer | Updating Particle Systems | Copying Particles to device
Fra:1 Mem:12.25M (Peak 40.27M) | Time:00:00.12 | Mem:0.00M, Peak:0.00M | Scene, ViewLayer | Updating Meshes
Fra:1 Mem:12.25M (Peak 40.27M) | Time:00:00.12 | Mem:0.00M, Peak:0.00M | Scene, ViewLayer | Updating Objects | Applying Static Transformations
Fra:1 Mem:12.25M (Peak 40.27M) | Time:00:00.12 | Mem:0.00M, Peak:0.00M | Scene, ViewLayer | Updating Mesh | Computing attributes
Fra:1 Mem:12.42M (Peak 40.27M) | Time:00:00.12 | Mem:0.00M, Peak:0.00M | Scene, ViewLayer | Updating Mesh | Copying Attributes to device
Fra:1 Mem:12.42M (Peak 40.27M) | Time:00:00.12 | Mem:0.17M, Peak:0.17M | Scene, ViewLayer | Updating Scene BVH | Building
Fra:1 Mem:12.42M (Peak 40.27M) | Time:00:00.12 | Mem:0.17M, Peak:0.17M | Scene, ViewLayer | Updating Scene BVH | Building BVH
Fra:1 Mem:14.14M (Peak 40.27M) | Time:00:00.13 | Mem:0.17M, Peak:0.17M | Scene, ViewLayer | Updating Scene BVH | Packing BVH triangles and strands
Fra:1 Mem:14.25M (Peak 40.27M) | Time:00:00.13 | Mem:0.17M, Peak:0.17M | Scene, ViewLayer | Updating Scene BVH | Packing BVH nodes
Fra:1 Mem:14.25M (Peak 40.27M) | Time:00:00.13 | Mem:0.17M, Peak:0.17M | Scene, ViewLayer | Updating Scene BVH | Copying BVH to device
Fra:1 Mem:14.25M (Peak 40.27M) | Time:00:00.13 | Mem:1.09M, Peak:1.09M | Scene, ViewLayer | Updating Mesh | Computing normals
Fra:1 Mem:15.05M (Peak 40.27M) | Time:00:00.13 | Mem:1.09M, Peak:1.09M | Scene, ViewLayer | Updating Mesh | Copying Mesh to device
Fra:1 Mem:15.05M (Peak 40.27M) | Time:00:00.13 | Mem:1.89M, Peak:1.89M | Scene, ViewLayer | Updating Objects Flags
Fra:1 Mem:15.05M (Peak 40.27M) | Time:00:00.13 | Mem:1.89M, Peak:1.89M | Scene, ViewLayer | Updating Primitive Offsets
Fra:1 Mem:15.05M (Peak 40.27M) | Time:00:00.13 | Mem:1.89M, Peak:1.89M | Scene, ViewLayer | Updating Images
Fra:1 Mem:15.05M (Peak 40.27M) | Time:00:00.13 | Mem:1.89M, Peak:1.89M | Scene, ViewLayer | Updating Camera Volume
Fra:1 Mem:15.05M (Peak 40.27M) | Time:00:00.13 | Mem:1.89M, Peak:1.89M | Scene, ViewLayer | Updating Lookup Tables
Fra:1 Mem:15.05M (Peak 40.27M) | Time:00:00.13 | Mem:1.97M, Peak:1.97M | Scene, ViewLayer | Updating Lights
Fra:1 Mem:15.05M (Peak 40.27M) | Time:00:00.13 | Mem:1.97M, Peak:1.97M | Scene, ViewLayer | Updating Lights | Computing tree
Fra:1 Mem:15.05M (Peak 40.27M) | Time:00:00.13 | Mem:1.97M, Peak:1.97M | Scene, ViewLayer | Updating Integrator
Fra:1 Mem:15.05M (Peak 40.27M) | Time:00:00.13 | Mem:1.97M, Peak:1.97M | Scene, ViewLayer | Updating Film
Fra:1 Mem:15.06M (Peak 40.27M) | Time:00:00.13 | Mem:1.89M, Peak:1.97M | Scene, ViewLayer | Updating Lookup Tables
Fra:1 Mem:15.06M (Peak 40.27M) | Time:00:00.13 | Mem:1.98M, Peak:1.98M | Scene, ViewLayer | Updating Baking
Fra:1 Mem:15.06M (Peak 40.27M) | Time:00:00.13 | Mem:1.98M, Peak:1.98M | Scene, ViewLayer | Updating Device | Writing constant memory
Fra:1 Mem:15.06M (Peak 40.27M) | Time:00:00.13 | Mem:1.98M, Peak:1.98M | Scene, ViewLayer | Loading denoising kernels (may take a few minutes the first time)
Fra:1 Mem:19.06M (Peak 40.27M) | Time:00:00.13 | Mem:353.98M, Peak:353.98M | Scene, ViewLayer | Sample 0/32
Fra:1 Mem:61.81M (Peak 61.81M) | Time:00:00.14 | Remaining:00:00.15 | Mem:396.73M, Peak:396.73M | Scene, ViewLayer | Sample 1/32
2026-09-23T06:42:28+0900/shape-comparison/heartbeat {'stage': 'accepted-back'}
Fra:1 Mem:79.82M (Peak 106.82M) | Time:00:01.63 | Mem:396.73M, Peak:396.73M | Scene, ViewLayer | Sample 32/32
Fra:1 Mem:79.82M (Peak 106.82M) | Time:00:01.63 | Mem:396.73M, Peak:396.73M | Scene, ViewLayer | Finished
Saved: '/home/cbsim/ws/slime-workflow/.tmp/2026-09-23_06-25-15/compare-accepted-back.png'
Time: 00:01.74 (Saving: 00:00.02)

Read blend: "/home/cbsim/ws/slime-workflow/.tmp/2026-09-23_01-28-22/rigged-mannequin.blend"
Fra:1 Mem:15.77M (Peak 15.77M) | Time:00:00.07 | Mem:0.00M, Peak:0.00M | Scene, ViewLayer | Synchronizing object | key
Fra:1 Mem:15.77M (Peak 15.77M) | Time:00:00.07 | Mem:0.00M, Peak:0.00M | Scene, ViewLayer | Synchronizing object | waist-internal-core
Fra:1 Mem:15.77M (Peak 15.77M) | Time:00:00.07 | Mem:0.00M, Peak:0.00M | Scene, ViewLayer | Synchronizing object | right-ankle-ball
Fra:1 Mem:15.86M (Peak 15.86M) | Time:00:00.07 | Mem:0.00M, Peak:0.00M | Scene, ViewLayer | Synchronizing object | chest-internal-core
Fra:1 Mem:15.87M (Peak 15.87M) | Time:00:00.07 | Mem:0.00M, Peak:0.00M | Scene, ViewLayer | Synchronizing object | right-knee-ball
Fra:1 Mem:15.97M (Peak 15.97M) | Time:00:00.07 | Mem:0.00M, Peak:0.00M | Scene, ViewLayer | Synchronizing object | chest-shell-part
Fra:1 Mem:16.01M (Peak 16.01M) | Time:00:00.07 | Mem:0.00M, Peak:0.00M | Scene, ViewLayer | Synchronizing object | left-upper-arm-shell
Fra:1 Mem:16.17M (Peak 16.17M) | Time:00:00.07 | Mem:0.00M, Peak:0.00M | Scene, ViewLayer | Synchronizing object | left-foot-shell
Fra:1 Mem:16.39M (Peak 16.39M) | Time:00:00.07 | Mem:0.00M, Peak:0.00M | Scene, ViewLayer | Synchronizing object | left-hip-ball
Fra:1 Mem:16.58M (Peak 16.58M) | Time:00:00.07 | Mem:0.00M, Peak:0.00M | Scene, ViewLayer | Synchronizing object | left-ankle-ball
Fra:1 Mem:17.13M (Peak 17.13M) | Time:00:00.08 | Mem:0.00M, Peak:0.00M | Scene, ViewLayer | Synchronizing object | right-thigh-shell
Fra:1 Mem:17.15M (Peak 17.15M) | Time:00:00.08 | Mem:0.00M, Peak:0.00M | Scene, ViewLayer | Synchronizing object | right-shin-shell
Fra:1 Mem:17.26M (Peak 17.26M) | Time:00:00.08 | Mem:0.00M, Peak:0.00M | Scene, ViewLayer | Synchronizing object | right-foot-shell
Fra:1 Mem:17.48M (Peak 17.48M) | Time:00:00.08 | Mem:0.00M, Peak:0.00M | Scene, ViewLayer | Synchronizing object | right-elbow-ball
Fra:1 Mem:17.53M (Peak 17.53M) | Time:00:00.08 | Mem:0.00M, Peak:0.00M | Scene, ViewLayer | Synchronizing object | right-wrist-ball
Fra:1 Mem:19.34M (Peak 19.34M) | Time:00:00.08 | Mem:0.00M, Peak:0.00M | Scene, ViewLayer | Initializing
Fra:1 Mem:16.01M (Peak 19.34M) | Time:00:00.08 | Mem:0.00M, Peak:0.00M | Scene, ViewLayer | Waiting for render to start
Fra:1 Mem:16.01M (Peak 19.34M) | Time:00:00.08 | Mem:0.00M, Peak:0.00M | Scene, ViewLayer | Updating Scene
Fra:1 Mem:16.01M (Peak 19.34M) | Time:00:00.08 | Mem:0.00M, Peak:0.00M | Scene, ViewLayer | Updating Shaders
Fra:1 Mem:16.01M (Peak 19.34M) | Time:00:00.08 | Mem:0.00M, Peak:0.00M | Scene, ViewLayer | Loading render kernels (may take a few minutes the first time)
Fra:1 Mem:16.10M (Peak 44.12M) | Time:00:00.11 | Mem:0.00M, Peak:0.00M | Scene, ViewLayer | Updating Procedurals
Fra:1 Mem:16.10M (Peak 44.12M) | Time:00:00.11 | Mem:0.00M, Peak:0.00M | Scene, ViewLayer | Updating Background
Fra:1 Mem:16.10M (Peak 44.12M) | Time:00:00.11 | Mem:0.00M, Peak:0.00M | Scene, ViewLayer | Updating Camera
Fra:1 Mem:16.10M (Peak 44.12M) | Time:00:00.11 | Mem:0.00M, Peak:0.00M | Scene, ViewLayer | Updating Meshes Flags
Fra:1 Mem:16.10M (Peak 44.12M) | Time:00:00.11 | Mem:0.00M, Peak:0.00M | Scene, ViewLayer | Updating Objects
Fra:1 Mem:16.10M (Peak 44.12M) | Time:00:00.11 | Mem:0.00M, Peak:0.00M | Scene, ViewLayer | Updating Objects | Copying Transformations to device
Fra:1 Mem:16.10M (Peak 44.12M) | Time:00:00.11 | Mem:0.01M, Peak:0.01M | Scene, ViewLayer | Updating Particle Systems
Fra:1 Mem:16.10M (Peak 44.12M) | Time:00:00.11 | Mem:0.01M, Peak:0.01M | Scene, ViewLayer | Updating Particle Systems | Copying Particles to device
Fra:1 Mem:16.10M (Peak 44.12M) | Time:00:00.11 | Mem:0.01M, Peak:0.01M | Scene, ViewLayer | Updating Meshes
Fra:1 Mem:16.10M (Peak 44.12M) | Time:00:00.11 | Mem:0.01M, Peak:0.01M | Scene, ViewLayer | Updating Objects | Applying Static Transformations
Fra:1 Mem:16.10M (Peak 44.12M) | Time:00:00.11 | Mem:0.01M, Peak:0.01M | Scene, ViewLayer | Updating Mesh | Computing attributes
Fra:1 Mem:16.38M (Peak 44.12M) | Time:00:00.11 | Mem:0.01M, Peak:0.01M | Scene, ViewLayer | Updating Mesh | Copying Attributes to device
Fra:1 Mem:16.37M (Peak 44.12M) | Time:00:00.11 | Mem:0.28M, Peak:0.28M | Scene, ViewLayer | Updating Scene BVH | Building
Fra:1 Mem:16.37M (Peak 44.12M) | Time:00:00.11 | Mem:0.28M, Peak:0.28M | Scene, ViewLayer | Updating Scene BVH | Building BVH
Fra:1 Mem:18.75M (Peak 44.12M) | Time:00:00.12 | Mem:0.28M, Peak:0.28M | Scene, ViewLayer | Updating Scene BVH | Packing BVH triangles and strands
Fra:1 Mem:18.91M (Peak 44.12M) | Time:00:00.12 | Mem:0.28M, Peak:0.28M | Scene, ViewLayer | Updating Scene BVH | Packing BVH nodes
Fra:1 Mem:18.86M (Peak 44.12M) | Time:00:00.12 | Mem:0.28M, Peak:0.28M | Scene, ViewLayer | Updating Scene BVH | Copying BVH to device
Fra:1 Mem:18.86M (Peak 44.12M) | Time:00:00.12 | Mem:1.52M, Peak:1.52M | Scene, ViewLayer | Updating Mesh | Computing normals
Fra:1 Mem:20.03M (Peak 44.12M) | Time:00:00.12 | Mem:1.52M, Peak:1.52M | Scene, ViewLayer | Updating Mesh | Copying Mesh to device
Fra:1 Mem:20.03M (Peak 44.12M) | Time:00:00.12 | Mem:2.69M, Peak:2.69M | Scene, ViewLayer | Updating Objects Flags
Fra:1 Mem:20.03M (Peak 44.12M) | Time:00:00.12 | Mem:2.69M, Peak:2.69M | Scene, ViewLayer | Updating Primitive Offsets
Fra:1 Mem:20.03M (Peak 44.12M) | Time:00:00.12 | Mem:2.69M, Peak:2.69M | Scene, ViewLayer | Updating Images
Fra:1 Mem:20.03M (Peak 44.12M) | Time:00:00.12 | Mem:2.69M, Peak:2.69M | Scene, ViewLayer | Updating Camera Volume
Fra:1 Mem:20.03M (Peak 44.12M) | Time:00:00.12 | Mem:2.69M, Peak:2.69M | Scene, ViewLayer | Updating Lookup Tables
Fra:1 Mem:20.03M (Peak 44.12M) | Time:00:00.12 | Mem:2.77M, Peak:2.77M | Scene, ViewLayer | Updating Lights
Fra:1 Mem:20.03M (Peak 44.12M) | Time:00:00.12 | Mem:2.77M, Peak:2.77M | Scene, ViewLayer | Updating Lights | Computing tree
Fra:1 Mem:20.03M (Peak 44.12M) | Time:00:00.12 | Mem:2.77M, Peak:2.77M | Scene, ViewLayer | Updating Integrator
Fra:1 Mem:20.03M (Peak 44.12M) | Time:00:00.12 | Mem:2.77M, Peak:2.77M | Scene, ViewLayer | Updating Film
Fra:1 Mem:20.03M (Peak 44.12M) | Time:00:00.12 | Mem:2.69M, Peak:2.77M | Scene, ViewLayer | Updating Lookup Tables
Fra:1 Mem:20.03M (Peak 44.12M) | Time:00:00.12 | Mem:2.77M, Peak:2.77M | Scene, ViewLayer | Updating Baking
Fra:1 Mem:20.03M (Peak 44.12M) | Time:00:00.12 | Mem:2.77M, Peak:2.77M | Scene, ViewLayer | Updating Device | Writing constant memory
Fra:1 Mem:20.04M (Peak 44.12M) | Time:00:00.12 | Mem:2.77M, Peak:2.77M | Scene, ViewLayer | Loading denoising kernels (may take a few minutes the first time)
Fra:1 Mem:24.04M (Peak 44.12M) | Time:00:00.13 | Mem:354.78M, Peak:354.78M | Scene, ViewLayer | Sample 0/32
Fra:1 Mem:66.79M (Peak 66.79M) | Time:00:00.13 | Remaining:00:00.16 | Mem:397.53M, Peak:397.53M | Scene, ViewLayer | Sample 1/32
Fra:1 Mem:84.80M (Peak 111.80M) | Time:00:01.59 | Mem:397.53M, Peak:397.53M | Scene, ViewLayer | Sample 32/32
Fra:1 Mem:84.80M (Peak 111.80M) | Time:00:01.59 | Mem:397.53M, Peak:397.53M | Scene, ViewLayer | Finished
Saved: '/home/cbsim/ws/slime-workflow/.tmp/2026-09-23_06-25-15/compare-previous-front.png'
Time: 00:01.71 (Saving: 00:00.02)

Fra:1 Mem:16.45M (Peak 16.45M) | Time:00:00.08 | Mem:0.00M, Peak:0.00M | Scene, ViewLayer | Synchronizing object | key
Fra:1 Mem:16.45M (Peak 16.45M) | Time:00:00.08 | Mem:0.00M, Peak:0.00M | Scene, ViewLayer | Synchronizing object | right-ankle-ball
Fra:1 Mem:16.45M (Peak 16.45M) | Time:00:00.08 | Mem:0.00M, Peak:0.00M | Scene, ViewLayer | Synchronizing object | waist-internal-core
Fra:1 Mem:16.54M (Peak 16.54M) | Time:00:00.08 | Mem:0.00M, Peak:0.00M | Scene, ViewLayer | Synchronizing object | neck-shell-part
Fra:1 Mem:16.59M (Peak 16.59M) | Time:00:00.08 | Mem:0.00M, Peak:0.00M | Scene, ViewLayer | Synchronizing object | chest-shell-part
Fra:1 Mem:16.59M (Peak 16.59M) | Time:00:00.08 | Mem:0.00M, Peak:0.00M | Scene, ViewLayer | Synchronizing object | abdomen-shell-part
Fra:1 Mem:16.59M (Peak 16.59M) | Time:00:00.08 | Mem:0.00M, Peak:0.00M | Scene, ViewLayer | Synchronizing object | left-elbow-ball
Fra:1 Mem:16.66M (Peak 16.66M) | Time:00:00.08 | Mem:0.00M, Peak:0.00M | Scene, ViewLayer | Synchronizing object | left-hip-ball
Fra:1 Mem:16.69M (Peak 16.69M) | Time:00:00.08 | Mem:0.00M, Peak:0.00M | Scene, ViewLayer | Synchronizing object | left-ankle-ball
Fra:1 Mem:16.79M (Peak 16.79M) | Time:00:00.08 | Mem:0.00M, Peak:0.00M | Scene, ViewLayer | Synchronizing object | right-upper-arm-shell
Fra:1 Mem:16.87M (Peak 16.87M) | Time:00:00.08 | Mem:0.00M, Peak:0.00M | Scene, ViewLayer | Synchronizing object | right-forearm-shell
Fra:1 Mem:17.02M (Peak 17.02M) | Time:00:00.08 | Mem:0.00M, Peak:0.00M | Scene, ViewLayer | Synchronizing object | right-thigh-shell
Fra:1 Mem:17.02M (Peak 17.02M) | Time:00:00.08 | Mem:0.00M, Peak:0.00M | Scene, ViewLayer | Synchronizing object | right-wrist-ball
Fra:1 Mem:19.34M (Peak 19.34M) | Time:00:00.08 | Mem:0.00M, Peak:0.00M | Scene, ViewLayer | Initializing
Fra:1 Mem:16.01M (Peak 19.34M) | Time:00:00.08 | Mem:0.00M, Peak:0.00M | Scene, ViewLayer | Waiting for render to start
Fra:1 Mem:16.01M (Peak 19.34M) | Time:00:00.08 | Mem:0.00M, Peak:0.00M | Scene, ViewLayer | Updating Scene
Fra:1 Mem:16.01M (Peak 19.34M) | Time:00:00.08 | Mem:0.00M, Peak:0.00M | Scene, ViewLayer | Updating Shaders
Fra:1 Mem:16.01M (Peak 19.34M) | Time:00:00.08 | Mem:0.00M, Peak:0.00M | Scene, ViewLayer | Loading render kernels (may take a few minutes the first time)
Fra:1 Mem:16.10M (Peak 44.12M) | Time:00:00.12 | Mem:0.00M, Peak:0.00M | Scene, ViewLayer | Updating Procedurals
Fra:1 Mem:16.10M (Peak 44.12M) | Time:00:00.12 | Mem:0.00M, Peak:0.00M | Scene, ViewLayer | Updating Background
Fra:1 Mem:16.10M (Peak 44.12M) | Time:00:00.12 | Mem:0.00M, Peak:0.00M | Scene, ViewLayer | Updating Camera
Fra:1 Mem:16.10M (Peak 44.12M) | Time:00:00.12 | Mem:0.00M, Peak:0.00M | Scene, ViewLayer | Updating Meshes Flags
Fra:1 Mem:16.10M (Peak 44.12M) | Time:00:00.12 | Mem:0.00M, Peak:0.00M | Scene, ViewLayer | Updating Objects
Fra:1 Mem:16.10M (Peak 44.12M) | Time:00:00.12 | Mem:0.00M, Peak:0.00M | Scene, ViewLayer | Updating Objects | Copying Transformations to device
Fra:1 Mem:16.10M (Peak 44.12M) | Time:00:00.12 | Mem:0.01M, Peak:0.01M | Scene, ViewLayer | Updating Particle Systems
Fra:1 Mem:16.10M (Peak 44.12M) | Time:00:00.12 | Mem:0.01M, Peak:0.01M | Scene, ViewLayer | Updating Particle Systems | Copying Particles to device
Fra:1 Mem:16.10M (Peak 44.12M) | Time:00:00.12 | Mem:0.01M, Peak:0.01M | Scene, ViewLayer | Updating Meshes
Fra:1 Mem:16.10M (Peak 44.12M) | Time:00:00.12 | Mem:0.01M, Peak:0.01M | Scene, ViewLayer | Updating Objects | Applying Static Transformations
Fra:1 Mem:16.10M (Peak 44.12M) | Time:00:00.12 | Mem:0.01M, Peak:0.01M | Scene, ViewLayer | Updating Mesh | Computing attributes
Fra:1 Mem:16.38M (Peak 44.12M) | Time:00:00.12 | Mem:0.01M, Peak:0.01M | Scene, ViewLayer | Updating Mesh | Copying Attributes to device
Fra:1 Mem:16.37M (Peak 44.12M) | Time:00:00.12 | Mem:0.28M, Peak:0.28M | Scene, ViewLayer | Updating Scene BVH | Building
Fra:1 Mem:16.37M (Peak 44.12M) | Time:00:00.12 | Mem:0.28M, Peak:0.28M | Scene, ViewLayer | Updating Scene BVH | Building BVH
Fra:1 Mem:18.75M (Peak 44.12M) | Time:00:00.12 | Mem:0.28M, Peak:0.28M | Scene, ViewLayer | Updating Scene BVH | Packing BVH triangles and strands
Fra:1 Mem:18.91M (Peak 44.12M) | Time:00:00.12 | Mem:0.28M, Peak:0.28M | Scene, ViewLayer | Updating Scene BVH | Packing BVH nodes
Fra:1 Mem:18.86M (Peak 44.12M) | Time:00:00.13 | Mem:0.28M, Peak:0.28M | Scene, ViewLayer | Updating Scene BVH | Copying BVH to device
Fra:1 Mem:18.86M (Peak 44.12M) | Time:00:00.13 | Mem:1.52M, Peak:1.52M | Scene, ViewLayer | Updating Mesh | Computing normals
Fra:1 Mem:20.03M (Peak 44.12M) | Time:00:00.13 | Mem:1.52M, Peak:1.52M | Scene, ViewLayer | Updating Mesh | Copying Mesh to device
Fra:1 Mem:20.03M (Peak 44.12M) | Time:00:00.13 | Mem:2.69M, Peak:2.69M | Scene, ViewLayer | Updating Objects Flags
Fra:1 Mem:20.03M (Peak 44.12M) | Time:00:00.13 | Mem:2.69M, Peak:2.69M | Scene, ViewLayer | Updating Primitive Offsets
Fra:1 Mem:20.03M (Peak 44.12M) | Time:00:00.13 | Mem:2.69M, Peak:2.69M | Scene, ViewLayer | Updating Images
Fra:1 Mem:20.03M (Peak 44.12M) | Time:00:00.13 | Mem:2.69M, Peak:2.69M | Scene, ViewLayer | Updating Camera Volume
Fra:1 Mem:20.03M (Peak 44.12M) | Time:00:00.13 | Mem:2.69M, Peak:2.69M | Scene, ViewLayer | Updating Lookup Tables
Fra:1 Mem:20.03M (Peak 44.12M) | Time:00:00.13 | Mem:2.77M, Peak:2.77M | Scene, ViewLayer | Updating Lights
Fra:1 Mem:20.03M (Peak 44.12M) | Time:00:00.13 | Mem:2.77M, Peak:2.77M | Scene, ViewLayer | Updating Lights | Computing tree
Fra:1 Mem:20.03M (Peak 44.12M) | Time:00:00.13 | Mem:2.77M, Peak:2.77M | Scene, ViewLayer | Updating Integrator
Fra:1 Mem:20.03M (Peak 44.12M) | Time:00:00.13 | Mem:2.77M, Peak:2.77M | Scene, ViewLayer | Updating Film
Fra:1 Mem:20.03M (Peak 44.12M) | Time:00:00.13 | Mem:2.69M, Peak:2.77M | Scene, ViewLayer | Updating Lookup Tables
Fra:1 Mem:20.03M (Peak 44.12M) | Time:00:00.13 | Mem:2.77M, Peak:2.77M | Scene, ViewLayer | Updating Baking
Fra:1 Mem:20.03M (Peak 44.12M) | Time:00:00.13 | Mem:2.77M, Peak:2.77M | Scene, ViewLayer | Updating Device | Writing constant memory
Fra:1 Mem:20.04M (Peak 44.12M) | Time:00:00.13 | Mem:2.77M, Peak:2.77M | Scene, ViewLayer | Loading denoising kernels (may take a few minutes the first time)
Fra:1 Mem:24.04M (Peak 44.12M) | Time:00:00.13 | Mem:354.78M, Peak:354.78M | Scene, ViewLayer | Sample 0/32
Fra:1 Mem:66.79M (Peak 66.79M) | Time:00:00.13 | Remaining:00:00.14 | Mem:397.53M, Peak:397.53M | Scene, ViewLayer | Sample 1/32
Fra:1 Mem:84.80M (Peak 111.80M) | Time:00:01.60 | Mem:397.53M, Peak:397.53M | Scene, ViewLayer | Sample 32/32
Fra:1 Mem:84.80M (Peak 111.80M) | Time:00:01.60 | Mem:397.53M, Peak:397.53M | Scene, ViewLayer | Finished
Saved: '/home/cbsim/ws/slime-workflow/.tmp/2026-09-23_06-25-15/compare-previous-side.png'
Time: 00:01.72 (Saving: 00:00.02)

Fra:1 Mem:16.45M (Peak 16.45M) | Time:00:00.08 | Mem:0.00M, Peak:0.00M | Scene, ViewLayer | Synchronizing object | key
Fra:1 Mem:16.45M (Peak 16.45M) | Time:00:00.08 | Mem:0.00M, Peak:0.00M | Scene, ViewLayer | Synchronizing object | fill
Fra:1 Mem:16.45M (Peak 16.45M) | Time:00:00.08 | Mem:0.00M, Peak:0.00M | Scene, ViewLayer | Synchronizing object | chest-internal-core
Fra:1 Mem:16.45M (Peak 16.45M) | Time:00:00.08 | Mem:0.00M, Peak:0.00M | Scene, ViewLayer | Synchronizing object | head-shell-part
Fra:1 Mem:16.54M (Peak 16.54M) | Time:00:00.08 | Mem:0.00M, Peak:0.00M | Scene, ViewLayer | Synchronizing object | head-pivot-ball
Fra:1 Mem:16.61M (Peak 16.61M) | Time:00:00.08 | Mem:0.00M, Peak:0.00M | Scene, ViewLayer | Synchronizing object | pelvis-shell-part
Fra:1 Mem:16.63M (Peak 16.63M) | Time:00:00.08 | Mem:0.00M, Peak:0.00M | Scene, ViewLayer | Synchronizing object | left-thigh-shell
Fra:1 Mem:16.69M (Peak 16.69M) | Time:00:00.08 | Mem:0.00M, Peak:0.00M | Scene, ViewLayer | Synchronizing object | left-shin-shell
Fra:1 Mem:16.72M (Peak 16.72M) | Time:00:00.08 | Mem:0.00M, Peak:0.00M | Scene, ViewLayer | Synchronizing object | left-shoulder-ball
Fra:1 Mem:16.79M (Peak 16.79M) | Time:00:00.08 | Mem:0.00M, Peak:0.00M | Scene, ViewLayer | Synchronizing object | right-forearm-shell
Fra:1 Mem:16.85M (Peak 16.85M) | Time:00:00.08 | Mem:0.00M, Peak:0.00M | Scene, ViewLayer | Synchronizing object | right-thigh-shell
Fra:1 Mem:16.92M (Peak 16.92M) | Time:00:00.08 | Mem:0.00M, Peak:0.00M | Scene, ViewLayer | Synchronizing object | right-shin-shell
Fra:1 Mem:17.14M (Peak 17.14M) | Time:00:00.08 | Mem:0.00M, Peak:0.00M | Scene, ViewLayer | Synchronizing object | right-foot-shell
Fra:1 Mem:17.27M (Peak 17.27M) | Time:00:00.08 | Mem:0.00M, Peak:0.00M | Scene, ViewLayer | Synchronizing object | right-shoulder-ball
Fra:1 Mem:17.43M (Peak 17.43M) | Time:00:00.08 | Mem:0.00M, Peak:0.00M | Scene, ViewLayer | Synchronizing object | right-elbow-ball
Fra:1 Mem:17.43M (Peak 17.43M) | Time:00:00.08 | Mem:0.00M, Peak:0.00M | Scene, ViewLayer | Synchronizing object | right-wrist-ball
Fra:1 Mem:19.34M (Peak 19.34M) | Time:00:00.08 | Mem:0.00M, Peak:0.00M | Scene, ViewLayer | Initializing
Fra:1 Mem:16.01M (Peak 19.34M) | Time:00:00.08 | Mem:0.00M, Peak:0.00M | Scene, ViewLayer | Waiting for render to start
Fra:1 Mem:16.01M (Peak 19.34M) | Time:00:00.08 | Mem:0.00M, Peak:0.00M | Scene, ViewLayer | Updating Scene
Fra:1 Mem:16.01M (Peak 19.34M) | Time:00:00.08 | Mem:0.00M, Peak:0.00M | Scene, ViewLayer | Updating Shaders
Fra:1 Mem:16.01M (Peak 19.34M) | Time:00:00.08 | Mem:0.00M, Peak:0.00M | Scene, ViewLayer | Loading render kernels (may take a few minutes the first time)
Fra:1 Mem:16.10M (Peak 44.12M) | Time:00:00.12 | Mem:0.00M, Peak:0.00M | Scene, ViewLayer | Updating Procedurals
Fra:1 Mem:16.10M (Peak 44.12M) | Time:00:00.12 | Mem:0.00M, Peak:0.00M | Scene, ViewLayer | Updating Background
Fra:1 Mem:16.10M (Peak 44.12M) | Time:00:00.12 | Mem:0.00M, Peak:0.00M | Scene, ViewLayer | Updating Camera
Fra:1 Mem:16.10M (Peak 44.12M) | Time:00:00.12 | Mem:0.00M, Peak:0.00M | Scene, ViewLayer | Updating Meshes Flags
Fra:1 Mem:16.10M (Peak 44.12M) | Time:00:00.12 | Mem:0.00M, Peak:0.00M | Scene, ViewLayer | Updating Objects
Fra:1 Mem:16.10M (Peak 44.12M) | Time:00:00.12 | Mem:0.00M, Peak:0.00M | Scene, ViewLayer | Updating Objects | Copying Transformations to device
Fra:1 Mem:16.10M (Peak 44.12M) | Time:00:00.12 | Mem:0.01M, Peak:0.01M | Scene, ViewLayer | Updating Particle Systems
Fra:1 Mem:16.10M (Peak 44.12M) | Time:00:00.12 | Mem:0.01M, Peak:0.01M | Scene, ViewLayer | Updating Particle Systems | Copying Particles to device
Fra:1 Mem:16.10M (Peak 44.12M) | Time:00:00.12 | Mem:0.01M, Peak:0.01M | Scene, ViewLayer | Updating Meshes
Fra:1 Mem:16.10M (Peak 44.12M) | Time:00:00.12 | Mem:0.01M, Peak:0.01M | Scene, ViewLayer | Updating Objects | Applying Static Transformations
Fra:1 Mem:16.10M (Peak 44.12M) | Time:00:00.12 | Mem:0.01M, Peak:0.01M | Scene, ViewLayer | Updating Mesh | Computing attributes
Fra:1 Mem:16.38M (Peak 44.12M) | Time:00:00.12 | Mem:0.01M, Peak:0.01M | Scene, ViewLayer | Updating Mesh | Copying Attributes to device
Fra:1 Mem:16.37M (Peak 44.12M) | Time:00:00.12 | Mem:0.28M, Peak:0.28M | Scene, ViewLayer | Updating Scene BVH | Building
Fra:1 Mem:16.37M (Peak 44.12M) | Time:00:00.12 | Mem:0.28M, Peak:0.28M | Scene, ViewLayer | Updating Scene BVH | Building BVH
Fra:1 Mem:18.75M (Peak 44.12M) | Time:00:00.13 | Mem:0.28M, Peak:0.28M | Scene, ViewLayer | Updating Scene BVH | Packing BVH triangles and strands
Fra:1 Mem:18.91M (Peak 44.12M) | Time:00:00.13 | Mem:0.28M, Peak:0.28M | Scene, ViewLayer | Updating Scene BVH | Packing BVH nodes
Fra:1 Mem:18.86M (Peak 44.12M) | Time:00:00.13 | Mem:0.28M, Peak:0.28M | Scene, ViewLayer | Updating Scene BVH | Copying BVH to device
Fra:1 Mem:18.86M (Peak 44.12M) | Time:00:00.13 | Mem:1.52M, Peak:1.52M | Scene, ViewLayer | Updating Mesh | Computing normals
Fra:1 Mem:20.03M (Peak 44.12M) | Time:00:00.13 | Mem:1.52M, Peak:1.52M | Scene, ViewLayer | Updating Mesh | Copying Mesh to device
Fra:1 Mem:20.03M (Peak 44.12M) | Time:00:00.13 | Mem:2.69M, Peak:2.69M | Scene, ViewLayer | Updating Objects Flags
Fra:1 Mem:20.03M (Peak 44.12M) | Time:00:00.13 | Mem:2.69M, Peak:2.69M | Scene, ViewLayer | Updating Primitive Offsets
Fra:1 Mem:20.03M (Peak 44.12M) | Time:00:00.13 | Mem:2.69M, Peak:2.69M | Scene, ViewLayer | Updating Images
Fra:1 Mem:20.03M (Peak 44.12M) | Time:00:00.13 | Mem:2.69M, Peak:2.69M | Scene, ViewLayer | Updating Camera Volume
Fra:1 Mem:20.03M (Peak 44.12M) | Time:00:00.13 | Mem:2.69M, Peak:2.69M | Scene, ViewLayer | Updating Lookup Tables
Fra:1 Mem:20.03M (Peak 44.12M) | Time:00:00.13 | Mem:2.77M, Peak:2.77M | Scene, ViewLayer | Updating Lights
Fra:1 Mem:20.03M (Peak 44.12M) | Time:00:00.13 | Mem:2.77M, Peak:2.77M | Scene, ViewLayer | Updating Lights | Computing tree
Fra:1 Mem:20.03M (Peak 44.12M) | Time:00:00.13 | Mem:2.77M, Peak:2.77M | Scene, ViewLayer | Updating Integrator
Fra:1 Mem:20.03M (Peak 44.12M) | Time:00:00.13 | Mem:2.77M, Peak:2.77M | Scene, ViewLayer | Updating Film
Fra:1 Mem:20.03M (Peak 44.12M) | Time:00:00.13 | Mem:2.69M, Peak:2.77M | Scene, ViewLayer | Updating Lookup Tables
Fra:1 Mem:20.03M (Peak 44.12M) | Time:00:00.13 | Mem:2.77M, Peak:2.77M | Scene, ViewLayer | Updating Baking
Fra:1 Mem:20.03M (Peak 44.12M) | Time:00:00.13 | Mem:2.77M, Peak:2.77M | Scene, ViewLayer | Updating Device | Writing constant memory
Fra:1 Mem:20.04M (Peak 44.12M) | Time:00:00.13 | Mem:2.77M, Peak:2.77M | Scene, ViewLayer | Loading denoising kernels (may take a few minutes the first time)
Fra:1 Mem:24.04M (Peak 44.12M) | Time:00:00.13 | Mem:354.78M, Peak:354.78M | Scene, ViewLayer | Sample 0/32
Fra:1 Mem:66.79M (Peak 66.79M) | Time:00:00.14 | Remaining:00:00.16 | Mem:397.53M, Peak:397.53M | Scene, ViewLayer | Sample 1/32
2026-09-23T06:42:33+0900/shape-comparison/heartbeat {'stage': 'previous-back'}
Fra:1 Mem:84.80M (Peak 111.80M) | Time:00:01.57 | Mem:397.53M, Peak:397.53M | Scene, ViewLayer | Sample 32/32
Fra:1 Mem:84.80M (Peak 111.80M) | Time:00:01.57 | Mem:397.53M, Peak:397.53M | Scene, ViewLayer | Finished
Saved: '/home/cbsim/ws/slime-workflow/.tmp/2026-09-23_06-25-15/compare-previous-back.png'
Time: 00:01.68 (Saving: 00:00.02)

Read blend: "/home/cbsim/ws/slime-workflow/.tmp/2026-09-23_06-25-15/rigged-mannequin.blend"
Fra:1 Mem:19.53M (Peak 19.53M) | Time:00:00.07 | Mem:0.00M, Peak:0.00M | Scene, ViewLayer | Synchronizing object | key
Fra:1 Mem:19.53M (Peak 19.53M) | Time:00:00.07 | Mem:0.00M, Peak:0.00M | Scene, ViewLayer | Synchronizing object | pelvis-shell-part
Fra:1 Mem:19.53M (Peak 19.53M) | Time:00:00.07 | Mem:0.00M, Peak:0.00M | Scene, ViewLayer | Synchronizing object | left-upper-arm-shell
Fra:1 Mem:19.53M (Peak 19.53M) | Time:00:00.07 | Mem:0.00M, Peak:0.00M | Scene, ViewLayer | Synchronizing object | left-hand-shell
Fra:1 Mem:19.54M (Peak 19.54M) | Time:00:00.07 | Mem:0.00M, Peak:0.00M | Scene, ViewLayer | Synchronizing object | left-thigh-shell
Fra:1 Mem:20.57M (Peak 20.57M) | Time:00:00.07 | Mem:0.00M, Peak:0.00M | Scene, ViewLayer | Synchronizing object | left-foot-shell
Fra:1 Mem:21.58M (Peak 21.58M) | Time:00:00.07 | Mem:0.00M, Peak:0.00M | Scene, ViewLayer | Synchronizing object | left-shoulder-ball
Fra:1 Mem:21.64M (Peak 21.64M) | Time:00:00.07 | Mem:0.00M, Peak:0.00M | Scene, ViewLayer | Synchronizing object | right-ankle-ball
Fra:1 Mem:21.83M (Peak 21.83M) | Time:00:00.07 | Mem:0.00M, Peak:0.00M | Scene, ViewLayer | Synchronizing object | right-knee-ball
Fra:1 Mem:21.83M (Peak 21.83M) | Time:00:00.07 | Mem:0.00M, Peak:0.00M | Scene, ViewLayer | Synchronizing object | left-wrist-ball
Fra:1 Mem:21.98M (Peak 21.98M) | Time:00:00.07 | Mem:0.00M, Peak:0.00M | Scene, ViewLayer | Synchronizing object | right-hip-ball
Fra:1 Mem:22.05M (Peak 22.05M) | Time:00:00.07 | Mem:0.00M, Peak:0.00M | Scene, ViewLayer | Synchronizing object | right-wrist-ball
Fra:1 Mem:22.10M (Peak 22.10M) | Time:00:00.07 | Mem:0.00M, Peak:0.00M | Scene, ViewLayer | Synchronizing object | left-hip-ball
Fra:1 Mem:22.15M (Peak 22.15M) | Time:00:00.07 | Mem:0.00M, Peak:0.00M | Scene, ViewLayer | Synchronizing object | left-knee-ball
Fra:1 Mem:22.16M (Peak 22.16M) | Time:00:00.07 | Mem:0.00M, Peak:0.00M | Scene, ViewLayer | Synchronizing object | right-thigh-shell
Fra:1 Mem:22.39M (Peak 22.39M) | Time:00:00.07 | Mem:0.00M, Peak:0.00M | Scene, ViewLayer | Synchronizing object | right-foot-shell
Fra:1 Mem:24.14M (Peak 24.17M) | Time:00:00.07 | Mem:0.00M, Peak:0.00M | Scene, ViewLayer | Synchronizing object | right-shoulder-ball
Fra:1 Mem:30.31M (Peak 30.31M) | Time:00:00.07 | Mem:0.00M, Peak:0.00M | Scene, ViewLayer | Initializing
Fra:1 Mem:23.19M (Peak 30.31M) | Time:00:00.08 | Mem:0.00M, Peak:0.00M | Scene, ViewLayer | Waiting for render to start
Fra:1 Mem:23.19M (Peak 30.31M) | Time:00:00.08 | Mem:0.00M, Peak:0.00M | Scene, ViewLayer | Updating Scene
Fra:1 Mem:23.19M (Peak 30.31M) | Time:00:00.08 | Mem:0.00M, Peak:0.00M | Scene, ViewLayer | Updating Shaders
Fra:1 Mem:23.19M (Peak 30.31M) | Time:00:00.08 | Mem:0.00M, Peak:0.00M | Scene, ViewLayer | Loading render kernels (may take a few minutes the first time)
Fra:1 Mem:23.27M (Peak 51.30M) | Time:00:00.12 | Mem:0.00M, Peak:0.00M | Scene, ViewLayer | Updating Procedurals
Fra:1 Mem:23.27M (Peak 51.30M) | Time:00:00.12 | Mem:0.00M, Peak:0.00M | Scene, ViewLayer | Updating Background
Fra:1 Mem:23.27M (Peak 51.30M) | Time:00:00.12 | Mem:0.00M, Peak:0.00M | Scene, ViewLayer | Updating Camera
Fra:1 Mem:23.27M (Peak 51.30M) | Time:00:00.12 | Mem:0.00M, Peak:0.00M | Scene, ViewLayer | Updating Meshes Flags
Fra:1 Mem:23.27M (Peak 51.30M) | Time:00:00.12 | Mem:0.00M, Peak:0.00M | Scene, ViewLayer | Updating Objects
Fra:1 Mem:23.27M (Peak 51.30M) | Time:00:00.12 | Mem:0.00M, Peak:0.00M | Scene, ViewLayer | Updating Objects | Copying Transformations to device
Fra:1 Mem:23.28M (Peak 51.30M) | Time:00:00.12 | Mem:0.01M, Peak:0.01M | Scene, ViewLayer | Updating Particle Systems
Fra:1 Mem:23.28M (Peak 51.30M) | Time:00:00.12 | Mem:0.01M, Peak:0.01M | Scene, ViewLayer | Updating Particle Systems | Copying Particles to device
Fra:1 Mem:23.28M (Peak 51.30M) | Time:00:00.12 | Mem:0.01M, Peak:0.01M | Scene, ViewLayer | Updating Meshes
Fra:1 Mem:23.28M (Peak 51.30M) | Time:00:00.12 | Mem:0.01M, Peak:0.01M | Scene, ViewLayer | Updating Objects | Applying Static Transformations
Fra:1 Mem:23.28M (Peak 51.30M) | Time:00:00.12 | Mem:0.01M, Peak:0.01M | Scene, ViewLayer | Updating Mesh | Computing attributes
Fra:1 Mem:23.75M (Peak 51.30M) | Time:00:00.12 | Mem:0.01M, Peak:0.01M | Scene, ViewLayer | Updating Mesh | Copying Attributes to device
Fra:1 Mem:23.75M (Peak 51.30M) | Time:00:00.12 | Mem:0.48M, Peak:0.48M | Scene, ViewLayer | Updating Scene BVH | Building
Fra:1 Mem:23.75M (Peak 51.30M) | Time:00:00.12 | Mem:0.48M, Peak:0.48M | Scene, ViewLayer | Updating Scene BVH | Building BVH
Fra:1 Mem:28.43M (Peak 51.30M) | Time:00:00.12 | Mem:0.48M, Peak:0.48M | Scene, ViewLayer | Updating Scene BVH | Packing BVH triangles and strands
Fra:1 Mem:28.74M (Peak 51.30M) | Time:00:00.12 | Mem:0.48M, Peak:0.48M | Scene, ViewLayer | Updating Scene BVH | Packing BVH nodes
Fra:1 Mem:28.50M (Peak 51.30M) | Time:00:00.13 | Mem:0.48M, Peak:0.48M | Scene, ViewLayer | Updating Scene BVH | Copying BVH to device
Fra:1 Mem:28.50M (Peak 51.30M) | Time:00:00.13 | Mem:2.86M, Peak:2.86M | Scene, ViewLayer | Updating Mesh | Computing normals
Fra:1 Mem:30.69M (Peak 51.30M) | Time:00:00.13 | Mem:2.86M, Peak:2.86M | Scene, ViewLayer | Updating Mesh | Copying Mesh to device
Fra:1 Mem:30.69M (Peak 51.30M) | Time:00:00.13 | Mem:5.04M, Peak:5.04M | Scene, ViewLayer | Updating Objects Flags
Fra:1 Mem:30.69M (Peak 51.30M) | Time:00:00.13 | Mem:5.04M, Peak:5.04M | Scene, ViewLayer | Updating Primitive Offsets
Fra:1 Mem:30.69M (Peak 51.30M) | Time:00:00.13 | Mem:5.04M, Peak:5.04M | Scene, ViewLayer | Updating Images
Fra:1 Mem:30.69M (Peak 51.30M) | Time:00:00.13 | Mem:5.04M, Peak:5.04M | Scene, ViewLayer | Updating Camera Volume
Fra:1 Mem:30.69M (Peak 51.30M) | Time:00:00.13 | Mem:5.04M, Peak:5.04M | Scene, ViewLayer | Updating Lookup Tables
Fra:1 Mem:30.69M (Peak 51.30M) | Time:00:00.13 | Mem:5.12M, Peak:5.12M | Scene, ViewLayer | Updating Lights
Fra:1 Mem:30.69M (Peak 51.30M) | Time:00:00.13 | Mem:5.12M, Peak:5.12M | Scene, ViewLayer | Updating Lights | Computing tree
Fra:1 Mem:30.69M (Peak 51.30M) | Time:00:00.13 | Mem:5.12M, Peak:5.12M | Scene, ViewLayer | Updating Integrator
Fra:1 Mem:30.69M (Peak 51.30M) | Time:00:00.13 | Mem:5.12M, Peak:5.12M | Scene, ViewLayer | Updating Film
Fra:1 Mem:30.69M (Peak 51.30M) | Time:00:00.13 | Mem:5.04M, Peak:5.12M | Scene, ViewLayer | Updating Lookup Tables
Fra:1 Mem:30.69M (Peak 51.30M) | Time:00:00.13 | Mem:5.12M, Peak:5.12M | Scene, ViewLayer | Updating Baking
Fra:1 Mem:30.69M (Peak 51.30M) | Time:00:00.13 | Mem:5.12M, Peak:5.12M | Scene, ViewLayer | Updating Device | Writing constant memory
Fra:1 Mem:30.69M (Peak 51.30M) | Time:00:00.13 | Mem:5.12M, Peak:5.12M | Scene, ViewLayer | Loading denoising kernels (may take a few minutes the first time)
Fra:1 Mem:34.70M (Peak 51.30M) | Time:00:00.13 | Mem:357.13M, Peak:357.13M | Scene, ViewLayer | Sample 0/32
Fra:1 Mem:77.45M (Peak 77.45M) | Time:00:00.14 | Remaining:00:00.18 | Mem:399.88M, Peak:399.88M | Scene, ViewLayer | Sample 1/32
Fra:1 Mem:95.45M (Peak 122.46M) | Time:00:01.60 | Mem:399.88M, Peak:399.88M | Scene, ViewLayer | Sample 32/32
Fra:1 Mem:95.45M (Peak 122.46M) | Time:00:01.60 | Mem:399.88M, Peak:399.88M | Scene, ViewLayer | Finished
Saved: '/home/cbsim/ws/slime-workflow/.tmp/2026-09-23_06-25-15/compare-revised-front.png'
Time: 00:01.71 (Saving: 00:00.02)

Fra:1 Mem:22.87M (Peak 22.87M) | Time:00:00.08 | Mem:0.00M, Peak:0.00M | Scene, ViewLayer | Synchronizing object | fill
Fra:1 Mem:22.87M (Peak 22.87M) | Time:00:00.08 | Mem:0.00M, Peak:0.00M | Scene, ViewLayer | Synchronizing object | right-ankle-ball
Fra:1 Mem:22.90M (Peak 22.90M) | Time:00:00.08 | Mem:0.00M, Peak:0.00M | Scene, ViewLayer | Synchronizing object | head-shell-part
Fra:1 Mem:23.05M (Peak 23.05M) | Time:00:00.08 | Mem:0.00M, Peak:0.00M | Scene, ViewLayer | Synchronizing object | neck-shell-part
Fra:1 Mem:23.55M (Peak 23.55M) | Time:00:00.08 | Mem:0.00M, Peak:0.00M | Scene, ViewLayer | Synchronizing object | right-knee-ball
Fra:1 Mem:23.71M (Peak 23.71M) | Time:00:00.08 | Mem:0.00M, Peak:0.00M | Scene, ViewLayer | Synchronizing object | pelvis-shell-part
Fra:1 Mem:24.07M (Peak 24.07M) | Time:00:00.08 | Mem:0.00M, Peak:0.00M | Scene, ViewLayer | Synchronizing object | head-pivot-ball
Fra:1 Mem:24.14M (Peak 24.14M) | Time:00:00.08 | Mem:0.00M, Peak:0.00M | Scene, ViewLayer | Synchronizing object | left-shoulder-ball
Fra:1 Mem:24.47M (Peak 24.47M) | Time:00:00.08 | Mem:0.00M, Peak:0.00M | Scene, ViewLayer | Synchronizing object | left-hip-ball
Fra:1 Mem:24.58M (Peak 24.58M) | Time:00:00.08 | Mem:0.00M, Peak:0.00M | Scene, ViewLayer | Synchronizing object | left-knee-ball
Fra:1 Mem:24.62M (Peak 24.62M) | Time:00:00.08 | Mem:0.00M, Peak:0.00M | Scene, ViewLayer | Synchronizing object | left-ankle-ball
Fra:1 Mem:24.64M (Peak 24.64M) | Time:00:00.08 | Mem:0.00M, Peak:0.00M | Scene, ViewLayer | Synchronizing object | right-upper-arm-shell
Fra:1 Mem:24.68M (Peak 24.68M) | Time:00:00.08 | Mem:0.00M, Peak:0.00M | Scene, ViewLayer | Synchronizing object | right-shin-shell
Fra:1 Mem:24.69M (Peak 24.69M) | Time:00:00.08 | Mem:0.00M, Peak:0.00M | Scene, ViewLayer | Synchronizing object | right-foot-shell
Fra:1 Mem:24.73M (Peak 24.73M) | Time:00:00.08 | Mem:0.00M, Peak:0.00M | Scene, ViewLayer | Synchronizing object | right-shoulder-ball
Fra:1 Mem:24.94M (Peak 24.94M) | Time:00:00.08 | Mem:0.00M, Peak:0.00M | Scene, ViewLayer | Synchronizing object | right-wrist-ball
Fra:1 Mem:30.31M (Peak 30.31M) | Time:00:00.08 | Mem:0.00M, Peak:0.00M | Scene, ViewLayer | Initializing
Fra:1 Mem:23.19M (Peak 30.31M) | Time:00:00.08 | Mem:0.00M, Peak:0.00M | Scene, ViewLayer | Waiting for render to start
Fra:1 Mem:23.19M (Peak 30.31M) | Time:00:00.08 | Mem:0.00M, Peak:0.00M | Scene, ViewLayer | Updating Scene
Fra:1 Mem:23.19M (Peak 30.31M) | Time:00:00.08 | Mem:0.00M, Peak:0.00M | Scene, ViewLayer | Updating Shaders
Fra:1 Mem:23.19M (Peak 30.31M) | Time:00:00.08 | Mem:0.00M, Peak:0.00M | Scene, ViewLayer | Loading render kernels (may take a few minutes the first time)
Fra:1 Mem:23.27M (Peak 51.30M) | Time:00:00.12 | Mem:0.00M, Peak:0.00M | Scene, ViewLayer | Updating Procedurals
Fra:1 Mem:23.27M (Peak 51.30M) | Time:00:00.12 | Mem:0.00M, Peak:0.00M | Scene, ViewLayer | Updating Background
Fra:1 Mem:23.27M (Peak 51.30M) | Time:00:00.12 | Mem:0.00M, Peak:0.00M | Scene, ViewLayer | Updating Camera
Fra:1 Mem:23.27M (Peak 51.30M) | Time:00:00.12 | Mem:0.00M, Peak:0.00M | Scene, ViewLayer | Updating Meshes Flags
Fra:1 Mem:23.27M (Peak 51.30M) | Time:00:00.12 | Mem:0.00M, Peak:0.00M | Scene, ViewLayer | Updating Objects
Fra:1 Mem:23.27M (Peak 51.30M) | Time:00:00.12 | Mem:0.00M, Peak:0.00M | Scene, ViewLayer | Updating Objects | Copying Transformations to device
Fra:1 Mem:23.28M (Peak 51.30M) | Time:00:00.12 | Mem:0.01M, Peak:0.01M | Scene, ViewLayer | Updating Particle Systems
Fra:1 Mem:23.28M (Peak 51.30M) | Time:00:00.12 | Mem:0.01M, Peak:0.01M | Scene, ViewLayer | Updating Particle Systems | Copying Particles to device
Fra:1 Mem:23.28M (Peak 51.30M) | Time:00:00.12 | Mem:0.01M, Peak:0.01M | Scene, ViewLayer | Updating Meshes
Fra:1 Mem:23.28M (Peak 51.30M) | Time:00:00.12 | Mem:0.01M, Peak:0.01M | Scene, ViewLayer | Updating Objects | Applying Static Transformations
Fra:1 Mem:23.28M (Peak 51.30M) | Time:00:00.12 | Mem:0.01M, Peak:0.01M | Scene, ViewLayer | Updating Mesh | Computing attributes
Fra:1 Mem:23.75M (Peak 51.30M) | Time:00:00.12 | Mem:0.01M, Peak:0.01M | Scene, ViewLayer | Updating Mesh | Copying Attributes to device
Fra:1 Mem:23.75M (Peak 51.30M) | Time:00:00.12 | Mem:0.48M, Peak:0.48M | Scene, ViewLayer | Updating Scene BVH | Building
Fra:1 Mem:23.75M (Peak 51.30M) | Time:00:00.12 | Mem:0.48M, Peak:0.48M | Scene, ViewLayer | Updating Scene BVH | Building BVH
Fra:1 Mem:28.43M (Peak 51.30M) | Time:00:00.13 | Mem:0.48M, Peak:0.48M | Scene, ViewLayer | Updating Scene BVH | Packing BVH triangles and strands
Fra:1 Mem:28.74M (Peak 51.30M) | Time:00:00.13 | Mem:0.48M, Peak:0.48M | Scene, ViewLayer | Updating Scene BVH | Packing BVH nodes
Fra:1 Mem:28.50M (Peak 51.30M) | Time:00:00.14 | Mem:0.48M, Peak:0.48M | Scene, ViewLayer | Updating Scene BVH | Copying BVH to device
Fra:1 Mem:28.50M (Peak 51.30M) | Time:00:00.14 | Mem:2.86M, Peak:2.86M | Scene, ViewLayer | Updating Mesh | Computing normals
Fra:1 Mem:30.69M (Peak 51.30M) | Time:00:00.14 | Mem:2.86M, Peak:2.86M | Scene, ViewLayer | Updating Mesh | Copying Mesh to device
Fra:1 Mem:30.69M (Peak 51.30M) | Time:00:00.14 | Mem:5.04M, Peak:5.04M | Scene, ViewLayer | Updating Objects Flags
Fra:1 Mem:30.69M (Peak 51.30M) | Time:00:00.14 | Mem:5.04M, Peak:5.04M | Scene, ViewLayer | Updating Primitive Offsets
Fra:1 Mem:30.69M (Peak 51.30M) | Time:00:00.14 | Mem:5.04M, Peak:5.04M | Scene, ViewLayer | Updating Images
Fra:1 Mem:30.69M (Peak 51.30M) | Time:00:00.14 | Mem:5.04M, Peak:5.04M | Scene, ViewLayer | Updating Camera Volume
Fra:1 Mem:30.69M (Peak 51.30M) | Time:00:00.14 | Mem:5.04M, Peak:5.04M | Scene, ViewLayer | Updating Lookup Tables
Fra:1 Mem:30.69M (Peak 51.30M) | Time:00:00.14 | Mem:5.12M, Peak:5.12M | Scene, ViewLayer | Updating Lights
Fra:1 Mem:30.69M (Peak 51.30M) | Time:00:00.14 | Mem:5.12M, Peak:5.12M | Scene, ViewLayer | Updating Lights | Computing tree
Fra:1 Mem:30.69M (Peak 51.30M) | Time:00:00.14 | Mem:5.12M, Peak:5.12M | Scene, ViewLayer | Updating Integrator
Fra:1 Mem:30.69M (Peak 51.30M) | Time:00:00.14 | Mem:5.12M, Peak:5.12M | Scene, ViewLayer | Updating Film
Fra:1 Mem:30.69M (Peak 51.30M) | Time:00:00.14 | Mem:5.04M, Peak:5.12M | Scene, ViewLayer | Updating Lookup Tables
Fra:1 Mem:30.69M (Peak 51.30M) | Time:00:00.14 | Mem:5.12M, Peak:5.12M | Scene, ViewLayer | Updating Baking
Fra:1 Mem:30.69M (Peak 51.30M) | Time:00:00.14 | Mem:5.12M, Peak:5.12M | Scene, ViewLayer | Updating Device | Writing constant memory
Fra:1 Mem:30.69M (Peak 51.30M) | Time:00:00.14 | Mem:5.12M, Peak:5.12M | Scene, ViewLayer | Loading denoising kernels (may take a few minutes the first time)
Fra:1 Mem:34.70M (Peak 51.30M) | Time:00:00.14 | Mem:357.13M, Peak:357.13M | Scene, ViewLayer | Sample 0/32
Fra:1 Mem:77.45M (Peak 77.45M) | Time:00:00.15 | Remaining:00:00.15 | Mem:399.88M, Peak:399.88M | Scene, ViewLayer | Sample 1/32
Fra:1 Mem:95.45M (Peak 122.46M) | Time:00:01.59 | Mem:399.88M, Peak:399.88M | Scene, ViewLayer | Sample 32/32
Fra:1 Mem:95.45M (Peak 122.46M) | Time:00:01.59 | Mem:399.88M, Peak:399.88M | Scene, ViewLayer | Finished
Saved: '/home/cbsim/ws/slime-workflow/.tmp/2026-09-23_06-25-15/compare-revised-side.png'
Time: 00:01.70 (Saving: 00:00.02)

Fra:1 Mem:22.87M (Peak 22.87M) | Time:00:00.07 | Mem:0.00M, Peak:0.00M | Scene, ViewLayer | Synchronizing object | key
Fra:1 Mem:22.87M (Peak 22.87M) | Time:00:00.07 | Mem:0.00M, Peak:0.00M | Scene, ViewLayer | Synchronizing object | head-shell-part
Fra:1 Mem:22.88M (Peak 22.88M) | Time:00:00.07 | Mem:0.00M, Peak:0.00M | Scene, ViewLayer | Synchronizing object | right-ankle-ball
Fra:1 Mem:23.05M (Peak 23.05M) | Time:00:00.07 | Mem:0.00M, Peak:0.00M | Scene, ViewLayer | Synchronizing object | neck-shell-part
Fra:1 Mem:23.43M (Peak 23.55M) | Time:00:00.07 | Mem:0.00M, Peak:0.00M | Scene, ViewLayer | Synchronizing object | abdomen-shell-part
Fra:1 Mem:23.94M (Peak 23.94M) | Time:00:00.07 | Mem:0.00M, Peak:0.00M | Scene, ViewLayer | Synchronizing object | right-knee-ball
Fra:1 Mem:24.03M (Peak 24.03M) | Time:00:00.07 | Mem:0.00M, Peak:0.00M | Scene, ViewLayer | Synchronizing object | head-pivot-ball
Fra:1 Mem:24.38M (Peak 24.38M) | Time:00:00.07 | Mem:0.00M, Peak:0.00M | Scene, ViewLayer | Synchronizing object | left-shoulder-ball
Fra:1 Mem:24.46M (Peak 24.46M) | Time:00:00.07 | Mem:0.00M, Peak:0.00M | Scene, ViewLayer | Synchronizing object | left-knee-ball
Fra:1 Mem:24.54M (Peak 24.54M) | Time:00:00.07 | Mem:0.00M, Peak:0.00M | Scene, ViewLayer | Synchronizing object | right-upper-arm-shell
Fra:1 Mem:24.71M (Peak 24.71M) | Time:00:00.07 | Mem:0.00M, Peak:0.00M | Scene, ViewLayer | Synchronizing object | right-foot-shell
Fra:1 Mem:24.92M (Peak 24.92M) | Time:00:00.07 | Mem:0.00M, Peak:0.00M | Scene, ViewLayer | Synchronizing object | right-elbow-ball
Fra:1 Mem:25.17M (Peak 25.17M) | Time:00:00.07 | Mem:0.00M, Peak:0.00M | Scene, ViewLayer | Synchronizing object | right-wrist-ball
Fra:1 Mem:25.34M (Peak 25.34M) | Time:00:00.08 | Mem:0.00M, Peak:0.00M | Scene, ViewLayer | Synchronizing object | right-hip-ball
Fra:1 Mem:30.31M (Peak 30.31M) | Time:00:00.08 | Mem:0.00M, Peak:0.00M | Scene, ViewLayer | Initializing
Fra:1 Mem:23.19M (Peak 30.31M) | Time:00:00.08 | Mem:0.00M, Peak:0.00M | Scene, ViewLayer | Waiting for render to start
Fra:1 Mem:23.19M (Peak 30.31M) | Time:00:00.08 | Mem:0.00M, Peak:0.00M | Scene, ViewLayer | Updating Scene
Fra:1 Mem:23.19M (Peak 30.31M) | Time:00:00.08 | Mem:0.00M, Peak:0.00M | Scene, ViewLayer | Updating Shaders
Fra:1 Mem:23.19M (Peak 30.31M) | Time:00:00.08 | Mem:0.00M, Peak:0.00M | Scene, ViewLayer | Loading render kernels (may take a few minutes the first time)
Fra:1 Mem:23.27M (Peak 51.30M) | Time:00:00.12 | Mem:0.00M, Peak:0.00M | Scene, ViewLayer | Updating Procedurals
Fra:1 Mem:23.27M (Peak 51.30M) | Time:00:00.12 | Mem:0.00M, Peak:0.00M | Scene, ViewLayer | Updating Background
Fra:1 Mem:23.27M (Peak 51.30M) | Time:00:00.12 | Mem:0.00M, Peak:0.00M | Scene, ViewLayer | Updating Camera
Fra:1 Mem:23.27M (Peak 51.30M) | Time:00:00.12 | Mem:0.00M, Peak:0.00M | Scene, ViewLayer | Updating Meshes Flags
Fra:1 Mem:23.27M (Peak 51.30M) | Time:00:00.12 | Mem:0.00M, Peak:0.00M | Scene, ViewLayer | Updating Objects
Fra:1 Mem:23.27M (Peak 51.30M) | Time:00:00.12 | Mem:0.00M, Peak:0.00M | Scene, ViewLayer | Updating Objects | Copying Transformations to device
Fra:1 Mem:23.28M (Peak 51.30M) | Time:00:00.12 | Mem:0.01M, Peak:0.01M | Scene, ViewLayer | Updating Particle Systems
Fra:1 Mem:23.28M (Peak 51.30M) | Time:00:00.12 | Mem:0.01M, Peak:0.01M | Scene, ViewLayer | Updating Particle Systems | Copying Particles to device
Fra:1 Mem:23.28M (Peak 51.30M) | Time:00:00.12 | Mem:0.01M, Peak:0.01M | Scene, ViewLayer | Updating Meshes
Fra:1 Mem:23.28M (Peak 51.30M) | Time:00:00.12 | Mem:0.01M, Peak:0.01M | Scene, ViewLayer | Updating Objects | Applying Static Transformations
Fra:1 Mem:23.28M (Peak 51.30M) | Time:00:00.12 | Mem:0.01M, Peak:0.01M | Scene, ViewLayer | Updating Mesh | Computing attributes
Fra:1 Mem:23.75M (Peak 51.30M) | Time:00:00.12 | Mem:0.01M, Peak:0.01M | Scene, ViewLayer | Updating Mesh | Copying Attributes to device
Fra:1 Mem:23.75M (Peak 51.30M) | Time:00:00.12 | Mem:0.48M, Peak:0.48M | Scene, ViewLayer | Updating Scene BVH | Building
Fra:1 Mem:23.75M (Peak 51.30M) | Time:00:00.12 | Mem:0.48M, Peak:0.48M | Scene, ViewLayer | Updating Scene BVH | Building BVH
Fra:1 Mem:28.43M (Peak 51.30M) | Time:00:00.13 | Mem:0.48M, Peak:0.48M | Scene, ViewLayer | Updating Scene BVH | Packing BVH triangles and strands
Fra:1 Mem:28.74M (Peak 51.30M) | Time:00:00.13 | Mem:0.48M, Peak:0.48M | Scene, ViewLayer | Updating Scene BVH | Packing BVH nodes
Fra:1 Mem:28.50M (Peak 51.30M) | Time:00:00.13 | Mem:0.48M, Peak:0.48M | Scene, ViewLayer | Updating Scene BVH | Copying BVH to device
Fra:1 Mem:28.50M (Peak 51.30M) | Time:00:00.13 | Mem:2.86M, Peak:2.86M | Scene, ViewLayer | Updating Mesh | Computing normals
Fra:1 Mem:30.69M (Peak 51.30M) | Time:00:00.13 | Mem:2.86M, Peak:2.86M | Scene, ViewLayer | Updating Mesh | Copying Mesh to device
Fra:1 Mem:30.69M (Peak 51.30M) | Time:00:00.13 | Mem:5.04M, Peak:5.04M | Scene, ViewLayer | Updating Objects Flags
Fra:1 Mem:30.69M (Peak 51.30M) | Time:00:00.13 | Mem:5.04M, Peak:5.04M | Scene, ViewLayer | Updating Primitive Offsets
Fra:1 Mem:30.69M (Peak 51.30M) | Time:00:00.13 | Mem:5.04M, Peak:5.04M | Scene, ViewLayer | Updating Images
Fra:1 Mem:30.69M (Peak 51.30M) | Time:00:00.13 | Mem:5.04M, Peak:5.04M | Scene, ViewLayer | Updating Camera Volume
Fra:1 Mem:30.69M (Peak 51.30M) | Time:00:00.13 | Mem:5.04M, Peak:5.04M | Scene, ViewLayer | Updating Lookup Tables
Fra:1 Mem:30.69M (Peak 51.30M) | Time:00:00.13 | Mem:5.12M, Peak:5.12M | Scene, ViewLayer | Updating Lights
Fra:1 Mem:30.69M (Peak 51.30M) | Time:00:00.13 | Mem:5.12M, Peak:5.12M | Scene, ViewLayer | Updating Lights | Computing tree
Fra:1 Mem:30.69M (Peak 51.30M) | Time:00:00.13 | Mem:5.12M, Peak:5.12M | Scene, ViewLayer | Updating Integrator
Fra:1 Mem:30.69M (Peak 51.30M) | Time:00:00.13 | Mem:5.12M, Peak:5.12M | Scene, ViewLayer | Updating Film
Fra:1 Mem:30.69M (Peak 51.30M) | Time:00:00.13 | Mem:5.04M, Peak:5.12M | Scene, ViewLayer | Updating Lookup Tables
Fra:1 Mem:30.69M (Peak 51.30M) | Time:00:00.13 | Mem:5.12M, Peak:5.12M | Scene, ViewLayer | Updating Baking
Fra:1 Mem:30.69M (Peak 51.30M) | Time:00:00.13 | Mem:5.12M, Peak:5.12M | Scene, ViewLayer | Updating Device | Writing constant memory
Fra:1 Mem:30.69M (Peak 51.30M) | Time:00:00.13 | Mem:5.12M, Peak:5.12M | Scene, ViewLayer | Loading denoising kernels (may take a few minutes the first time)
Fra:1 Mem:34.70M (Peak 51.30M) | Time:00:00.14 | Mem:357.13M, Peak:357.13M | Scene, ViewLayer | Sample 0/32
Fra:1 Mem:77.45M (Peak 77.45M) | Time:00:00.14 | Remaining:00:00.17 | Mem:399.88M, Peak:399.88M | Scene, ViewLayer | Sample 1/32
2026-09-23T06:42:38+0900/shape-comparison/heartbeat {'stage': 'revised-back'}
Fra:1 Mem:95.45M (Peak 122.46M) | Time:00:01.59 | Mem:399.88M, Peak:399.88M | Scene, ViewLayer | Sample 32/32
Fra:1 Mem:95.45M (Peak 122.46M) | Time:00:01.59 | Mem:399.88M, Peak:399.88M | Scene, ViewLayer | Finished
Saved: '/home/cbsim/ws/slime-workflow/.tmp/2026-09-23_06-25-15/compare-revised-back.png'
Time: 00:01.70 (Saving: 00:00.02)

2026-09-23T06:42:38+0900/shape-comparison/complete 동일 조건 정면·측면·후면 렌더 완료
Freeing memory after the leak detector has run. This can happen when using static variables in C++ that are defined outside of functions. To fix this error, use the 'construct on first use' idiom.
Freeing memory after the leak detector has run. This can happen when using static variables in C++ that are defined outside of functions. To fix this error, use the 'construct on first use' idiom.
Freeing memory after the leak detector has run. This can happen when using static variables in C++ that are defined outside of functions. To fix this error, use the 'construct on first use' idiom.
Freeing memory after the leak detector has run. This can happen when using static variables in C++ that are defined outside of functions. To fix this error, use the 'construct on first use' idiom.
Freeing memory after the leak detector has run. This can happen when using static variables in C++ that are defined outside of functions. To fix this error, use the 'construct on first use' idiom.
Freeing memory after the leak detector has run. This can happen when using static variables in C++ that are defined outside of functions. To fix this error, use the 'construct on first use' idiom.
Freeing memory after the leak detector has run. This can happen when using static variables in C++ that are defined outside of functions. To fix this error, use the 'construct on first use' idiom.
Freeing memory after the leak detector has run. This can happen when using static variables in C++ that are defined outside of functions. To fix this error, use the 'construct on first use' idiom.
Freeing memory after the leak detector has run. This can happen when using static variables in C++ that are defined outside of functions. To fix this error, use the 'construct on first use' idiom.
