2026-09-23T07:44:17+0900/hunyuan-rig/start 입력=/home/cbsim/ws/slime-workflow/.tmp/mannequin-report-reproduction/2026-09-23_07-44-16/sculpted-source.blend, /home/cbsim/ws/slime-workflow/.tmp/mannequin-report-reproduction/2026-09-23_07-44-16/inputs/mannequin-motion.npz 출력=/home/cbsim/ws/slime-workflow/.tmp/mannequin-report-reproduction/2026-09-23_07-44-16
2026-09-23T07:44:17+0900/hunyuan-rig/surface-partition head-shell-part
2026-09-23T07:44:17+0900/hunyuan-rig/preserved-surface head-shell-part: 5403
2026-09-23T07:44:17+0900/hunyuan-rig/surface-partition neck-shell-part
2026-09-23T07:44:17+0900/hunyuan-rig/preserved-surface neck-shell-part: 392
2026-09-23T07:44:17+0900/hunyuan-rig/surface-partition chest-shell-part
2026-09-23T07:44:17+0900/hunyuan-rig/preserved-surface chest-shell-part: 3075
2026-09-23T07:44:17+0900/hunyuan-rig/surface-partition abdomen-shell-part
2026-09-23T07:44:17+0900/hunyuan-rig/preserved-surface abdomen-shell-part: 1585
2026-09-23T07:44:17+0900/hunyuan-rig/surface-partition pelvis-shell-part
2026-09-23T07:44:17+0900/hunyuan-rig/preserved-surface pelvis-shell-part: 3048
2026-09-23T07:44:17+0900/hunyuan-rig/surface-partition left-upper-arm-shell
2026-09-23T07:44:17+0900/hunyuan-rig/preserved-surface left-upper-arm-shell: 783
2026-09-23T07:44:17+0900/hunyuan-rig/surface-partition left-forearm-shell
2026-09-23T07:44:18+0900/hunyuan-rig/preserved-surface left-forearm-shell: 1113
2026-09-23T07:44:18+0900/hunyuan-rig/surface-partition left-hand-shell
2026-09-23T07:44:18+0900/hunyuan-rig/preserved-surface left-hand-shell: 1246
2026-09-23T07:44:18+0900/hunyuan-rig/surface-partition left-thigh-shell
2026-09-23T07:44:18+0900/hunyuan-rig/preserved-surface left-thigh-shell: 4634
2026-09-23T07:44:18+0900/hunyuan-rig/surface-partition left-shin-shell
2026-09-23T07:44:18+0900/hunyuan-rig/preserved-surface left-shin-shell: 1620
2026-09-23T07:44:18+0900/hunyuan-rig/surface-partition left-foot-shell
2026-09-23T07:44:18+0900/hunyuan-rig/preserved-surface left-foot-shell: 1798
2026-09-23T07:44:18+0900/hunyuan-rig/surface-partition right-upper-arm-shell
2026-09-23T07:44:18+0900/hunyuan-rig/preserved-surface right-upper-arm-shell: 787
2026-09-23T07:44:18+0900/hunyuan-rig/surface-partition right-forearm-shell
2026-09-23T07:44:18+0900/hunyuan-rig/preserved-surface right-forearm-shell: 1123
2026-09-23T07:44:18+0900/hunyuan-rig/surface-partition right-hand-shell
2026-09-23T07:44:18+0900/hunyuan-rig/preserved-surface right-hand-shell: 1243
2026-09-23T07:44:18+0900/hunyuan-rig/surface-partition right-thigh-shell
2026-09-23T07:44:18+0900/hunyuan-rig/preserved-surface right-thigh-shell: 4634
2026-09-23T07:44:18+0900/hunyuan-rig/surface-partition right-shin-shell
2026-09-23T07:44:19+0900/hunyuan-rig/preserved-surface right-shin-shell: 1638
2026-09-23T07:44:19+0900/hunyuan-rig/surface-partition right-foot-shell
2026-09-23T07:44:19+0900/hunyuan-rig/preserved-surface right-foot-shell: 1775
2026-09-23T07:44:19+0900/hunyuan-rig/weights 구체는 단일 본, 외곽 연결부는 최대 두 본 혼합
2026-09-23T07:44:19+0900/hunyuan-rig/retarget-calibration {'joint-03': -13.383407631329897, 'joint-06': 21.32680780392674, 'joint-09': 34.31701910947553, 'joint-12': -47.75663822168655, 'joint-15': 5.472132353100661}
2026-09-23T07:44:20+0900/hunyuan-rig/rigid-socket-lock 고관절·쇄골 보조 본 고정 및 보행 골반 회전 적용
Info: Saved as "rigged-mannequin.blend"
INFO Draco mesh compression is available, use library at /home/cbsim/ws/slime-workflow/.local/blender-runtime/lib/python3.11/site-packages/bpy/4.5/scripts/addons_core/io_scene_gltf2/libextern_draco.so
07:44:20 | INFO: Starting glTF 2.0 export
07:44:20 | INFO: Extracting primitive: abdomen-shell-part-mesh
07:44:20 | INFO: Primitives created: 1
07:44:20 | INFO: Extracting primitive: chest-shell-part-mesh
07:44:20 | INFO: Primitives created: 1
07:44:20 | INFO: Extracting primitive: Sphere
07:44:20 | INFO: Primitives created: 1
07:44:20 | INFO: Extracting primitive: head-shell-part-mesh
07:44:20 | INFO: Primitives created: 5
07:44:20 | INFO: Extracting primitive: Sphere.006
07:44:20 | INFO: Primitives created: 1
07:44:20 | INFO: Extracting primitive: Sphere.002
07:44:20 | INFO: Primitives created: 1
07:44:20 | INFO: Extracting primitive: left-foot-shell-mesh
07:44:20 | INFO: Primitives created: 1
07:44:20 | INFO: Extracting primitive: left-forearm-shell-mesh
07:44:20 | INFO: Primitives created: 1
07:44:20 | INFO: Extracting primitive: left-hand-shell-mesh
07:44:20 | INFO: Primitives created: 1
07:44:20 | INFO: Extracting primitive: Sphere.004
07:44:20 | INFO: Primitives created: 1
07:44:20 | INFO: Extracting primitive: Sphere.005
07:44:20 | INFO: Primitives created: 1
07:44:20 | INFO: Extracting primitive: left-shin-shell-mesh
07:44:20 | INFO: Primitives created: 1
07:44:20 | INFO: Extracting primitive: Sphere.001
07:44:20 | INFO: Primitives created: 1
07:44:20 | INFO: Extracting primitive: left-thigh-shell-mesh
07:44:20 | INFO: Primitives created: 1
07:44:20 | INFO: Extracting primitive: left-upper-arm-shell-mesh
07:44:20 | INFO: Primitives created: 1
07:44:20 | INFO: Extracting primitive: Sphere.003
07:44:20 | INFO: Primitives created: 1
07:44:20 | INFO: Extracting primitive: neck-shell-part-mesh
07:44:20 | INFO: Primitives created: 1
07:44:20 | INFO: Extracting primitive: pelvis-shell-part-mesh
07:44:20 | INFO: Primitives created: 1
07:44:20 | INFO: Extracting primitive: Sphere.012
07:44:20 | INFO: Primitives created: 1
07:44:20 | INFO: Extracting primitive: Sphere.008
07:44:20 | INFO: Primitives created: 1
07:44:20 | INFO: Extracting primitive: right-foot-shell-mesh
07:44:20 | INFO: Primitives created: 1
07:44:20 | INFO: Extracting primitive: right-forearm-shell-mesh
07:44:20 | INFO: Primitives created: 1
07:44:20 | INFO: Extracting primitive: right-hand-shell-mesh
07:44:20 | INFO: Primitives created: 1
07:44:20 | INFO: Extracting primitive: Sphere.010
07:44:20 | INFO: Primitives created: 1
07:44:20 | INFO: Extracting primitive: Sphere.011
07:44:20 | INFO: Primitives created: 1
07:44:20 | INFO: Extracting primitive: right-shin-shell-mesh
07:44:20 | INFO: Primitives created: 1
07:44:20 | INFO: Extracting primitive: Sphere.007
07:44:20 | INFO: Primitives created: 1
07:44:20 | INFO: Extracting primitive: right-thigh-shell-mesh
07:44:20 | INFO: Primitives created: 1
07:44:20 | INFO: Extracting primitive: right-upper-arm-shell-mesh
07:44:20 | INFO: Primitives created: 1
07:44:20 | INFO: Extracting primitive: Sphere.009
07:44:20 | INFO: Primitives created: 1
07:44:20 | INFO: Finished glTF 2.0 export in 0.2614097595214844 s

2026-09-23T07:44:20+0900/hunyuan-rig/render-skipped 사본 재현은 형상·리그·GLB 수치 검증이며 렌더는 별도 보관본 참조
2026-09-23T07:44:20+0900/hunyuan-rig/complete {'status': 'rigged_ball_joint_candidate', 'source_mesh_sha256': '4015b50c907e68715850aca5d29c9c3f7a45eeddf783da99c42e6fa28138a904', 'source_motion_id': 'mannequin-walk/v1', 'source_motion_sha256': '5ab353ed313a2395c00389f2f94ed3dff9a5d2187dd3f3f4d0f08862ad1866d6', 'bones': 24, 'parts': [{'name': 'head-shell-part', 'bone': 'joint-15', 'kind': 'shell', 'triangles': 14252}, {'name': 'neck-shell-part', 'bone': 'joint-12', 'kind': 'shell', 'triangles': 1192}, {'name': 'chest-shell-part', 'bone': 'joint-09', 'kind': 'shell', 'triangles': 7308}, {'name': 'abdomen-shell-part', 'bone': 'joint-06', 'kind': 'shell', 'triangles': 3724}, {'name': 'pelvis-shell-part', 'bone': 'body-root-control', 'kind': 'shell', 'triangles': 6572}, {'name': 'head-pivot-ball', 'bone': 'joint-15', 'kind': 'ball', 'triangles': 1216}, {'name': 'left-upper-arm-shell', 'bone': 'joint-18', 'kind': 'shell', 'triangles': 1980}, {'name': 'left-forearm-shell', 'bone': 'joint-20', 'kind': 'shell', 'triangles': 2612}, {'name': 'left-hand-shell', 'bone': 'hand-20-deform', 'kind': 'shell', 'triangles': 2632}, {'name': 'left-thigh-shell', 'bone': 'joint-04', 'kind': 'shell', 'triangles': 9548}, {'name': 'left-shin-shell', 'bone': 'joint-07', 'kind': 'shell', 'triangles': 3572}, {'name': 'left-foot-shell', 'bone': 'joint-10', 'kind': 'shell', 'triangles': 3768}, {'name': 'left-shoulder-ball', 'bone': 'joint-18', 'kind': 'ball', 'triangles': 1216}, {'name': 'left-elbow-ball', 'bone': 'joint-20', 'kind': 'ball', 'triangles': 1216}, {'name': 'left-wrist-ball', 'bone': 'hand-20-deform', 'kind': 'ball', 'triangles': 1216}, {'name': 'left-hip-ball', 'bone': 'joint-04', 'kind': 'ball', 'triangles': 1216}, {'name': 'left-knee-ball', 'bone': 'joint-07', 'kind': 'ball', 'triangles': 1216}, {'name': 'left-ankle-ball', 'bone': 'joint-10', 'kind': 'ball', 'triangles': 1216}, {'name': 'right-upper-arm-shell', 'bone': 'joint-19', 'kind': 'shell', 'triangles': 2000}, {'name': 'right-forearm-shell', 'bone': 'joint-21', 'kind': 'shell', 'triangles': 2612}, {'name': 'right-hand-shell', 'bone': 'hand-21-deform', 'kind': 'shell', 'triangles': 2648}, {'name': 'right-thigh-shell', 'bone': 'joint-05', 'kind': 'shell', 'triangles': 9548}, {'name': 'right-shin-shell', 'bone': 'joint-08', 'kind': 'shell', 'triangles': 3580}, {'name': 'right-foot-shell', 'bone': 'joint-11', 'kind': 'shell', 'triangles': 3732}, {'name': 'right-shoulder-ball', 'bone': 'joint-19', 'kind': 'ball', 'triangles': 1216}, {'name': 'right-elbow-ball', 'bone': 'joint-21', 'kind': 'ball', 'triangles': 1216}, {'name': 'right-wrist-ball', 'bone': 'hand-21-deform', 'kind': 'ball', 'triangles': 1216}, {'name': 'right-hip-ball', 'bone': 'joint-05', 'kind': 'ball', 'triangles': 1216}, {'name': 'right-knee-ball', 'bone': 'joint-08', 'kind': 'ball', 'triangles': 1216}, {'name': 'right-ankle-ball', 'bone': 'joint-11', 'kind': 'ball', 'triangles': 1216}], 'weight_method': '내부 구체 강체 고정 + 외곽 연결부 최대 두 본 혼합', 'unweighted_vertices': 0, 'fps': 20, 'cycle_seconds': 1.2, 'ground_offsets': [-0.0332641638815403, -0.028297454118728638, -0.028408311307430267, -0.034574128687381744, -0.047646984457969666, -0.06841424852609634, -0.07607211917638779, -0.07349152117967606, -0.07091692835092545, -0.07209766656160355, -0.05955713987350464, -0.043467629700899124, -0.029648644849658012, -0.024023912847042084, -0.027853863313794136, -0.02431436814367771, -0.03586394712328911, -0.03651638329029083, -0.04899899661540985, -0.04788213595747948, -0.04411649703979492, -0.06574399024248123, -0.05920246243476868, -0.04271623492240906, -0.0332641638815403], 'render_sample_frames': [1, 4, 7, 10, 13, 16, 19, 22], 'quality_warnings': ['디지털 모션 검수용이며 실물 조립용 공차·내부 고정 구조 미설계', '손가락 개별 리그 없음', '극단 각도에서 셸 간 충돌은 추가 검수 필요']}
