2026-09-23T09:21:26.054926/anny-build/heartbeat 리그 구성·GPU 렌더 진행
INFO Draco mesh compression is available, use library at /home/cbsim/ws/slime-workflow/.local/blender-runtime/lib/python3.11/site-packages/bpy/4.5/scripts/addons_core/io_scene_gltf2/libextern_draco.so
09:21:26 | INFO: Starting glTF 2.0 export
09:21:26 | INFO: Extracting primitive: AnnyBodySurface
09:21:26 | INFO: Primitives created: 1
09:21:26 | INFO: Finished glTF 2.0 export in 0.20133686065673828 s
Fra:1 Mem:18.03M (Peak 18.03M) | Time:00:00.10 | Mem:0.00M, Peak:0.00M | Scene, ViewLayer | Synchronizing object | Plane
Fra:1 Mem:18.03M (Peak 18.03M) | Time:00:00.10 | Mem:0.00M, Peak:0.00M | Scene, ViewLayer | Synchronizing object | Area.002
Fra:1 Mem:18.03M (Peak 18.03M) | Time:00:00.10 | Mem:0.00M, Peak:0.00M | Scene, ViewLayer | Synchronizing object | Area.001
Fra:1 Mem:18.03M (Peak 18.03M) | Time:00:00.10 | Mem:0.00M, Peak:0.00M | Scene, ViewLayer | Synchronizing object | Area
Fra:1 Mem:18.03M (Peak 18.03M) | Time:00:00.10 | Mem:0.00M, Peak:0.00M | Scene, ViewLayer | Synchronizing object | AnnyAttributesBody
Fra:1 Mem:19.89M (Peak 19.89M) | Time:00:00.11 | Mem:0.00M, Peak:0.00M | Scene, ViewLayer | Initializing
Fra:1 Mem:17.20M (Peak 19.89M) | Time:00:00.11 | Mem:0.00M, Peak:0.00M | Scene, ViewLayer | Waiting for render to start
Fra:1 Mem:17.20M (Peak 19.89M) | Time:00:00.11 | Mem:0.00M, Peak:0.00M | Scene, ViewLayer | Updating Scene
Fra:1 Mem:17.20M (Peak 19.89M) | Time:00:00.11 | Mem:0.00M, Peak:0.00M | Scene, ViewLayer | Updating Shaders
Fra:1 Mem:17.20M (Peak 19.89M) | Time:00:00.11 | Mem:0.00M, Peak:0.00M | Scene, ViewLayer | Loading render kernels (may take a few minutes the first time)
Fra:1 Mem:17.29M (Peak 45.31M) | Time:00:00.16 | Mem:0.00M, Peak:0.00M | Scene, ViewLayer | Updating Procedurals
Fra:1 Mem:17.29M (Peak 45.31M) | Time:00:00.16 | Mem:0.00M, Peak:0.00M | Scene, ViewLayer | Updating Background
Fra:1 Mem:17.29M (Peak 45.31M) | Time:00:00.16 | Mem:0.00M, Peak:0.00M | Scene, ViewLayer | Updating Camera
Fra:1 Mem:17.29M (Peak 45.31M) | Time:00:00.16 | Mem:0.00M, Peak:0.00M | Scene, ViewLayer | Updating Meshes Flags
Fra:1 Mem:17.29M (Peak 45.31M) | Time:00:00.16 | Mem:0.00M, Peak:0.00M | Scene, ViewLayer | Updating Objects
Fra:1 Mem:17.29M (Peak 45.31M) | Time:00:00.16 | Mem:0.00M, Peak:0.00M | Scene, ViewLayer | Updating Objects | Copying Transformations to device
Fra:1 Mem:17.29M (Peak 45.31M) | Time:00:00.16 | Mem:0.00M, Peak:0.00M | Scene, ViewLayer | Updating Particle Systems
Fra:1 Mem:17.29M (Peak 45.31M) | Time:00:00.16 | Mem:0.00M, Peak:0.00M | Scene, ViewLayer | Updating Particle Systems | Copying Particles to device
Fra:1 Mem:17.29M (Peak 45.31M) | Time:00:00.16 | Mem:0.00M, Peak:0.00M | Scene, ViewLayer | Updating Meshes
Fra:1 Mem:17.29M (Peak 45.31M) | Time:00:00.16 | Mem:0.00M, Peak:0.00M | Scene, ViewLayer | Updating Objects | Applying Static Transformations
Fra:1 Mem:17.29M (Peak 45.31M) | Time:00:00.16 | Mem:0.00M, Peak:0.00M | Scene, ViewLayer | Updating Mesh | Computing attributes
Fra:1 Mem:17.45M (Peak 45.31M) | Time:00:00.16 | Mem:0.00M, Peak:0.00M | Scene, ViewLayer | Updating Mesh | Copying Attributes to device
Fra:1 Mem:17.45M (Peak 45.31M) | Time:00:00.16 | Mem:0.16M, Peak:0.16M | Scene, ViewLayer | Updating Scene BVH | Building
Fra:1 Mem:17.45M (Peak 45.31M) | Time:00:00.16 | Mem:0.16M, Peak:0.16M | Scene, ViewLayer | Updating Scene BVH | Building BVH
Fra:1 Mem:19.02M (Peak 45.31M) | Time:00:00.17 | Mem:0.16M, Peak:0.16M | Scene, ViewLayer | Updating Scene BVH | Packing BVH triangles and strands
Fra:1 Mem:19.12M (Peak 45.31M) | Time:00:00.17 | Mem:0.16M, Peak:0.16M | Scene, ViewLayer | Updating Scene BVH | Packing BVH nodes
Fra:1 Mem:19.13M (Peak 45.31M) | Time:00:00.17 | Mem:0.16M, Peak:0.16M | Scene, ViewLayer | Updating Scene BVH | Copying BVH to device
Fra:1 Mem:19.13M (Peak 45.31M) | Time:00:00.17 | Mem:1.00M, Peak:1.00M | Scene, ViewLayer | Updating Mesh | Computing normals
Fra:1 Mem:19.87M (Peak 45.31M) | Time:00:00.17 | Mem:1.00M, Peak:1.00M | Scene, ViewLayer | Updating Mesh | Copying Mesh to device
Fra:1 Mem:19.87M (Peak 45.31M) | Time:00:00.17 | Mem:1.74M, Peak:1.74M | Scene, ViewLayer | Updating Objects Flags
Fra:1 Mem:19.87M (Peak 45.31M) | Time:00:00.17 | Mem:1.74M, Peak:1.74M | Scene, ViewLayer | Updating Primitive Offsets
Fra:1 Mem:19.87M (Peak 45.31M) | Time:00:00.17 | Mem:1.74M, Peak:1.74M | Scene, ViewLayer | Updating Images
Fra:1 Mem:19.87M (Peak 45.31M) | Time:00:00.17 | Mem:1.74M, Peak:1.74M | Scene, ViewLayer | Updating Camera Volume
Fra:1 Mem:19.87M (Peak 45.31M) | Time:00:00.17 | Mem:1.74M, Peak:1.74M | Scene, ViewLayer | Updating Lookup Tables
Fra:1 Mem:19.87M (Peak 45.31M) | Time:00:00.17 | Mem:1.82M, Peak:1.82M | Scene, ViewLayer | Updating Lights
Fra:1 Mem:19.87M (Peak 45.31M) | Time:00:00.17 | Mem:1.82M, Peak:1.82M | Scene, ViewLayer | Updating Lights | Computing tree
Fra:1 Mem:19.87M (Peak 45.31M) | Time:00:00.17 | Mem:1.82M, Peak:1.82M | Scene, ViewLayer | Updating Integrator
Fra:1 Mem:19.87M (Peak 45.31M) | Time:00:00.17 | Mem:1.82M, Peak:1.82M | Scene, ViewLayer | Updating Film
Fra:1 Mem:19.87M (Peak 45.31M) | Time:00:00.17 | Mem:1.74M, Peak:1.82M | Scene, ViewLayer | Updating Lookup Tables
Fra:1 Mem:19.87M (Peak 45.31M) | Time:00:00.17 | Mem:1.82M, Peak:1.82M | Scene, ViewLayer | Updating Baking
Fra:1 Mem:19.87M (Peak 45.31M) | Time:00:00.17 | Mem:1.82M, Peak:1.82M | Scene, ViewLayer | Updating Device | Writing constant memory
Fra:1 Mem:19.87M (Peak 45.31M) | Time:00:00.17 | Mem:1.82M, Peak:1.82M | Scene, ViewLayer | Loading denoising kernels (may take a few minutes the first time)
Fra:1 Mem:23.88M (Peak 45.31M) | Time:00:00.17 | Mem:353.82M, Peak:353.82M | Scene, ViewLayer | Sample 0/24
Fra:1 Mem:66.67M (Peak 66.67M) | Time:00:00.18 | Remaining:00:00.12 | Mem:396.62M, Peak:396.62M | Scene, ViewLayer | Sample 1/24
Fra:1 Mem:84.69M (Peak 111.72M) | Time:00:01.64 | Mem:396.62M, Peak:396.62M | Scene, ViewLayer | Sample 24/24
Fra:1 Mem:84.69M (Peak 111.72M) | Time:00:01.64 | Mem:396.62M, Peak:396.62M | Scene, ViewLayer | Finished
Saved: '/home/cbsim/ws/slime-workflow/.tmp/anny-neck-refinement/2026-09-23_09-21-20/front.png'
Time: 00:01.79 (Saving: 00:00.06)

Fra:1 Mem:18.03M (Peak 18.03M) | Time:00:00.08 | Mem:0.00M, Peak:0.00M | Scene, ViewLayer | Synchronizing object | Plane
Fra:1 Mem:18.03M (Peak 18.03M) | Time:00:00.08 | Mem:0.00M, Peak:0.00M | Scene, ViewLayer | Synchronizing object | Area.002
Fra:1 Mem:18.03M (Peak 18.03M) | Time:00:00.08 | Mem:0.00M, Peak:0.00M | Scene, ViewLayer | Synchronizing object | Area.001
Fra:1 Mem:18.03M (Peak 18.03M) | Time:00:00.08 | Mem:0.00M, Peak:0.00M | Scene, ViewLayer | Synchronizing object | Area
Fra:1 Mem:18.03M (Peak 18.03M) | Time:00:00.08 | Mem:0.00M, Peak:0.00M | Scene, ViewLayer | Synchronizing object | AnnyAttributesBody
Fra:1 Mem:19.89M (Peak 19.89M) | Time:00:00.08 | Mem:0.00M, Peak:0.00M | Scene, ViewLayer | Initializing
Fra:1 Mem:17.20M (Peak 19.89M) | Time:00:00.08 | Mem:0.00M, Peak:0.00M | Scene, ViewLayer | Waiting for render to start
Fra:1 Mem:17.20M (Peak 19.89M) | Time:00:00.08 | Mem:0.00M, Peak:0.00M | Scene, ViewLayer | Updating Scene
Fra:1 Mem:17.20M (Peak 19.89M) | Time:00:00.08 | Mem:0.00M, Peak:0.00M | Scene, ViewLayer | Updating Shaders
Fra:1 Mem:17.20M (Peak 19.89M) | Time:00:00.08 | Mem:0.00M, Peak:0.00M | Scene, ViewLayer | Loading render kernels (may take a few minutes the first time)
Fra:1 Mem:17.29M (Peak 45.31M) | Time:00:00.12 | Mem:0.00M, Peak:0.00M | Scene, ViewLayer | Updating Procedurals
Fra:1 Mem:17.29M (Peak 45.31M) | Time:00:00.12 | Mem:0.00M, Peak:0.00M | Scene, ViewLayer | Updating Background
Fra:1 Mem:17.29M (Peak 45.31M) | Time:00:00.12 | Mem:0.00M, Peak:0.00M | Scene, ViewLayer | Updating Camera
Fra:1 Mem:17.29M (Peak 45.31M) | Time:00:00.12 | Mem:0.00M, Peak:0.00M | Scene, ViewLayer | Updating Meshes Flags
Fra:1 Mem:17.29M (Peak 45.31M) | Time:00:00.12 | Mem:0.00M, Peak:0.00M | Scene, ViewLayer | Updating Objects
Fra:1 Mem:17.29M (Peak 45.31M) | Time:00:00.12 | Mem:0.00M, Peak:0.00M | Scene, ViewLayer | Updating Objects | Copying Transformations to device
Fra:1 Mem:17.29M (Peak 45.31M) | Time:00:00.12 | Mem:0.00M, Peak:0.00M | Scene, ViewLayer | Updating Particle Systems
Fra:1 Mem:17.29M (Peak 45.31M) | Time:00:00.12 | Mem:0.00M, Peak:0.00M | Scene, ViewLayer | Updating Particle Systems | Copying Particles to device
Fra:1 Mem:17.29M (Peak 45.31M) | Time:00:00.12 | Mem:0.00M, Peak:0.00M | Scene, ViewLayer | Updating Meshes
Fra:1 Mem:17.29M (Peak 45.31M) | Time:00:00.12 | Mem:0.00M, Peak:0.00M | Scene, ViewLayer | Updating Objects | Applying Static Transformations
Fra:1 Mem:17.29M (Peak 45.31M) | Time:00:00.12 | Mem:0.00M, Peak:0.00M | Scene, ViewLayer | Updating Mesh | Computing attributes
Fra:1 Mem:17.45M (Peak 45.31M) | Time:00:00.12 | Mem:0.00M, Peak:0.00M | Scene, ViewLayer | Updating Mesh | Copying Attributes to device
Fra:1 Mem:17.45M (Peak 45.31M) | Time:00:00.12 | Mem:0.16M, Peak:0.16M | Scene, ViewLayer | Updating Scene BVH | Building
Fra:1 Mem:17.45M (Peak 45.31M) | Time:00:00.12 | Mem:0.16M, Peak:0.16M | Scene, ViewLayer | Updating Scene BVH | Building BVH
Fra:1 Mem:19.02M (Peak 45.31M) | Time:00:00.12 | Mem:0.16M, Peak:0.16M | Scene, ViewLayer | Updating Scene BVH | Packing BVH triangles and strands
Fra:1 Mem:19.12M (Peak 45.31M) | Time:00:00.12 | Mem:0.16M, Peak:0.16M | Scene, ViewLayer | Updating Scene BVH | Packing BVH nodes
Fra:1 Mem:19.13M (Peak 45.31M) | Time:00:00.12 | Mem:0.16M, Peak:0.16M | Scene, ViewLayer | Updating Scene BVH | Copying BVH to device
Fra:1 Mem:19.13M (Peak 45.31M) | Time:00:00.12 | Mem:1.00M, Peak:1.00M | Scene, ViewLayer | Updating Mesh | Computing normals
Fra:1 Mem:19.87M (Peak 45.31M) | Time:00:00.12 | Mem:1.00M, Peak:1.00M | Scene, ViewLayer | Updating Mesh | Copying Mesh to device
Fra:1 Mem:19.87M (Peak 45.31M) | Time:00:00.12 | Mem:1.74M, Peak:1.74M | Scene, ViewLayer | Updating Objects Flags
Fra:1 Mem:19.87M (Peak 45.31M) | Time:00:00.12 | Mem:1.74M, Peak:1.74M | Scene, ViewLayer | Updating Primitive Offsets
Fra:1 Mem:19.87M (Peak 45.31M) | Time:00:00.12 | Mem:1.74M, Peak:1.74M | Scene, ViewLayer | Updating Images
Fra:1 Mem:19.87M (Peak 45.31M) | Time:00:00.12 | Mem:1.74M, Peak:1.74M | Scene, ViewLayer | Updating Camera Volume
Fra:1 Mem:19.87M (Peak 45.31M) | Time:00:00.12 | Mem:1.74M, Peak:1.74M | Scene, ViewLayer | Updating Lookup Tables
Fra:1 Mem:19.87M (Peak 45.31M) | Time:00:00.12 | Mem:1.82M, Peak:1.82M | Scene, ViewLayer | Updating Lights
Fra:1 Mem:19.87M (Peak 45.31M) | Time:00:00.12 | Mem:1.82M, Peak:1.82M | Scene, ViewLayer | Updating Lights | Computing tree
Fra:1 Mem:19.87M (Peak 45.31M) | Time:00:00.12 | Mem:1.82M, Peak:1.82M | Scene, ViewLayer | Updating Integrator
Fra:1 Mem:19.87M (Peak 45.31M) | Time:00:00.12 | Mem:1.82M, Peak:1.82M | Scene, ViewLayer | Updating Film
Fra:1 Mem:19.87M (Peak 45.31M) | Time:00:00.13 | Mem:1.74M, Peak:1.82M | Scene, ViewLayer | Updating Lookup Tables
Fra:1 Mem:19.87M (Peak 45.31M) | Time:00:00.13 | Mem:1.82M, Peak:1.82M | Scene, ViewLayer | Updating Baking
Fra:1 Mem:19.87M (Peak 45.31M) | Time:00:00.13 | Mem:1.82M, Peak:1.82M | Scene, ViewLayer | Updating Device | Writing constant memory
Fra:1 Mem:19.87M (Peak 45.31M) | Time:00:00.13 | Mem:1.82M, Peak:1.82M | Scene, ViewLayer | Loading denoising kernels (may take a few minutes the first time)
Fra:1 Mem:23.88M (Peak 45.31M) | Time:00:00.13 | Mem:353.82M, Peak:353.82M | Scene, ViewLayer | Sample 0/24
Fra:1 Mem:66.67M (Peak 66.67M) | Time:00:00.13 | Remaining:00:00.09 | Mem:396.62M, Peak:396.62M | Scene, ViewLayer | Sample 1/24
Fra:1 Mem:84.69M (Peak 111.72M) | Time:00:01.54 | Mem:396.62M, Peak:396.62M | Scene, ViewLayer | Sample 24/24
Fra:1 Mem:84.69M (Peak 111.72M) | Time:00:01.54 | Mem:396.62M, Peak:396.62M | Scene, ViewLayer | Finished
Saved: '/home/cbsim/ws/slime-workflow/.tmp/anny-neck-refinement/2026-09-23_09-21-20/side.png'
Time: 00:01.73 (Saving: 00:00.09)

Fra:1 Mem:18.03M (Peak 18.03M) | Time:00:00.07 | Mem:0.00M, Peak:0.00M | Scene, ViewLayer | Synchronizing object | Plane
Fra:1 Mem:18.03M (Peak 18.03M) | Time:00:00.07 | Mem:0.00M, Peak:0.00M | Scene, ViewLayer | Synchronizing object | Area.002
Fra:1 Mem:18.03M (Peak 18.03M) | Time:00:00.07 | Mem:0.00M, Peak:0.00M | Scene, ViewLayer | Synchronizing object | Area.001
Fra:1 Mem:18.03M (Peak 18.03M) | Time:00:00.08 | Mem:0.00M, Peak:0.00M | Scene, ViewLayer | Synchronizing object | Area
Fra:1 Mem:18.03M (Peak 18.03M) | Time:00:00.08 | Mem:0.00M, Peak:0.00M | Scene, ViewLayer | Synchronizing object | AnnyAttributesBody
Fra:1 Mem:19.89M (Peak 19.89M) | Time:00:00.08 | Mem:0.00M, Peak:0.00M | Scene, ViewLayer | Initializing
Fra:1 Mem:17.20M (Peak 19.89M) | Time:00:00.08 | Mem:0.00M, Peak:0.00M | Scene, ViewLayer | Waiting for render to start
Fra:1 Mem:17.20M (Peak 19.89M) | Time:00:00.08 | Mem:0.00M, Peak:0.00M | Scene, ViewLayer | Updating Scene
Fra:1 Mem:17.20M (Peak 19.89M) | Time:00:00.08 | Mem:0.00M, Peak:0.00M | Scene, ViewLayer | Updating Shaders
Fra:1 Mem:17.20M (Peak 19.89M) | Time:00:00.08 | Mem:0.00M, Peak:0.00M | Scene, ViewLayer | Loading render kernels (may take a few minutes the first time)
Fra:1 Mem:17.29M (Peak 45.31M) | Time:00:00.11 | Mem:0.00M, Peak:0.00M | Scene, ViewLayer | Updating Procedurals
Fra:1 Mem:17.29M (Peak 45.31M) | Time:00:00.11 | Mem:0.00M, Peak:0.00M | Scene, ViewLayer | Updating Background
Fra:1 Mem:17.29M (Peak 45.31M) | Time:00:00.11 | Mem:0.00M, Peak:0.00M | Scene, ViewLayer | Updating Camera
Fra:1 Mem:17.29M (Peak 45.31M) | Time:00:00.11 | Mem:0.00M, Peak:0.00M | Scene, ViewLayer | Updating Meshes Flags
Fra:1 Mem:17.29M (Peak 45.31M) | Time:00:00.11 | Mem:0.00M, Peak:0.00M | Scene, ViewLayer | Updating Objects
Fra:1 Mem:17.29M (Peak 45.31M) | Time:00:00.11 | Mem:0.00M, Peak:0.00M | Scene, ViewLayer | Updating Objects | Copying Transformations to device
Fra:1 Mem:17.29M (Peak 45.31M) | Time:00:00.11 | Mem:0.00M, Peak:0.00M | Scene, ViewLayer | Updating Particle Systems
Fra:1 Mem:17.29M (Peak 45.31M) | Time:00:00.11 | Mem:0.00M, Peak:0.00M | Scene, ViewLayer | Updating Particle Systems | Copying Particles to device
Fra:1 Mem:17.29M (Peak 45.31M) | Time:00:00.11 | Mem:0.00M, Peak:0.00M | Scene, ViewLayer | Updating Meshes
Fra:1 Mem:17.29M (Peak 45.31M) | Time:00:00.11 | Mem:0.00M, Peak:0.00M | Scene, ViewLayer | Updating Objects | Applying Static Transformations
Fra:1 Mem:17.29M (Peak 45.31M) | Time:00:00.11 | Mem:0.00M, Peak:0.00M | Scene, ViewLayer | Updating Mesh | Computing attributes
Fra:1 Mem:17.45M (Peak 45.31M) | Time:00:00.11 | Mem:0.00M, Peak:0.00M | Scene, ViewLayer | Updating Mesh | Copying Attributes to device
Fra:1 Mem:17.45M (Peak 45.31M) | Time:00:00.11 | Mem:0.16M, Peak:0.16M | Scene, ViewLayer | Updating Scene BVH | Building
Fra:1 Mem:17.45M (Peak 45.31M) | Time:00:00.11 | Mem:0.16M, Peak:0.16M | Scene, ViewLayer | Updating Scene BVH | Building BVH
Fra:1 Mem:19.02M (Peak 45.31M) | Time:00:00.12 | Mem:0.16M, Peak:0.16M | Scene, ViewLayer | Updating Scene BVH | Packing BVH triangles and strands
Fra:1 Mem:19.12M (Peak 45.31M) | Time:00:00.12 | Mem:0.16M, Peak:0.16M | Scene, ViewLayer | Updating Scene BVH | Packing BVH nodes
Fra:1 Mem:19.13M (Peak 45.31M) | Time:00:00.12 | Mem:0.16M, Peak:0.16M | Scene, ViewLayer | Updating Scene BVH | Copying BVH to device
Fra:1 Mem:19.13M (Peak 45.31M) | Time:00:00.12 | Mem:1.00M, Peak:1.00M | Scene, ViewLayer | Updating Mesh | Computing normals
Fra:1 Mem:19.87M (Peak 45.31M) | Time:00:00.12 | Mem:1.00M, Peak:1.00M | Scene, ViewLayer | Updating Mesh | Copying Mesh to device
Fra:1 Mem:19.87M (Peak 45.31M) | Time:00:00.12 | Mem:1.74M, Peak:1.74M | Scene, ViewLayer | Updating Objects Flags
Fra:1 Mem:19.87M (Peak 45.31M) | Time:00:00.12 | Mem:1.74M, Peak:1.74M | Scene, ViewLayer | Updating Primitive Offsets
Fra:1 Mem:19.87M (Peak 45.31M) | Time:00:00.12 | Mem:1.74M, Peak:1.74M | Scene, ViewLayer | Updating Images
Fra:1 Mem:19.87M (Peak 45.31M) | Time:00:00.12 | Mem:1.74M, Peak:1.74M | Scene, ViewLayer | Updating Camera Volume
Fra:1 Mem:19.87M (Peak 45.31M) | Time:00:00.12 | Mem:1.74M, Peak:1.74M | Scene, ViewLayer | Updating Lookup Tables
Fra:1 Mem:19.87M (Peak 45.31M) | Time:00:00.12 | Mem:1.82M, Peak:1.82M | Scene, ViewLayer | Updating Lights
Fra:1 Mem:19.87M (Peak 45.31M) | Time:00:00.12 | Mem:1.82M, Peak:1.82M | Scene, ViewLayer | Updating Lights | Computing tree
Fra:1 Mem:19.87M (Peak 45.31M) | Time:00:00.12 | Mem:1.82M, Peak:1.82M | Scene, ViewLayer | Updating Integrator
Fra:1 Mem:19.87M (Peak 45.31M) | Time:00:00.12 | Mem:1.82M, Peak:1.82M | Scene, ViewLayer | Updating Film
Fra:1 Mem:19.87M (Peak 45.31M) | Time:00:00.12 | Mem:1.74M, Peak:1.82M | Scene, ViewLayer | Updating Lookup Tables
Fra:1 Mem:19.87M (Peak 45.31M) | Time:00:00.12 | Mem:1.82M, Peak:1.82M | Scene, ViewLayer | Updating Baking
Fra:1 Mem:19.87M (Peak 45.31M) | Time:00:00.12 | Mem:1.82M, Peak:1.82M | Scene, ViewLayer | Updating Device | Writing constant memory
Fra:1 Mem:19.87M (Peak 45.31M) | Time:00:00.12 | Mem:1.82M, Peak:1.82M | Scene, ViewLayer | Loading denoising kernels (may take a few minutes the first time)
Fra:1 Mem:23.88M (Peak 45.31M) | Time:00:00.12 | Mem:353.82M, Peak:353.82M | Scene, ViewLayer | Sample 0/24
Fra:1 Mem:66.67M (Peak 66.67M) | Time:00:00.13 | Remaining:00:00.11 | Mem:396.62M, Peak:396.62M | Scene, ViewLayer | Sample 1/24

Info: Saved as "anny-reference-fit-rig.blend"
2026-09-23T09:21:31.055782/anny-build/heartbeat 리그 구성·GPU 렌더 진행
Fra:1 Mem:84.69M (Peak 111.72M) | Time:00:01.53 | Mem:396.62M, Peak:396.62M | Scene, ViewLayer | Sample 24/24
Fra:1 Mem:84.69M (Peak 111.72M) | Time:00:01.53 | Mem:396.62M, Peak:396.62M | Scene, ViewLayer | Finished
Saved: '/home/cbsim/ws/slime-workflow/.tmp/anny-neck-refinement/2026-09-23_09-21-20/back.png'
Time: 00:01.65 (Saving: 00:00.03)

Fra:1 Mem:18.03M (Peak 18.03M) | Time:00:00.08 | Mem:0.00M, Peak:0.00M | Scene, ViewLayer | Synchronizing object | Plane
Fra:1 Mem:18.03M (Peak 18.03M) | Time:00:00.08 | Mem:0.00M, Peak:0.00M | Scene, ViewLayer | Synchronizing object | AnnyAttributesBody
Fra:1 Mem:18.03M (Peak 18.03M) | Time:00:00.08 | Mem:0.00M, Peak:0.00M | Scene, ViewLayer | Synchronizing object | Area.002
Fra:1 Mem:18.03M (Peak 18.03M) | Time:00:00.08 | Mem:0.00M, Peak:0.00M | Scene, ViewLayer | Synchronizing object | Area.001
Fra:1 Mem:18.03M (Peak 18.03M) | Time:00:00.08 | Mem:0.00M, Peak:0.00M | Scene, ViewLayer | Synchronizing object | Area
Fra:1 Mem:19.89M (Peak 19.89M) | Time:00:00.08 | Mem:0.00M, Peak:0.00M | Scene, ViewLayer | Initializing
Fra:1 Mem:17.20M (Peak 19.89M) | Time:00:00.08 | Mem:0.00M, Peak:0.00M | Scene, ViewLayer | Waiting for render to start
Fra:1 Mem:17.20M (Peak 19.89M) | Time:00:00.08 | Mem:0.00M, Peak:0.00M | Scene, ViewLayer | Updating Scene
Fra:1 Mem:17.20M (Peak 19.89M) | Time:00:00.08 | Mem:0.00M, Peak:0.00M | Scene, ViewLayer | Updating Shaders
Fra:1 Mem:17.20M (Peak 19.89M) | Time:00:00.08 | Mem:0.00M, Peak:0.00M | Scene, ViewLayer | Loading render kernels (may take a few minutes the first time)
Fra:1 Mem:17.29M (Peak 45.31M) | Time:00:00.12 | Mem:0.00M, Peak:0.00M | Scene, ViewLayer | Updating Procedurals
Fra:1 Mem:17.29M (Peak 45.31M) | Time:00:00.12 | Mem:0.00M, Peak:0.00M | Scene, ViewLayer | Updating Background
Fra:1 Mem:17.29M (Peak 45.31M) | Time:00:00.12 | Mem:0.00M, Peak:0.00M | Scene, ViewLayer | Updating Camera
Fra:1 Mem:17.29M (Peak 45.31M) | Time:00:00.12 | Mem:0.00M, Peak:0.00M | Scene, ViewLayer | Updating Meshes Flags
Fra:1 Mem:17.29M (Peak 45.31M) | Time:00:00.12 | Mem:0.00M, Peak:0.00M | Scene, ViewLayer | Updating Objects
Fra:1 Mem:17.29M (Peak 45.31M) | Time:00:00.12 | Mem:0.00M, Peak:0.00M | Scene, ViewLayer | Updating Objects | Copying Transformations to device
Fra:1 Mem:17.29M (Peak 45.31M) | Time:00:00.12 | Mem:0.00M, Peak:0.00M | Scene, ViewLayer | Updating Particle Systems
Fra:1 Mem:17.29M (Peak 45.31M) | Time:00:00.12 | Mem:0.00M, Peak:0.00M | Scene, ViewLayer | Updating Particle Systems | Copying Particles to device
Fra:1 Mem:17.29M (Peak 45.31M) | Time:00:00.12 | Mem:0.00M, Peak:0.00M | Scene, ViewLayer | Updating Meshes
Fra:1 Mem:17.29M (Peak 45.31M) | Time:00:00.12 | Mem:0.00M, Peak:0.00M | Scene, ViewLayer | Updating Objects | Applying Static Transformations
Fra:1 Mem:17.29M (Peak 45.31M) | Time:00:00.12 | Mem:0.00M, Peak:0.00M | Scene, ViewLayer | Updating Mesh | Computing attributes
Fra:1 Mem:17.45M (Peak 45.31M) | Time:00:00.12 | Mem:0.00M, Peak:0.00M | Scene, ViewLayer | Updating Mesh | Copying Attributes to device
Fra:1 Mem:17.45M (Peak 45.31M) | Time:00:00.12 | Mem:0.16M, Peak:0.16M | Scene, ViewLayer | Updating Scene BVH | Building
Fra:1 Mem:17.45M (Peak 45.31M) | Time:00:00.12 | Mem:0.16M, Peak:0.16M | Scene, ViewLayer | Updating Scene BVH | Building BVH
Fra:1 Mem:19.02M (Peak 45.31M) | Time:00:00.12 | Mem:0.16M, Peak:0.16M | Scene, ViewLayer | Updating Scene BVH | Packing BVH triangles and strands
Fra:1 Mem:19.12M (Peak 45.31M) | Time:00:00.12 | Mem:0.16M, Peak:0.16M | Scene, ViewLayer | Updating Scene BVH | Packing BVH nodes
Fra:1 Mem:19.13M (Peak 45.31M) | Time:00:00.12 | Mem:0.16M, Peak:0.16M | Scene, ViewLayer | Updating Scene BVH | Copying BVH to device
Fra:1 Mem:19.13M (Peak 45.31M) | Time:00:00.12 | Mem:1.00M, Peak:1.00M | Scene, ViewLayer | Updating Mesh | Computing normals
Fra:1 Mem:19.87M (Peak 45.31M) | Time:00:00.12 | Mem:1.00M, Peak:1.00M | Scene, ViewLayer | Updating Mesh | Copying Mesh to device
Fra:1 Mem:19.87M (Peak 45.31M) | Time:00:00.12 | Mem:1.74M, Peak:1.74M | Scene, ViewLayer | Updating Objects Flags
Fra:1 Mem:19.87M (Peak 45.31M) | Time:00:00.12 | Mem:1.74M, Peak:1.74M | Scene, ViewLayer | Updating Primitive Offsets
Fra:1 Mem:19.87M (Peak 45.31M) | Time:00:00.12 | Mem:1.74M, Peak:1.74M | Scene, ViewLayer | Updating Images
Fra:1 Mem:19.87M (Peak 45.31M) | Time:00:00.12 | Mem:1.74M, Peak:1.74M | Scene, ViewLayer | Updating Camera Volume
Fra:1 Mem:19.87M (Peak 45.31M) | Time:00:00.12 | Mem:1.74M, Peak:1.74M | Scene, ViewLayer | Updating Lookup Tables
Fra:1 Mem:19.87M (Peak 45.31M) | Time:00:00.12 | Mem:1.82M, Peak:1.82M | Scene, ViewLayer | Updating Lights
Fra:1 Mem:19.87M (Peak 45.31M) | Time:00:00.12 | Mem:1.82M, Peak:1.82M | Scene, ViewLayer | Updating Lights | Computing tree
Fra:1 Mem:19.87M (Peak 45.31M) | Time:00:00.12 | Mem:1.82M, Peak:1.82M | Scene, ViewLayer | Updating Integrator
Fra:1 Mem:19.87M (Peak 45.31M) | Time:00:00.12 | Mem:1.82M, Peak:1.82M | Scene, ViewLayer | Updating Film
Fra:1 Mem:19.87M (Peak 45.31M) | Time:00:00.12 | Mem:1.74M, Peak:1.82M | Scene, ViewLayer | Updating Lookup Tables
Fra:1 Mem:19.87M (Peak 45.31M) | Time:00:00.12 | Mem:1.82M, Peak:1.82M | Scene, ViewLayer | Updating Baking
Fra:1 Mem:19.87M (Peak 45.31M) | Time:00:00.12 | Mem:1.82M, Peak:1.82M | Scene, ViewLayer | Updating Device | Writing constant memory
Fra:1 Mem:19.87M (Peak 45.31M) | Time:00:00.12 | Mem:1.82M, Peak:1.82M | Scene, ViewLayer | Loading denoising kernels (may take a few minutes the first time)
Fra:1 Mem:23.88M (Peak 45.31M) | Time:00:00.13 | Mem:353.82M, Peak:353.82M | Scene, ViewLayer | Sample 0/24
Fra:1 Mem:66.67M (Peak 66.67M) | Time:00:00.14 | Remaining:00:00.20 | Mem:396.62M, Peak:396.62M | Scene, ViewLayer | Sample 1/24
Fra:1 Mem:84.69M (Peak 111.72M) | Time:00:01.64 | Mem:396.62M, Peak:396.62M | Scene, ViewLayer | Sample 24/24
Fra:1 Mem:84.69M (Peak 111.72M) | Time:00:01.64 | Mem:396.62M, Peak:396.62M | Scene, ViewLayer | Finished
Saved: '/home/cbsim/ws/slime-workflow/.tmp/anny-neck-refinement/2026-09-23_09-21-20/three-quarter.png'
Time: 00:01.76 (Saving: 00:00.03)

Fra:13 Mem:18.03M (Peak 18.03M) | Time:00:00.07 | Mem:0.00M, Peak:0.00M | Scene, ViewLayer | Synchronizing object | Plane
Fra:13 Mem:18.03M (Peak 18.03M) | Time:00:00.07 | Mem:0.00M, Peak:0.00M | Scene, ViewLayer | Synchronizing object | Area.002
Fra:13 Mem:18.03M (Peak 18.03M) | Time:00:00.07 | Mem:0.00M, Peak:0.00M | Scene, ViewLayer | Synchronizing object | Area.001
Fra:13 Mem:18.03M (Peak 18.03M) | Time:00:00.07 | Mem:0.00M, Peak:0.00M | Scene, ViewLayer | Synchronizing object | Area
Fra:13 Mem:18.03M (Peak 18.03M) | Time:00:00.07 | Mem:0.00M, Peak:0.00M | Scene, ViewLayer | Synchronizing object | AnnyAttributesBody
Fra:13 Mem:19.89M (Peak 19.89M) | Time:00:00.07 | Mem:0.00M, Peak:0.00M | Scene, ViewLayer | Initializing
Fra:13 Mem:17.20M (Peak 19.89M) | Time:00:00.07 | Mem:0.00M, Peak:0.00M | Scene, ViewLayer | Waiting for render to start
Fra:13 Mem:17.20M (Peak 19.89M) | Time:00:00.07 | Mem:0.00M, Peak:0.00M | Scene, ViewLayer | Updating Scene
Fra:13 Mem:17.20M (Peak 19.89M) | Time:00:00.07 | Mem:0.00M, Peak:0.00M | Scene, ViewLayer | Updating Shaders
Fra:13 Mem:17.20M (Peak 19.89M) | Time:00:00.07 | Mem:0.00M, Peak:0.00M | Scene, ViewLayer | Loading render kernels (may take a few minutes the first time)
Fra:13 Mem:17.29M (Peak 45.31M) | Time:00:00.11 | Mem:0.00M, Peak:0.00M | Scene, ViewLayer | Updating Procedurals
Fra:13 Mem:17.29M (Peak 45.31M) | Time:00:00.11 | Mem:0.00M, Peak:0.00M | Scene, ViewLayer | Updating Background
Fra:13 Mem:17.29M (Peak 45.31M) | Time:00:00.11 | Mem:0.00M, Peak:0.00M | Scene, ViewLayer | Updating Camera
Fra:13 Mem:17.29M (Peak 45.31M) | Time:00:00.11 | Mem:0.00M, Peak:0.00M | Scene, ViewLayer | Updating Meshes Flags
Fra:13 Mem:17.29M (Peak 45.31M) | Time:00:00.11 | Mem:0.00M, Peak:0.00M | Scene, ViewLayer | Updating Objects
Fra:13 Mem:17.29M (Peak 45.31M) | Time:00:00.11 | Mem:0.00M, Peak:0.00M | Scene, ViewLayer | Updating Objects | Copying Transformations to device
Fra:13 Mem:17.29M (Peak 45.31M) | Time:00:00.11 | Mem:0.00M, Peak:0.00M | Scene, ViewLayer | Updating Particle Systems
Fra:13 Mem:17.29M (Peak 45.31M) | Time:00:00.11 | Mem:0.00M, Peak:0.00M | Scene, ViewLayer | Updating Particle Systems | Copying Particles to device
Fra:13 Mem:17.29M (Peak 45.31M) | Time:00:00.11 | Mem:0.00M, Peak:0.00M | Scene, ViewLayer | Updating Meshes
Fra:13 Mem:17.29M (Peak 45.31M) | Time:00:00.11 | Mem:0.00M, Peak:0.00M | Scene, ViewLayer | Updating Objects | Applying Static Transformations
Fra:13 Mem:17.29M (Peak 45.31M) | Time:00:00.11 | Mem:0.00M, Peak:0.00M | Scene, ViewLayer | Updating Mesh | Computing attributes
Fra:13 Mem:17.45M (Peak 45.31M) | Time:00:00.11 | Mem:0.00M, Peak:0.00M | Scene, ViewLayer | Updating Mesh | Copying Attributes to device
Fra:13 Mem:17.45M (Peak 45.31M) | Time:00:00.11 | Mem:0.16M, Peak:0.16M | Scene, ViewLayer | Updating Scene BVH | Building
Fra:13 Mem:17.45M (Peak 45.31M) | Time:00:00.11 | Mem:0.16M, Peak:0.16M | Scene, ViewLayer | Updating Scene BVH | Building BVH
Fra:13 Mem:19.02M (Peak 45.31M) | Time:00:00.12 | Mem:0.16M, Peak:0.16M | Scene, ViewLayer | Updating Scene BVH | Packing BVH triangles and strands
Fra:13 Mem:19.12M (Peak 45.31M) | Time:00:00.12 | Mem:0.16M, Peak:0.16M | Scene, ViewLayer | Updating Scene BVH | Packing BVH nodes
Fra:13 Mem:19.13M (Peak 45.31M) | Time:00:00.12 | Mem:0.16M, Peak:0.16M | Scene, ViewLayer | Updating Scene BVH | Copying BVH to device
Fra:13 Mem:19.13M (Peak 45.31M) | Time:00:00.12 | Mem:1.00M, Peak:1.00M | Scene, ViewLayer | Updating Mesh | Computing normals
Fra:13 Mem:19.86M (Peak 45.31M) | Time:00:00.12 | Mem:1.00M, Peak:1.00M | Scene, ViewLayer | Updating Mesh | Copying Mesh to device
Fra:13 Mem:19.86M (Peak 45.31M) | Time:00:00.12 | Mem:1.73M, Peak:1.73M | Scene, ViewLayer | Updating Objects Flags
Fra:13 Mem:19.86M (Peak 45.31M) | Time:00:00.12 | Mem:1.73M, Peak:1.73M | Scene, ViewLayer | Updating Primitive Offsets
Fra:13 Mem:19.86M (Peak 45.31M) | Time:00:00.12 | Mem:1.73M, Peak:1.73M | Scene, ViewLayer | Updating Images
Fra:13 Mem:19.86M (Peak 45.31M) | Time:00:00.12 | Mem:1.73M, Peak:1.73M | Scene, ViewLayer | Updating Camera Volume
Fra:13 Mem:19.86M (Peak 45.31M) | Time:00:00.12 | Mem:1.73M, Peak:1.73M | Scene, ViewLayer | Updating Lookup Tables
Fra:13 Mem:19.86M (Peak 45.31M) | Time:00:00.12 | Mem:1.81M, Peak:1.81M | Scene, ViewLayer | Updating Lights
Fra:13 Mem:19.86M (Peak 45.31M) | Time:00:00.12 | Mem:1.81M, Peak:1.81M | Scene, ViewLayer | Updating Lights | Computing tree
Fra:13 Mem:19.86M (Peak 45.31M) | Time:00:00.12 | Mem:1.81M, Peak:1.81M | Scene, ViewLayer | Updating Integrator
Fra:13 Mem:19.86M (Peak 45.31M) | Time:00:00.12 | Mem:1.81M, Peak:1.81M | Scene, ViewLayer | Updating Film
Fra:13 Mem:19.86M (Peak 45.31M) | Time:00:00.12 | Mem:1.73M, Peak:1.81M | Scene, ViewLayer | Updating Lookup Tables
Fra:13 Mem:19.86M (Peak 45.31M) | Time:00:00.12 | Mem:1.82M, Peak:1.82M | Scene, ViewLayer | Updating Baking
Fra:13 Mem:19.86M (Peak 45.31M) | Time:00:00.12 | Mem:1.82M, Peak:1.82M | Scene, ViewLayer | Updating Device | Writing constant memory
Fra:13 Mem:19.87M (Peak 45.31M) | Time:00:00.12 | Mem:1.82M, Peak:1.82M | Scene, ViewLayer | Loading denoising kernels (may take a few minutes the first time)
Fra:13 Mem:23.87M (Peak 45.31M) | Time:00:00.12 | Mem:353.82M, Peak:353.82M | Scene, ViewLayer | Sample 0/24
Fra:13 Mem:66.66M (Peak 66.66M) | Time:00:00.13 | Remaining:00:00.11 | Mem:396.61M, Peak:396.61M | Scene, ViewLayer | Sample 1/24
Fra:13 Mem:84.68M (Peak 111.71M) | Time:00:01.55 | Mem:396.61M, Peak:396.61M | Scene, ViewLayer | Sample 24/24
Fra:13 Mem:84.68M (Peak 111.71M) | Time:00:01.55 | Mem:396.61M, Peak:396.61M | Scene, ViewLayer | Finished
Saved: '/home/cbsim/ws/slime-workflow/.tmp/anny-neck-refinement/2026-09-23_09-21-20/pose-front.png'
Time: 00:01.66 (Saving: 00:00.03)

Fra:13 Mem:18.03M (Peak 18.03M) | Time:00:00.07 | Mem:0.00M, Peak:0.00M | Scene, ViewLayer | Synchronizing object | AnnyAttributesBody
Fra:13 Mem:18.03M (Peak 18.03M) | Time:00:00.07 | Mem:0.00M, Peak:0.00M | Scene, ViewLayer | Synchronizing object | Area.002
Fra:13 Mem:19.89M (Peak 19.89M) | Time:00:00.07 | Mem:0.00M, Peak:0.00M | Scene, ViewLayer | Initializing
Fra:13 Mem:17.20M (Peak 19.89M) | Time:00:00.07 | Mem:0.00M, Peak:0.00M | Scene, ViewLayer | Waiting for render to start
Fra:13 Mem:17.20M (Peak 19.89M) | Time:00:00.07 | Mem:0.00M, Peak:0.00M | Scene, ViewLayer | Updating Scene
Fra:13 Mem:17.20M (Peak 19.89M) | Time:00:00.07 | Mem:0.00M, Peak:0.00M | Scene, ViewLayer | Updating Shaders
Fra:13 Mem:17.20M (Peak 19.89M) | Time:00:00.07 | Mem:0.00M, Peak:0.00M | Scene, ViewLayer | Loading render kernels (may take a few minutes the first time)
Fra:13 Mem:17.29M (Peak 45.31M) | Time:00:00.11 | Mem:0.00M, Peak:0.00M | Scene, ViewLayer | Updating Procedurals
Fra:13 Mem:17.29M (Peak 45.31M) | Time:00:00.11 | Mem:0.00M, Peak:0.00M | Scene, ViewLayer | Updating Background
Fra:13 Mem:17.29M (Peak 45.31M) | Time:00:00.11 | Mem:0.00M, Peak:0.00M | Scene, ViewLayer | Updating Camera
Fra:13 Mem:17.29M (Peak 45.31M) | Time:00:00.11 | Mem:0.00M, Peak:0.00M | Scene, ViewLayer | Updating Meshes Flags
Fra:13 Mem:17.29M (Peak 45.31M) | Time:00:00.11 | Mem:0.00M, Peak:0.00M | Scene, ViewLayer | Updating Objects
Fra:13 Mem:17.29M (Peak 45.31M) | Time:00:00.11 | Mem:0.00M, Peak:0.00M | Scene, ViewLayer | Updating Objects | Copying Transformations to device
Fra:13 Mem:17.29M (Peak 45.31M) | Time:00:00.11 | Mem:0.00M, Peak:0.00M | Scene, ViewLayer | Updating Particle Systems
Fra:13 Mem:17.29M (Peak 45.31M) | Time:00:00.11 | Mem:0.00M, Peak:0.00M | Scene, ViewLayer | Updating Particle Systems | Copying Particles to device
Fra:13 Mem:17.29M (Peak 45.31M) | Time:00:00.11 | Mem:0.00M, Peak:0.00M | Scene, ViewLayer | Updating Meshes
Fra:13 Mem:17.29M (Peak 45.31M) | Time:00:00.11 | Mem:0.00M, Peak:0.00M | Scene, ViewLayer | Updating Objects | Applying Static Transformations
Fra:13 Mem:17.29M (Peak 45.31M) | Time:00:00.11 | Mem:0.00M, Peak:0.00M | Scene, ViewLayer | Updating Mesh | Computing attributes
Fra:13 Mem:17.45M (Peak 45.31M) | Time:00:00.11 | Mem:0.00M, Peak:0.00M | Scene, ViewLayer | Updating Mesh | Copying Attributes to device
Fra:13 Mem:17.45M (Peak 45.31M) | Time:00:00.11 | Mem:0.16M, Peak:0.16M | Scene, ViewLayer | Updating Scene BVH | Building
Fra:13 Mem:17.45M (Peak 45.31M) | Time:00:00.11 | Mem:0.16M, Peak:0.16M | Scene, ViewLayer | Updating Scene BVH | Building BVH
Fra:13 Mem:19.02M (Peak 45.31M) | Time:00:00.12 | Mem:0.16M, Peak:0.16M | Scene, ViewLayer | Updating Scene BVH | Packing BVH triangles and strands
Fra:13 Mem:19.12M (Peak 45.31M) | Time:00:00.12 | Mem:0.16M, Peak:0.16M | Scene, ViewLayer | Updating Scene BVH | Packing BVH nodes
Fra:13 Mem:19.13M (Peak 45.31M) | Time:00:00.12 | Mem:0.16M, Peak:0.16M | Scene, ViewLayer | Updating Scene BVH | Copying BVH to device
Fra:13 Mem:19.13M (Peak 45.31M) | Time:00:00.12 | Mem:1.00M, Peak:1.00M | Scene, ViewLayer | Updating Mesh | Computing normals
Fra:13 Mem:19.86M (Peak 45.31M) | Time:00:00.12 | Mem:1.00M, Peak:1.00M | Scene, ViewLayer | Updating Mesh | Copying Mesh to device
Fra:13 Mem:19.86M (Peak 45.31M) | Time:00:00.12 | Mem:1.73M, Peak:1.73M | Scene, ViewLayer | Updating Objects Flags
Fra:13 Mem:19.86M (Peak 45.31M) | Time:00:00.12 | Mem:1.73M, Peak:1.73M | Scene, ViewLayer | Updating Primitive Offsets
Fra:13 Mem:19.86M (Peak 45.31M) | Time:00:00.12 | Mem:1.73M, Peak:1.73M | Scene, ViewLayer | Updating Images
Fra:13 Mem:19.86M (Peak 45.31M) | Time:00:00.12 | Mem:1.73M, Peak:1.73M | Scene, ViewLayer | Updating Camera Volume
Fra:13 Mem:19.86M (Peak 45.31M) | Time:00:00.12 | Mem:1.73M, Peak:1.73M | Scene, ViewLayer | Updating Lookup Tables
Fra:13 Mem:19.86M (Peak 45.31M) | Time:00:00.12 | Mem:1.81M, Peak:1.81M | Scene, ViewLayer | Updating Lights
Fra:13 Mem:19.86M (Peak 45.31M) | Time:00:00.12 | Mem:1.81M, Peak:1.81M | Scene, ViewLayer | Updating Lights | Computing tree
Fra:13 Mem:19.86M (Peak 45.31M) | Time:00:00.12 | Mem:1.81M, Peak:1.81M | Scene, ViewLayer | Updating Integrator
Fra:13 Mem:19.86M (Peak 45.31M) | Time:00:00.12 | Mem:1.81M, Peak:1.81M | Scene, ViewLayer | Updating Film
Fra:13 Mem:19.86M (Peak 45.31M) | Time:00:00.12 | Mem:1.73M, Peak:1.81M | Scene, ViewLayer | Updating Lookup Tables
Fra:13 Mem:19.86M (Peak 45.31M) | Time:00:00.12 | Mem:1.82M, Peak:1.82M | Scene, ViewLayer | Updating Baking
Fra:13 Mem:19.86M (Peak 45.31M) | Time:00:00.12 | Mem:1.82M, Peak:1.82M | Scene, ViewLayer | Updating Device | Writing constant memory
Fra:13 Mem:19.87M (Peak 45.31M) | Time:00:00.12 | Mem:1.82M, Peak:1.82M | Scene, ViewLayer | Loading denoising kernels (may take a few minutes the first time)
Fra:13 Mem:23.87M (Peak 45.31M) | Time:00:00.12 | Mem:353.82M, Peak:353.82M | Scene, ViewLayer | Sample 0/24
Fra:13 Mem:66.66M (Peak 66.66M) | Time:00:00.12 | Remaining:00:00.10 | Mem:396.61M, Peak:396.61M | Scene, ViewLayer | Sample 1/24
2026-09-23T09:21:36.055977/anny-build/heartbeat 리그 구성·GPU 렌더 진행
Fra:13 Mem:84.69M (Peak 111.71M) | Time:00:01.56 | Mem:396.61M, Peak:396.61M | Scene, ViewLayer | Sample 24/24
Fra:13 Mem:84.69M (Peak 111.71M) | Time:00:01.56 | Mem:396.61M, Peak:396.61M | Scene, ViewLayer | Finished
Saved: '/home/cbsim/ws/slime-workflow/.tmp/anny-neck-refinement/2026-09-23_09-21-20/pose-side.png'
Time: 00:01.68 (Saving: 00:00.03)

{'status': 'passed', 'rest_max_error': 1.1920928955078125e-07, 'weight_sum_max_error': 1.1920928955078125e-07, 'frames': 25, 'bones': 104, 'triangles': 27420, 'motion_source': '수동 관절 가동 검사, 보행 리타게팅 아님', 'height': 1.6}
Fra:1 Mem:17.99M (Peak 17.99M) | Time:00:00.07 | Mem:0.00M, Peak:0.00M | Scene, ViewLayer | Synchronizing object | Area.002
Fra:1 Mem:17.99M (Peak 17.99M) | Time:00:00.07 | Mem:0.00M, Peak:0.00M | Scene, ViewLayer | Synchronizing object | Area.001
Fra:1 Mem:17.99M (Peak 17.99M) | Time:00:00.07 | Mem:0.00M, Peak:0.00M | Scene, ViewLayer | Synchronizing object | Area
Fra:1 Mem:17.99M (Peak 17.99M) | Time:00:00.07 | Mem:0.00M, Peak:0.00M | Scene, ViewLayer | Synchronizing object | AnnyAttributesBody
Fra:1 Mem:19.85M (Peak 19.85M) | Time:00:00.07 | Mem:0.00M, Peak:0.00M | Scene, ViewLayer | Initializing
Fra:1 Mem:17.20M (Peak 19.85M) | Time:00:00.07 | Mem:0.00M, Peak:0.00M | Scene, ViewLayer | Waiting for render to start
Fra:1 Mem:17.20M (Peak 19.85M) | Time:00:00.07 | Mem:0.00M, Peak:0.00M | Scene, ViewLayer | Updating Scene
Fra:1 Mem:17.20M (Peak 19.85M) | Time:00:00.07 | Mem:0.00M, Peak:0.00M | Scene, ViewLayer | Updating Shaders
Fra:1 Mem:17.20M (Peak 19.85M) | Time:00:00.07 | Mem:0.00M, Peak:0.00M | Scene, ViewLayer | Loading render kernels (may take a few minutes the first time)
Fra:1 Mem:17.29M (Peak 45.31M) | Time:00:00.11 | Mem:0.00M, Peak:0.00M | Scene, ViewLayer | Updating Procedurals
Fra:1 Mem:17.29M (Peak 45.31M) | Time:00:00.11 | Mem:0.00M, Peak:0.00M | Scene, ViewLayer | Updating Background
Fra:1 Mem:17.29M (Peak 45.31M) | Time:00:00.11 | Mem:0.00M, Peak:0.00M | Scene, ViewLayer | Updating Camera
Fra:1 Mem:17.29M (Peak 45.31M) | Time:00:00.11 | Mem:0.00M, Peak:0.00M | Scene, ViewLayer | Updating Meshes Flags
Fra:1 Mem:17.29M (Peak 45.31M) | Time:00:00.11 | Mem:0.00M, Peak:0.00M | Scene, ViewLayer | Updating Objects
Fra:1 Mem:17.29M (Peak 45.31M) | Time:00:00.11 | Mem:0.00M, Peak:0.00M | Scene, ViewLayer | Updating Objects | Copying Transformations to device
Fra:1 Mem:17.29M (Peak 45.31M) | Time:00:00.11 | Mem:0.00M, Peak:0.00M | Scene, ViewLayer | Updating Particle Systems
Fra:1 Mem:17.29M (Peak 45.31M) | Time:00:00.11 | Mem:0.00M, Peak:0.00M | Scene, ViewLayer | Updating Particle Systems | Copying Particles to device
Fra:1 Mem:17.29M (Peak 45.31M) | Time:00:00.11 | Mem:0.00M, Peak:0.00M | Scene, ViewLayer | Updating Meshes
Fra:1 Mem:17.29M (Peak 45.31M) | Time:00:00.11 | Mem:0.00M, Peak:0.00M | Scene, ViewLayer | Updating Objects | Applying Static Transformations
Fra:1 Mem:17.29M (Peak 45.31M) | Time:00:00.11 | Mem:0.00M, Peak:0.00M | Scene, ViewLayer | Updating Mesh | Computing attributes
Fra:1 Mem:17.45M (Peak 45.31M) | Time:00:00.11 | Mem:0.00M, Peak:0.00M | Scene, ViewLayer | Updating Mesh | Copying Attributes to device
Fra:1 Mem:17.45M (Peak 45.31M) | Time:00:00.11 | Mem:0.16M, Peak:0.16M | Scene, ViewLayer | Updating Scene BVH | Building
Fra:1 Mem:17.45M (Peak 45.31M) | Time:00:00.11 | Mem:0.16M, Peak:0.16M | Scene, ViewLayer | Updating Scene BVH | Building BVH
Fra:1 Mem:19.01M (Peak 45.31M) | Time:00:00.11 | Mem:0.16M, Peak:0.16M | Scene, ViewLayer | Updating Scene BVH | Packing BVH triangles and strands
Fra:1 Mem:19.12M (Peak 45.31M) | Time:00:00.11 | Mem:0.16M, Peak:0.16M | Scene, ViewLayer | Updating Scene BVH | Packing BVH nodes
Fra:1 Mem:19.13M (Peak 45.31M) | Time:00:00.11 | Mem:0.16M, Peak:0.16M | Scene, ViewLayer | Updating Scene BVH | Copying BVH to device
Fra:1 Mem:19.13M (Peak 45.31M) | Time:00:00.11 | Mem:1.00M, Peak:1.00M | Scene, ViewLayer | Updating Mesh | Computing normals
Fra:1 Mem:19.86M (Peak 45.31M) | Time:00:00.11 | Mem:1.00M, Peak:1.00M | Scene, ViewLayer | Updating Mesh | Copying Mesh to device
Fra:1 Mem:19.86M (Peak 45.31M) | Time:00:00.11 | Mem:1.73M, Peak:1.73M | Scene, ViewLayer | Updating Objects Flags
Fra:1 Mem:19.86M (Peak 45.31M) | Time:00:00.11 | Mem:1.73M, Peak:1.73M | Scene, ViewLayer | Updating Primitive Offsets
Fra:1 Mem:19.86M (Peak 45.31M) | Time:00:00.11 | Mem:1.73M, Peak:1.73M | Scene, ViewLayer | Updating Images
Fra:1 Mem:19.86M (Peak 45.31M) | Time:00:00.11 | Mem:1.73M, Peak:1.73M | Scene, ViewLayer | Updating Camera Volume
Fra:1 Mem:19.86M (Peak 45.31M) | Time:00:00.11 | Mem:1.73M, Peak:1.73M | Scene, ViewLayer | Updating Lookup Tables
Fra:1 Mem:19.86M (Peak 45.31M) | Time:00:00.11 | Mem:1.82M, Peak:1.82M | Scene, ViewLayer | Updating Lights
Fra:1 Mem:19.86M (Peak 45.31M) | Time:00:00.11 | Mem:1.82M, Peak:1.82M | Scene, ViewLayer | Updating Lights | Computing tree
Fra:1 Mem:19.86M (Peak 45.31M) | Time:00:00.11 | Mem:1.82M, Peak:1.82M | Scene, ViewLayer | Updating Integrator
Fra:1 Mem:19.86M (Peak 45.31M) | Time:00:00.11 | Mem:1.82M, Peak:1.82M | Scene, ViewLayer | Updating Film
Fra:1 Mem:19.87M (Peak 45.31M) | Time:00:00.11 | Mem:1.74M, Peak:1.82M | Scene, ViewLayer | Updating Lookup Tables
Fra:1 Mem:19.87M (Peak 45.31M) | Time:00:00.11 | Mem:1.82M, Peak:1.82M | Scene, ViewLayer | Updating Baking
Fra:1 Mem:19.87M (Peak 45.31M) | Time:00:00.11 | Mem:1.82M, Peak:1.82M | Scene, ViewLayer | Updating Device | Writing constant memory
Fra:1 Mem:19.87M (Peak 45.31M) | Time:00:00.11 | Mem:1.82M, Peak:1.82M | Scene, ViewLayer | Loading denoising kernels (may take a few minutes the first time)
Fra:1 Mem:23.87M (Peak 45.31M) | Time:00:00.12 | Mem:353.82M, Peak:353.82M | Scene, ViewLayer | Sample 0/24
Fra:1 Mem:99.87M (Peak 99.87M) | Time:00:00.13 | Remaining:00:00.16 | Mem:429.82M, Peak:429.82M | Scene, ViewLayer | Sample 1/24
Fra:1 Mem:131.88M (Peak 179.88M) | Time:00:02.59 | Mem:429.82M, Peak:429.82M | Scene, ViewLayer | Sample 24/24
Fra:1 Mem:131.88M (Peak 179.88M) | Time:00:02.59 | Mem:429.82M, Peak:429.82M | Scene, ViewLayer | Finished
Saved: '/home/cbsim/ws/slime-workflow/.tmp/anny-neck-refinement/2026-09-23_09-21-20/overlay-front.png'
Time: 00:02.73 (Saving: 00:00.04)

